













Starting Julia...
               _
   _       _ _(_)_     |  Documentation: https://docs.julialang.org
  (_)     | (_) (_)    |
   _ _   _| |_  __ _   |  Type "?" for help, "]?" for Pkg help.
  | | | | | | |/ _` |  |
 _/ |\__'_|_|_|\__'_|  |  Official https://julialang.org/ release
|__/                   |
(v1.2) pkg> add LinearMaps
  Updating registry at `C:\Users\cheny\.juliapro\JuliaPro_v1.2.0-1\registries\JuliaPro`
  Updating git-repo `https://pkg.juliacomputing.com//registry/JuliaPro`
 Resolving package versions... Installed LinearMaps ─ v2.5.1  Updating `C:\Users\cheny\.juliapro\JuliaPro_v1.2.0-1\environments\v1.2\Project.toml`  [7a12625a] + LinearMaps v2.5.1
  Updating `C:\Users\cheny\.juliapro\JuliaPro_v1.2.0-1\environments\v1.2\Manifest.toml`
  [7a12625a] + LinearMaps v2.5.1

(v1.2) pkg>

[ Info: Precompiling LinearMaps [7a12625a-238d-50fd-b39a-03d52299707e]
[ Info: Precompiling Parameters [d96e819e-fc66-5662-9728-84c9c7592b0a]
(v1.2) pkg>

julia>
julia>
  evals/sample:     198

julia>
julia>

julia> @benchmark @unpack a,b,c,d = t1
BenchmarkTools.Trial:
  memory estimate:  0 bytes
  allocs estimate:  0
  --------------
  minimum time:     49.239 ns (0.00% GC)
  median time:      49.746 ns (0.00% GC)
  mean time:        50.046 ns (0.00% GC)
  maximum time:     131.408 ns (0.00% GC)
  --------------
  samples:          10000
  evals/sample:     987
julia> a
ERROR: UndefVarError: a not defined

julia> @benchmark g1(u,v,w)
BenchmarkTools.Trial:
  memory estimate:  2.67 KiB
  allocs estimate:  5
  --------------
  minimum time:     438.191 ns (0.00% GC)
  median time:      455.271 ns (0.00% GC)
  mean time:        530.998 ns (12.49% GC)
  maximum time:     4.059 μs (86.59% GC)
  --------------
  samples:          10000
  evals/sample:     199

julia> @benchmark g(t1,u,v,w)
BenchmarkTools.Trial:
  memory estimate:  2.67 KiB
  allocs estimate:  5
  --------------
  minimum time:     436.364 ns (0.00% GC)
  median time:      459.591 ns (0.00% GC)
  mean time:        535.674 ns (12.46% GC)
  maximum time:     4.301 μs (80.31% GC)
  --------------
  samples:          10000
  evals/sample:     198
julia>
julia>

julia> @benchmark g1(u,v,w)
BenchmarkTools.Trial:
  memory estimate:  2.67 KiB
  allocs estimate:  5
  --------------
  minimum time:     440.404 ns (0.00% GC)
  median time:      468.692 ns (0.00% GC)
  mean time:        552.061 ns (12.91% GC)
  maximum time:     5.641 μs (88.06% GC)
  --------------

julia> @benchmark g2(u,v,w,a,b,c)
BenchmarkTools.Trial:
  memory estimate:  2.63 KiB
  allocs estimate:  3
  --------------
  minimum time:     196.465 ns (0.00% GC)
  median time:      227.802 ns (0.00% GC)
  mean time:        286.275 ns (18.64% GC)
  maximum time:     1.715 μs (83.95% GC)
  --------------
  evals/sample:     651

julia>
julia>

julia> @benchmark g3(u,v,w,a,b,c,f1,f2)
BenchmarkTools.Trial:
  memory estimate:  1.75 KiB
  allocs estimate:  2
  --------------
  minimum time:     143.349 ns (0.00% GC)
  median time:      160.570 ns (0.00% GC)
  mean time:        200.460 ns (18.00% GC)
  maximum time:     1.272 μs (79.66% GC)
  --------------
  evals/sample:     842

julia> @benchmark g3(u,v,w,a,b,c,f1,f2)
BenchmarkTools.Trial:
  memory estimate:  2.63 KiB
  allocs estimate:  3
  --------------
  minimum time:     199.376 ns (0.00% GC)
  median time:      227.456 ns (0.00% GC)
  mean time:        285.783 ns (18.33% GC)
  maximum time:     1.613 μs (0.00% GC)
  --------------
  samples:          10000
  evals/sample:     641

julia>
julia>

julia> @benchmark g4(u,v,w,a,b,c)
BenchmarkTools.Trial:
  memory estimate:  1.75 KiB
  allocs estimate:  2
  --------------
  minimum time:     139.162 ns (0.00% GC)
  median time:      161.190 ns (0.00% GC)
  mean time:        203.391 ns (18.28% GC)
  maximum time:     1.418 μs (47.44% GC)
  --------------
  samples:          10000
  evals/sample:     858

julia>
julia> @benchmark g4(u,v,w,a,b,c,f1,f2)
BenchmarkTools.Trial:
  memory estimate:  1.75 KiB
  allocs estimate:  2
  --------------
  minimum time:     144.757 ns (0.00% GC)
  median time:      163.015 ns (0.00% GC)
  maximum time:     1.830 μs (81.46% GC)
  --------------
  evals/sample:     849

julia> @benchmark f1(a,b,c)
BenchmarkTools.Trial:
  memory estimate:  896 bytes
  allocs estimate:  1
  --------------
  minimum time:     75.360 ns (0.00% GC)
  median time:      83.061 ns (0.00% GC)
  mean time:        103.908 ns (17.98% GC)
  maximum time:     770.021 ns (87.31% GC)
  --------------
  samples:          10000
  evals/sample:     974
julia> @benchmark f2(a,b,c)
BenchmarkTools.Trial:
  memory estimate:  896 bytes
  allocs estimate:  1
  --------------
  minimum time:     75.930 ns (0.00% GC)
  median time:      85.124 ns (0.00% GC)
  mean time:        107.693 ns (18.17% GC)
  maximum time:     981.921 ns (80.08% GC)
  --------------
  samples:          10000
  evals/sample:     968

 julia>

julia> @benchmark f1_test(a,b,c)
BenchmarkTools.Trial:
  memory estimate:  896 bytes
  allocs estimate:  1
  --------------
  minimum time:     92.678 ns (0.00% GC)
  median time:      98.744 ns (0.00% GC)
  mean time:        119.408 ns (15.15% GC)
  maximum time:     1.066 μs (82.29% GC)
  --------------
  samples:          10000
julia>

julia>
julia> @benchmark f1_test(a,b,c)
BenchmarkTools.Trial:
  memory estimate:  0 bytes
  allocs estimate:  0
  --------------
  minimum time:     33.200 ns (0.00% GC)
  median time:      33.603 ns (0.00% GC)
  mean time:        33.912 ns (0.00% GC)
  maximum time:     97.686 ns (0.00% GC)
  --------------
  samples:          10000
  evals/sample:     994

julia>
julia> @benchmark f1_test(a,b,c)
BenchmarkTools.Trial:
  memory estimate:  0 bytes
  allocs estimate:  0
  --------------
  minimum time:     33.802 ns (0.00% GC)
  median time:      33.902 ns (0.00% GC)
  mean time:        34.100 ns (0.00% GC)
  maximum time:     106.942 ns (0.00% GC)
  --------------
  evals/sample:     994

julia>
julia>

julia> @benchmark f2_test
BenchmarkTools.Trial:
  memory estimate:  0 bytes
  allocs estimate:  0
  --------------
  minimum time:     0.001 ns (0.00% GC)
  median time:      0.001 ns (0.00% GC)
  mean time:        0.023 ns (0.00% GC)
  maximum time:     0.101 ns (0.00% GC)
  --------------
  samples:          10000
  evals/sample:     1000

julia> @benchmark f2_test(a,b,c)
BenchmarkTools.Trial:
  memory estimate:  0 bytes
  allocs estimate:  0
  --------------
  minimum time:     34.305 ns (0.00% GC)
  median time:      34.406 ns (0.00% GC)
  mean time:        34.587 ns (0.00% GC)
  maximum time:     93.160 ns (0.00% GC)
  --------------
  evals/sample:     994

julia>
julia>

julia> @benchmark g2(u,v,w,a,b,c)
BenchmarkTools.Trial:
  memory estimate:  2.63 KiB
  allocs estimate:  3
  --------------
  minimum time:     197.565 ns (0.00% GC)
  median time:      228.350 ns (0.00% GC)
  mean time:        288.392 ns (19.19% GC)
  maximum time:     2.144 μs (51.28% GC)
  --------------
  evals/sample:     575

julia> @benchmark g2_test(u,v,w,a,b,c)
BenchmarkTools.Trial:
  memory estimate:  896 bytes
  allocs estimate:  1
  --------------
  minimum time:     110.294 ns (0.00% GC)
  median time:      115.061 ns (0.00% GC)
  mean time:        137.257 ns (14.19% GC)
  maximum time:     1.058 μs (86.10% GC)
  --------------
  samples:          10000
  evals/sample:     923

julia>
julia>

julia> @benchmark g3_test(u,v,w,a,b,c)
BenchmarkTools.Trial:
  memory estimate:  0 bytes
  allocs estimate:  0
  --------------
  minimum time:     74.820 ns (0.00% GC)
  median time:      75.128 ns (0.00% GC)
  mean time:        75.649 ns (0.00% GC)
  maximum time:     206.064 ns (0.00% GC)
  --------------
  samples:          10000
  evals/sample:     973

julia>
julia>

julia> @benchmakr g_test(t1,u,v,w)
ERROR: LoadError: UndefVarError: @benchmakr not defined
in expression starting at none:1

julia> @benchmark g_test(t1,u,v,w)
BenchmarkTools.Trial:
  memory estimate:  48 bytes
  allocs estimate:  2
  --------------
  minimum time:     317.167 ns (0.00% GC)
  median time:      319.742 ns (0.00% GC)
  mean time:        328.380 ns (1.85% GC)
  maximum time:     12.821 μs (96.81% GC)
  --------------
  samples:          10000
  evals/sample:     233

julia> @benchmark g(t1,u,v,w)
BenchmarkTools.Trial:
  memory estimate:  2.67 KiB
  allocs estimate:  5
  --------------
  minimum time:     434.848 ns (0.00% GC)
  median time:      461.616 ns (0.00% GC)
  mean time:        538.747 ns (12.69% GC)
  maximum time:     4.688 μs (83.21% GC)
  --------------
  samples:          10000
  evals/sample:     198

julia> g(t1,u,v,w) == g_test(t2,u,v,w)
ERROR: UndefVarError: t2 not defined
Stacktrace:
 [1] top-level scope at none:0

julia> g(t1,u,v,w) == g_test(t1,u,v,w)
false

julia> g(t1,u,v,w)
100-element Array{Float64,1}:
 -4.992301156167895
 -4.815217770122866
  1.0167643057647584
 -1.1740420369225322
 -2.6623426085412576
  0.3801705425644126
  0.8913692646841614
 -2.2235527397211214
  1.7312891896729317
  0.1003181166251757
  0.175230976170399
 -1.4945966770595693
 -0.4234879181325094
  1.0852591372834004
  ⋮
  2.7102185869954747
  0.7401604595479614
 -0.17326742006057994
  0.02911948918033224
  0.3538654549701592
 -1.3133736031575187
  0.4797260611177154
 -1.0825323249472476
 -0.3316660859321048
  0.25037279725944395
  4.599317228951825
  0.10439067757999487
 -0.6164595269073002
  1.7019128499049292

julia> g_test(t1,u,v,w)
100-element Array{Float64,1}:
  2.0896037982284343
 12.977005958023403
  0.08027987267139373
  9.819461802406572
  9.146460337814412
  1.558517946639047
  4.700730569223147
  3.090932178597415
  4.5846130343480755
  0.044926054819276036
  3.014319509191854
  1.9818661261757244
  0.2330929580832703
  1.200010591865102
  ⋮
  5.863417237004249
  1.5419837916408081
  2.446581730128856
  0.039291846720692
  0.04825497892813163
  0.6127547275033882
  0.12460418502340032
  0.7908869729657472
  0.07708276318044618
  0.5450019724388023
  1.669171512603886
  0.07953601887373672
  0.05541551749465055
  4.179306284357992

julia> u = f1(test,a,b,c)
ERROR: UndefVarError: test not defined
Stacktrace:
 [1] top-level scope at none:0

julia> u = f1_test(a,b,c)
100-element Array{Float64,1}:
  3.453574280639767
  1.3366837889128615
 -3.5885330806133475
  0.37466213594123055
  0.8803136074151239
 -0.304524724384917
 -0.41112603074743315
  1.264744201217125
 -0.8085712120263214
 -0.47329316069274385
  0.10092906224121356
  1.061663422698736
 -0.8771552114461654
  0.990697144836457
  ⋮
  1.1192546818011588
 -0.5960545072525067
 -0.11077379760429806
 -0.14690363144441448
 -1.6108945154251189
 -1.6778183816315506
  1.3590235973290081
  1.2172608726757974
 -1.194599774416294
  0.3391470973549071
  3.559941679059893
 -0.3701517373132829
 -2.618718836084882
  0.8325018693014703

julia> v = f2_test(a,b,c)
100-element Array{Float64,1}:
 -1.4455461937373133
 -3.6023611642953575
 -0.28333703018030265
 -3.133602049145132
 -3.024311547743455
 -1.2484061625284646
 -2.1681168255477257
 -1.7581047120684863
 -2.141170949351797
 -0.21195767223499137
  1.7361795728529505
 -1.4077876708423485
  0.48279701540426934
  1.095449949502533
  ⋮
  2.421449408309876
 -1.2417663997873385
  1.5641552768599594
 -0.19822171102251135
 -0.21967015939387768
  0.7827865146407341
  0.35299317985394607
 -0.8893182630339642
  0.27763782735867637
  0.7382424889145858
  1.2919642071682504
 -0.2820213092547028
  0.2354050073695344
  2.0443351692807106

julia> w .= u .* v
100-element Array{Float64,1}:
  2.0896037982284343
 12.977005958023403
  0.08027987267139373
  9.819461802406572
  9.146460337814412
  1.558517946639047
  4.700730569223147
  3.090932178597415
  4.5846130343480755
  0.044926054819276036
  3.014319509191854
  1.9818661261757244
  0.2330929580832703
  1.200010591865102
  ⋮
  5.863417237004249
  1.5419837916408081
  2.446581730128856
  0.039291846720692
  0.04825497892813163
  0.6127547275033882
  0.12460418502340032
  0.7908869729657472
  0.07708276318044618
  0.5450019724388023
  1.669171512603886
  0.07953601887373672
  0.05541551749465055
  4.179306284357992

julia> g(t1,u,v,w)
100-element Array{Float64,1}:
 -4.992301156167895
 -4.815217770122866
  1.0167643057647584
 -1.1740420369225322
 -2.6623426085412576
  0.3801705425644126
  0.8913692646841614
 -2.2235527397211214
  1.7312891896729317
  0.1003181166251757
  0.175230976170399
 -1.4945966770595693
 -0.4234879181325094
  1.0852591372834004
  ⋮
  2.7102185869954747
  0.7401604595479614
 -0.17326742006057994
  0.02911948918033224
  0.3538654549701592
 -1.3133736031575187
  0.4797260611177154
 -1.0825323249472476
 -0.3316660859321048
  0.25037279725944395
  4.599317228951825
  0.10439067757999487
 -0.6164595269073002
  1.7019128499049292

100-element Array{Float64,1}:
  2.0896037982284343
 12.977005958023403
  0.08027987267139373
  9.819461802406572
  9.146460337814412
  1.558517946639047
  4.700730569223147
  3.090932178597415
  4.5846130343480755
  0.044926054819276036
  3.014319509191854
  1.9818661261757244
  0.2330929580832703
  1.200010591865102
  ⋮
  5.863417237004249
  1.5419837916408081
  2.446581730128856
  0.039291846720692
  0.04825497892813163
  0.6127547275033882
  0.12460418502340032
  0.7908869729657472
  0.07708276318044618
  0.5450019724388023
  1.669171512603886
  0.07953601887373672
  0.05541551749465055
  4.179306284357992

julia>
julia>

julia> u1 = f1(a,b,c)
100-element Array{Float64,1}:
  3.453574280639767
  1.3366837889128615
 -3.5885330806133475
  0.37466213594123055
  0.8803136074151239
 -0.304524724384917
 -0.41112603074743315
  1.264744201217125
 -0.8085712120263214
 -0.47329316069274385
  0.10092906224121356
  1.061663422698736
 -0.8771552114461654
  0.990697144836457
  ⋮
  1.1192546818011588
 -0.5960545072525067
 -0.11077379760429806
 -0.14690363144441448
 -1.6108945154251189
 -1.6778183816315506
  1.3590235973290081
  1.2172608726757974
 -1.194599774416294
  0.3391470973549071
  3.559941679059893
 -0.3701517373132829
 -2.618718836084882
  0.8325018693014703

julia> u2 = f1_test(a,b,c)
100-element Array{Float64,1}:
  3.453574280639767
  1.3366837889128615
 -3.5885330806133475
  0.37466213594123055
  0.8803136074151239
 -0.304524724384917
 -0.41112603074743315
  1.264744201217125
 -0.8085712120263214
 -0.47329316069274385
  0.10092906224121356
  1.061663422698736
 -0.8771552114461654
  0.990697144836457
  ⋮
  1.1192546818011588
 -0.5960545072525067
 -0.11077379760429806
 -0.14690363144441448
 -1.6108945154251189
 -1.6778183816315506
  1.3590235973290081
  1.2172608726757974
 -1.194599774416294
  0.3391470973549071
  3.559941679059893
 -0.3701517373132829
 -2.618718836084882
  0.8325018693014703

julia> v1 = f2(a,b,c)
100-element Array{Float64,1}:
 -1.4455461937373133
 -3.6023611642953575
 -0.28333703018030265
 -3.133602049145132
 -3.024311547743455
 -1.2484061625284646
 -2.1681168255477257
 -1.7581047120684863
 -2.141170949351797
 -0.21195767223499137
  1.7361795728529505
 -1.4077876708423485
  0.48279701540426934
  1.095449949502533
  ⋮
  2.421449408309876
 -1.2417663997873385
  1.5641552768599594
 -0.19822171102251135
 -0.21967015939387768
  0.7827865146407341
  0.35299317985394607
 -0.8893182630339642
  0.27763782735867637
  0.7382424889145858
  1.2919642071682504
 -0.2820213092547028
  0.2354050073695344
  2.0443351692807106

julia> v2 = f2_test(a,b,c)
100-element Array{Float64,1}:
 -1.4455461937373133
 -3.6023611642953575
 -0.28333703018030265
 -3.133602049145132
 -3.024311547743455
 -1.2484061625284646
 -2.1681168255477257
 -1.7581047120684863
 -2.141170949351797
 -0.21195767223499137
  1.7361795728529505
 -1.4077876708423485
  0.48279701540426934
  1.095449949502533
  ⋮
  2.421449408309876
 -1.2417663997873385
  1.5641552768599594
 -0.19822171102251135
 -0.21967015939387768
  0.7827865146407341
  0.35299317985394607
 -0.8893182630339642
  0.27763782735867637
  0.7382424889145858
  1.2919642071682504
 -0.2820213092547028
  0.2354050073695344
  2.0443351692807106

julia> u1 + v1 = u2 + v2
ERROR: error in method definition: function Base.+ must be explicitly imported to be extended
Stacktrace:
 [1] top-level scope at none:0 (repeats 2 times)

julia> u1 + v1 == u2 + v2
false

julia> u1 + v1
100-element Array{Float64,1}:
  2.0080280869024536
 -2.265677375382496
 -3.87187011079365
 -2.7589399132039016
 -2.1439979403283314
 -1.5529308869133815
 -2.579242856295159
 -0.49336051085136123
 -2.9497421613781185
 -0.6852508329277353
  1.837108635094164
 -0.3461242481436124
 -0.39435819604189604
  2.08614709433899
  ⋮
  3.540704090111035
 -1.8378209070398452
  1.4533814792556612
 -0.34512534246692583
 -1.8305646748189965
 -0.8950318669908165
  1.7120167771829542
  0.3279426096418332
 -0.9169619470576176
  1.0773895862694929
  4.851905886228144
 -0.6521730465679857
 -2.3833138287153477
  2.876837038582181

julia> u2 + v2
100-element Array{Float64,1}:
 -2.8910923874746266
 -7.204722328590715
 -0.5666740603606053
 -6.267204098290264
 -6.04862309548691
 -2.496812325056929
 -4.336233651095451
 -3.5162094241369726
 -4.282341898703594
 -0.42391534446998275
  3.472359145705901
 -2.815575341684697
  0.9655940308085387
  2.190899899005066
  ⋮
  4.842898816619752
 -2.483532799574677
  3.1283105537199187
 -0.3964434220450227
 -0.43934031878775537
  1.5655730292814682
  0.7059863597078921
 -1.7786365260679284
  0.5552756547173527
  1.4764849778291715
  2.583928414336501
 -0.5640426185094056
  0.4708100147390688
  4.088670338561421

julia> u1 == u2
false

100-element Array{Float64,1}:
  3.453574280639767
  1.3366837889128615
 -3.5885330806133475
  0.37466213594123055
  0.8803136074151239
 -0.304524724384917
 -0.41112603074743315
  1.264744201217125
 -0.8085712120263214
 -0.47329316069274385
  0.10092906224121356
  1.061663422698736
 -0.8771552114461654
  0.990697144836457
  ⋮
  1.1192546818011588
 -0.5960545072525067
 -0.11077379760429806
 -0.14690363144441448
 -1.6108945154251189
 -1.6778183816315506
  1.3590235973290081
  1.2172608726757974
 -1.194599774416294
  0.3391470973549071
  3.559941679059893
 -0.3701517373132829
 -2.618718836084882
  0.8325018693014703

julia>
julia>

julia> @benchmark g_test(t1,u,v,w)
BenchmarkTools.Trial:
  memory estimate:  48 bytes
  allocs estimate:  2
  --------------
  minimum time:     318.063 ns (0.00% GC)
  median time:      322.685 ns (0.00% GC)
  mean time:        330.558 ns (1.80% GC)
  maximum time:     12.408 μs (96.63% GC)
  --------------
  samples:          10000
  evals/sample:     238

julia> @benchmark g(t1,u,v,w)
BenchmarkTools.Trial:
  memory estimate:  2.67 KiB
  allocs estimate:  5
  --------------
  minimum time:     434.848 ns (0.00% GC)
  median time:      459.596 ns (0.00% GC)
  mean time:        540.777 ns (13.47% GC)
  maximum time:     4.610 μs (87.60% GC)
  --------------
  samples:          10000
  evals/sample:     198

julia> g(t1,u,v,w)
100-element Array{Float64,1}:
 -4.992301156167895
 -4.815217770122866
  1.0167643057647584
 -1.1740420369225322
 -2.6623426085412576
  0.3801705425644126
  0.8913692646841614
 -2.2235527397211214
  1.7312891896729317
  0.1003181166251757
  0.175230976170399
 -1.4945966770595693
 -0.4234879181325094
  1.0852591372834004
  ⋮
  2.7102185869954747
  0.7401604595479614
 -0.17326742006057994
  0.02911948918033224
  0.3538654549701592
 -1.3133736031575187
  0.4797260611177154
 -1.0825323249472476
 -0.3316660859321048
  0.25037279725944395
  4.599317228951825
  0.10439067757999487
 -0.6164595269073002
  1.7019128499049292

julia> g_test(t1,u,v,w)
100-element Array{Float64,1}:
  2.0896037982284343
 12.977005958023403
  0.08027987267139373
  9.819461802406572
  9.146460337814412
  1.558517946639047
  4.700730569223147
  3.090932178597415
  4.5846130343480755
  0.044926054819276036
  3.014319509191854
  1.9818661261757244
  0.2330929580832703
  1.200010591865102
  ⋮
  5.863417237004249
  1.5419837916408081
  2.446581730128856
  0.039291846720692
  0.04825497892813163
  0.6127547275033882
  0.12460418502340032
  0.7908869729657472
  0.07708276318044618
  0.5450019724388023
  1.669171512603886
  0.07953601887373672
  0.05541551749465055
  4.179306284357992

julia> u = f1(a,b,c)
100-element Array{Float64,1}:
  3.453574280639767
  1.3366837889128615
 -3.5885330806133475
  0.37466213594123055
  0.8803136074151239
 -0.304524724384917
 -0.41112603074743315
  1.264744201217125
 -0.8085712120263214
 -0.47329316069274385
  0.10092906224121356
  1.061663422698736
 -0.8771552114461654
  0.990697144836457
  ⋮
  1.1192546818011588
 -0.5960545072525067
 -0.11077379760429806
 -0.14690363144441448
 -1.6108945154251189
 -1.6778183816315506
  1.3590235973290081
  1.2172608726757974
 -1.194599774416294
  0.3391470973549071
  3.559941679059893
 -0.3701517373132829
 -2.618718836084882
  0.8325018693014703

julia> v = f2(a,b,c)
100-element Array{Float64,1}:
 -1.4455461937373133
 -3.6023611642953575
 -0.28333703018030265
 -3.133602049145132
 -3.024311547743455
 -1.2484061625284646
 -2.1681168255477257
 -1.7581047120684863
 -2.141170949351797
 -0.21195767223499137
  1.7361795728529505
 -1.4077876708423485
  0.48279701540426934
  1.095449949502533
  ⋮
  2.421449408309876
 -1.2417663997873385
  1.5641552768599594
 -0.19822171102251135
 -0.21967015939387768
  0.7827865146407341
  0.35299317985394607
 -0.8893182630339642
  0.27763782735867637
  0.7382424889145858
  1.2919642071682504
 -0.2820213092547028
  0.2354050073695344
  2.0443351692807106

julia> g_test(t1,u,v,w)
100-element Array{Float64,1}:
  2.0896037982284343
 12.977005958023403
  0.08027987267139373
  9.819461802406572
  9.146460337814412
  1.558517946639047
  4.700730569223147
  3.090932178597415
  4.5846130343480755
  0.044926054819276036
  3.014319509191854
  1.9818661261757244
  0.2330929580832703
  1.200010591865102
  ⋮
  5.863417237004249
  1.5419837916408081
  2.446581730128856
  0.039291846720692
  0.04825497892813163
  0.6127547275033882
  0.12460418502340032
  0.7908869729657472
  0.07708276318044618
  0.5450019724388023
  1.669171512603886
  0.07953601887373672
  0.05541551749465055
  4.179306284357992

julia> g(t1,u,v,w)
100-element Array{Float64,1}:
 -4.992301156167895
 -4.815217770122866
  1.0167643057647584
 -1.1740420369225322
 -2.6623426085412576
  0.3801705425644126
  0.8913692646841614
 -2.2235527397211214
  1.7312891896729317
  0.1003181166251757
  0.175230976170399
 -1.4945966770595693
 -0.4234879181325094
  1.0852591372834004
  ⋮
  2.7102185869954747
  0.7401604595479614
 -0.17326742006057994
  0.02911948918033224
  0.3538654549701592
 -1.3133736031575187
  0.4797260611177154
 -1.0825323249472476
 -0.3316660859321048
  0.25037279725944395
  4.599317228951825
  0.10439067757999487
 -0.6164595269073002
  1.7019128499049292

julia> g(t1,u,v,w) == u + v
false

julia> g_test(t1,u,v,w) == u + v
false

julia> u + v
100-element Array{Float64,1}:
  2.0080280869024536
 -2.265677375382496
 -3.87187011079365
 -2.7589399132039016
 -2.1439979403283314
 -1.5529308869133815
 -2.579242856295159
 -0.49336051085136123
 -2.9497421613781185
 -0.6852508329277353
  1.837108635094164
 -0.3461242481436124
 -0.39435819604189604
  2.08614709433899
  ⋮
  3.540704090111035
 -1.8378209070398452
  1.4533814792556612
 -0.34512534246692583
 -1.8305646748189965
 -0.8950318669908165
  1.7120167771829542
  0.3279426096418332
 -0.9169619470576176
  1.0773895862694929
  4.851905886228144
 -0.6521730465679857
 -2.3833138287153477
  2.876837038582181

julia> u
100-element Array{Float64,1}:
  3.453574280639767
  1.3366837889128615
 -3.5885330806133475
  0.37466213594123055
  0.8803136074151239
 -0.304524724384917
 -0.41112603074743315
  1.264744201217125
 -0.8085712120263214
 -0.47329316069274385
  0.10092906224121356
  1.061663422698736
 -0.8771552114461654
  0.990697144836457
  ⋮
  1.1192546818011588
 -0.5960545072525067
 -0.11077379760429806
 -0.14690363144441448
 -1.6108945154251189
 -1.6778183816315506
  1.3590235973290081
  1.2172608726757974
 -1.194599774416294
  0.3391470973549071
  3.559941679059893
 -0.3701517373132829
 -2.618718836084882
  0.8325018693014703

julia> v
100-element Array{Float64,1}:
 -1.4455461937373133
 -3.6023611642953575
 -0.28333703018030265
 -3.133602049145132
 -3.024311547743455
 -1.2484061625284646
 -2.1681168255477257
 -1.7581047120684863
 -2.141170949351797
 -0.21195767223499137
  1.7361795728529505
 -1.4077876708423485
  0.48279701540426934
  1.095449949502533
  ⋮
  2.421449408309876
 -1.2417663997873385
  1.5641552768599594
 -0.19822171102251135
 -0.21967015939387768
  0.7827865146407341
  0.35299317985394607
 -0.8893182630339642
  0.27763782735867637
  0.7382424889145858
  1.2919642071682504
 -0.2820213092547028
  0.2354050073695344
  2.0443351692807106

julia> g(t1,u,v,w)
100-element Array{Float64,1}:
 -4.992301156167895
 -4.815217770122866
  1.0167643057647584
 -1.1740420369225322
 -2.6623426085412576
  0.3801705425644126
  0.8913692646841614
 -2.2235527397211214
  1.7312891896729317
  0.1003181166251757
  0.175230976170399
 -1.4945966770595693
 -0.4234879181325094
  1.0852591372834004
  ⋮
  2.7102185869954747
  0.7401604595479614
 -0.17326742006057994
  0.02911948918033224
  0.3538654549701592
 -1.3133736031575187
  0.4797260611177154
 -1.0825323249472476
 -0.3316660859321048
  0.25037279725944395
  4.599317228951825
  0.10439067757999487
 -0.6164595269073002
  1.7019128499049292

julia> v
100-element Array{Float64,1}:
 -1.4455461937373133
 -3.6023611642953575
 -0.28333703018030265
 -3.133602049145132
 -3.024311547743455
 -1.2484061625284646
 -2.1681168255477257
 -1.7581047120684863
 -2.141170949351797
 -0.21195767223499137
  1.7361795728529505
 -1.4077876708423485
  0.48279701540426934
  1.095449949502533
  ⋮
  2.421449408309876
 -1.2417663997873385
  1.5641552768599594
 -0.19822171102251135
 -0.21967015939387768
  0.7827865146407341
  0.35299317985394607
 -0.8893182630339642
  0.27763782735867637
  0.7382424889145858
  1.2919642071682504
 -0.2820213092547028
  0.2354050073695344
  2.0443351692807106

julia> u
100-element Array{Float64,1}:
  3.453574280639767
  1.3366837889128615
 -3.5885330806133475
  0.37466213594123055
  0.8803136074151239
 -0.304524724384917
 -0.41112603074743315
  1.264744201217125
 -0.8085712120263214
 -0.47329316069274385
  0.10092906224121356
  1.061663422698736
 -0.8771552114461654
  0.990697144836457
  ⋮
  1.1192546818011588
 -0.5960545072525067
 -0.11077379760429806
 -0.14690363144441448
 -1.6108945154251189
 -1.6778183816315506
  1.3590235973290081
  1.2172608726757974
 -1.194599774416294
  0.3391470973549071
  3.559941679059893
 -0.3701517373132829
 -2.618718836084882
  0.8325018693014703

julia> v
100-element Array{Float64,1}:
 -1.4455461937373133
 -3.6023611642953575
 -0.28333703018030265
 -3.133602049145132
 -3.024311547743455
 -1.2484061625284646
 -2.1681168255477257
 -1.7581047120684863
 -2.141170949351797
 -0.21195767223499137
  1.7361795728529505
 -1.4077876708423485
  0.48279701540426934
  1.095449949502533
  ⋮
  2.421449408309876
 -1.2417663997873385
  1.5641552768599594
 -0.19822171102251135
 -0.21967015939387768
  0.7827865146407341
  0.35299317985394607
 -0.8893182630339642
  0.27763782735867637
  0.7382424889145858
  1.2919642071682504
 -0.2820213092547028
  0.2354050073695344
  2.0443351692807106

julia> u
100-element Array{Float64,1}:
  3.453574280639767
  1.3366837889128615
 -3.5885330806133475
  0.37466213594123055
  0.8803136074151239
 -0.304524724384917
 -0.41112603074743315
  1.264744201217125
 -0.8085712120263214
 -0.47329316069274385
  0.10092906224121356
  1.061663422698736
 -0.8771552114461654
  0.990697144836457
  ⋮
  1.1192546818011588
 -0.5960545072525067
 -0.11077379760429806
 -0.14690363144441448
 -1.6108945154251189
 -1.6778183816315506
  1.3590235973290081
  1.2172608726757974
 -1.194599774416294
  0.3391470973549071
  3.559941679059893
 -0.3701517373132829
 -2.618718836084882
  0.8325018693014703

julia> v
100-element Array{Float64,1}:
 -1.4455461937373133
 -3.6023611642953575
 -0.28333703018030265
 -3.133602049145132
 -3.024311547743455
 -1.2484061625284646
 -2.1681168255477257
 -1.7581047120684863
 -2.141170949351797
 -0.21195767223499137
  1.7361795728529505
 -1.4077876708423485
  0.48279701540426934
  1.095449949502533
  ⋮
  2.421449408309876
 -1.2417663997873385
  1.5641552768599594
 -0.19822171102251135
 -0.21967015939387768
  0.7827865146407341
  0.35299317985394607
 -0.8893182630339642
  0.27763782735867637
  0.7382424889145858
  1.2919642071682504
 -0.2820213092547028
  0.2354050073695344
  2.0443351692807106

julia> g(t1,u,v,w)
100-element Array{Float64,1}:
 -4.992301156167895
 -4.815217770122866
  1.0167643057647584
 -1.1740420369225322
 -2.6623426085412576
  0.3801705425644126
  0.8913692646841614
 -2.2235527397211214
  1.7312891896729317
  0.1003181166251757
  0.175230976170399
 -1.4945966770595693
 -0.4234879181325094
  1.0852591372834004
  ⋮
  2.7102185869954747
  0.7401604595479614
 -0.17326742006057994
  0.02911948918033224
  0.3538654549701592
 -1.3133736031575187
  0.4797260611177154
 -1.0825323249472476
 -0.3316660859321048
  0.25037279725944395
  4.599317228951825
  0.10439067757999487
 -0.6164595269073002
  1.7019128499049292

julia> g_test(t1,u,v,w)
100-element Array{Float64,1}:
  2.0896037982284343
 12.977005958023403
  0.08027987267139373
  9.819461802406572
  9.146460337814412
  1.558517946639047
  4.700730569223147
  3.090932178597415
  4.5846130343480755
  0.044926054819276036
  3.014319509191854
  1.9818661261757244
  0.2330929580832703
  1.200010591865102
  ⋮
  5.863417237004249
  1.5419837916408081
  2.446581730128856
  0.039291846720692
  0.04825497892813163
  0.6127547275033882
  0.12460418502340032
  0.7908869729657472
  0.07708276318044618
  0.5450019724388023
  1.669171512603886
  0.07953601887373672
  0.05541551749465055
  4.179306284357992

julia> g_test(t1,u,v,w)
100-element Array{Float64,1}:
  2.0896037982284343
 12.977005958023403
  0.08027987267139373
  9.819461802406572
  9.146460337814412
  1.558517946639047
  4.700730569223147
  3.090932178597415
  4.5846130343480755
  0.044926054819276036
  3.014319509191854
  1.9818661261757244
  0.2330929580832703
  1.200010591865102
  ⋮
  5.863417237004249
  1.5419837916408081
  2.446581730128856
  0.039291846720692
  0.04825497892813163
  0.6127547275033882
  0.12460418502340032
  0.7908869729657472
  0.07708276318044618
  0.5450019724388023
  1.669171512603886
  0.07953601887373672
  0.05541551749465055
  4.179306284357992

julia> g(t1,u,v,w)
100-element Array{Float64,1}:
 -4.992301156167895
  1.0167643057647584
 -1.1740420369225322
 -2.6623426085412576
  0.3801705425644126
  0.8913692646841614
 -2.2235527397211214
  1.7312891896729317
  0.1003181166251757
  0.175230976170399
 -1.4945966770595693
 -0.4234879181325094
  1.0852591372834004
  ⋮
  2.7102185869954747
  0.7401604595479614
 -0.17326742006057994
  0.02911948918033224
  0.3538654549701592
 -1.3133736031575187
  0.4797260611177154
 -1.0825323249472476
 -0.3316660859321048
  0.25037279725944395
  4.599317228951825
  0.10439067757999487
 -0.6164595269073002
  1.7019128499049292

julia> g(t1,u,v,w) == u.*v
true

julia>
julia> f1
f1 (generic function with 1 method)

julia> f1(a,b,c)
100-element Array{Float64,1}:
  3.453574280639767
  1.3366837889128615
 -3.5885330806133475
  0.37466213594123055
  0.8803136074151239
 -0.304524724384917
 -0.41112603074743315
  1.264744201217125
 -0.8085712120263214
 -0.47329316069274385
  0.10092906224121356
  1.061663422698736
 -0.8771552114461654
  0.990697144836457
  ⋮
  1.1192546818011588
 -0.5960545072525067
 -0.11077379760429806
 -0.14690363144441448
 -1.6108945154251189
 -1.6778183816315506
  1.3590235973290081
  1.2172608726757974
 -1.194599774416294
  0.3391470973549071
  3.559941679059893
 -0.3701517373132829
 -2.618718836084882
  0.8325018693014703

julia> f1_test(a,b,c)
100-element Array{Float64,1}:
  3.453574280639767
  1.3366837889128615
 -3.5885330806133475
  0.37466213594123055
  0.8803136074151239
 -0.304524724384917
 -0.41112603074743315
  1.264744201217125
 -0.8085712120263214
 -0.47329316069274385
  0.10092906224121356
  1.061663422698736
 -0.8771552114461654
  0.990697144836457
  ⋮
  1.1192546818011588
 -0.5960545072525067
 -0.11077379760429806
 -0.14690363144441448
 -1.6108945154251189
 -1.6778183816315506
  1.3590235973290081
  1.2172608726757974
 -1.194599774416294
  0.3391470973549071
  3.559941679059893
 -0.3701517373132829
 -2.618718836084882
  0.8325018693014703

julia> f2(a,b,c)
100-element Array{Float64,1}:
 -1.4455461937373133
 -3.6023611642953575
 -0.28333703018030265
 -3.133602049145132
 -3.024311547743455
 -1.2484061625284646
 -2.1681168255477257
 -1.7581047120684863
 -2.141170949351797
 -0.21195767223499137
  1.7361795728529505
 -1.4077876708423485
  0.48279701540426934
  1.095449949502533
  ⋮
  2.421449408309876
 -1.2417663997873385
  1.5641552768599594
 -0.19822171102251135
 -0.21967015939387768
  0.7827865146407341
  0.35299317985394607
 -0.8893182630339642
  0.27763782735867637
  0.7382424889145858
  1.2919642071682504
 -0.2820213092547028
  0.2354050073695344
  2.0443351692807106

 -1.4455461937373133
 -3.6023611642953575
 -0.28333703018030265
 -3.133602049145132
 -3.024311547743455
 -1.2484061625284646
 -2.1681168255477257
 -1.7581047120684863
 -2.141170949351797
 -0.21195767223499137
  1.7361795728529505
 -1.4077876708423485
  0.48279701540426934
  1.095449949502533
  ⋮
  2.421449408309876
 -1.2417663997873385
  1.5641552768599594
 -0.19822171102251135
 -0.21967015939387768
  0.7827865146407341
  0.35299317985394607
 -0.8893182630339642
  0.27763782735867637
  0.7382424889145858
  1.2919642071682504
 -0.2820213092547028
  0.2354050073695344
  2.0443351692807106

julia>
julia>

100-element Array{Float64,1}:
  3.453574280639767
  1.3366837889128615
 -3.5885330806133475
  0.37466213594123055
  0.8803136074151239
 -0.304524724384917
 -0.41112603074743315
  1.264744201217125
 -0.8085712120263214
 -0.47329316069274385
  0.10092906224121356
  1.061663422698736
 -0.8771552114461654
  0.990697144836457
  ⋮
  1.1192546818011588
 -0.5960545072525067
 -0.11077379760429806
 -0.14690363144441448
 -1.6108945154251189
 -1.6778183816315506
  1.3590235973290081
  1.2172608726757974
 -1.194599774416294
  0.3391470973549071
  3.559941679059893
 -0.3701517373132829
 -2.618718836084882
  0.8325018693014703

julia>
julia> f
ERROR: UndefVarError: f not defined

julia> f1(a,b,c)
10-element Array{Float64,1}:
 -2.231748076388766
 -0.12030703777449117
  1.7977796652414035
  1.1239843475391988
 -0.3379400711905053
 -0.45496809971924873
 -1.427931013764479
  0.4282865311227391
  3.0365818512926666
  0.07149769922093108

julia> f2(a,b,c)
10-element Array{Float64,1}:
 -0.9958247660785597
  0.033543726815816605
  0.2286366359253762
  0.22391468204346177
 -0.8245562968462744
 -1.4391629085724742
  0.3154732237317282
  0.8793445658095507
 -1.289614165315367

julia> f1_test(a,b,c)
10-element Array{Float64,1}:
 -2.231748076388766
 -0.12030703777449117
  1.7977796652414035
  1.1239843475391988
 -0.3379400711905053
 -0.45496809971924873
 -1.427931013764479
  0.4282865311227391
  3.0365818512926666
  0.07149769922093108

julia> f2_test(a,b,c)
10-element Array{Float64,1}:
 -0.9958247660785597
  0.033543726815816605
  0.2286366359253762
  0.22391468204346177
 -0.8245562968462744
 -0.9697862470726837
 -1.4391629085724742
  0.3154732237317282
  0.8793445658095507
 -1.289614165315367

julia>
julia>

julia> u = f1(a,b,c)
10-element Array{Float64,1}:
 -2.231748076388766
 -0.12030703777449117
  1.7977796652414035
  1.1239843475391988
 -0.3379400711905053
 -0.45496809971924873
 -1.427931013764479
  0.4282865311227391
  3.0365818512926666
  0.07149769922093108

julia> v = f2(a,b,c)
10-element Array{Float64,1}:
  2.055025351010129
  0.13511293265416965
  2.6702017495701114
 -0.0922044457027702

julia> g(t1,u,v,w)
10-element Array{Float64,1}:
  2.2224300061161184
 -0.004035546409127661
  0.4110382947958435
  0.2786506136568094
  0.44122180596452076
  2.055025351010129
  0.13511293265416965
  2.6702017495701114
 -0.0922044457027702

julia> g_test(t1,u,v,w)
10-element Array{Float64,1}:
 0.9916669647354183
 0.001125181608694134
 0.052274711287273026
 0.050137784834624576
 0.6798930866688414
 0.9404853650113203
 2.0711898774107835
 0.09952335489168904
 0.7732468654187872

julia> g_test(t1,u,v,w)
[-0.9958247660785597, 0.033543726815816605, 0.2286366359253762, 0.22391468204346177, -0.8245562968462744, -0.9697862470726837, -1.4391629085724742, 0.3154732237317282, 0.8793445658095507, -1.289614165315367][-0.9958247660785597, 0.033543726815816605, 0.2286366359253762, 0.22391468204346177, -0.8245562968462744, -0.9697862470726837, -1.4391629085724742, 0.3154732237317282, 0.8793445658095507, -1.289614165315367]10-element Array{Float64,1}: 0.9916669647354183 0.001125181608694134
 0.052274711287273026
 0.050137784834624576
 0.6798930866688414
 0.9404853650113203
 2.0711898774107835
 0.09952335489168904
 0.7732468654187872
 1.6631046953820507

julia> g_test(t1,u,v,w)
[-0.9958247660785597, 0.033543726815816605, 0.2286366359253762, 0.22391468204346177, -0.8245562968462744, -0.9697862470726837, -1.4391629085724742, 0.3154732237317282, 0.8793445658095507, -1.289614165315367]
[-0.9958247660785597, 0.033543726815816605, 0.2286366359253762, 0.22391468204346177, -0.8245562968462744, -0.9697862470726837, -1.4391629085724742, 0.3154732237317282, 0.8793445658095507, -1.289614165315367]
10-element Array{Float64,1}:
 0.9916669647354183
 0.001125181608694134
 0.052274711287273026
 0.050137784834624576
 0.6798930866688414
 0.9404853650113203
 2.0711898774107835
 0.09952335489168904
 0.7732468654187872
 1.6631046953820507

julia>
julia> g

julia> g(t1,u,v,w)
[-2.231748076388766, -0.12030703777449117, 1.7977796652414035, 1.1239843475391988, -0.3379400711905053, -0.45496809971924873, -1.427931013764479, 0.4282865311227391, 3.0365818512926666, 0.07149769922093108]
[-0.9958247660785597, 0.033543726815816605, 0.2286366359253762, 0.22391468204346177, -0.8245562968462744, -0.9697862470726837, -1.4391629085724742, 0.3154732237317282, 0.8793445658095507, -1.289614165315367]
10-element Array{Float64,1}:
  2.2224300061161184
 -0.004035546409127661
  0.4110382947958435
  0.25167659780106755
  0.2786506136568094
  0.44122180596452076
  2.055025351010129
  0.13511293265416965
  2.6702017495701114
 -0.0922044457027702

julia>
julia>

julia> g(t1,u,v,w)
[-2.231748076388766, -0.12030703777449117, 1.7977796652414035, 1.1239843475391988, -0.3379400711905053, -0.45496809971924873, -1.427931013764479, 0.4282865311227391, 3.0365818512926666, 0.07149769922093108]
[-0.9958247660785597, 0.033543726815816605, 0.2286366359253762, 0.22391468204346177, -0.8245562968462744, -0.9697862470726837, -1.4391629085724742, 0.3154732237317282, 0.8793445658095507, -1.289614165315367]
10-element Array{Float64,1}:
  2.2224300061161184
 -0.004035546409127661
  0.4110382947958435
  0.25167659780106755
  0.2786506136568094
  0.44122180596452076
  2.055025351010129
  0.13511293265416965
  2.6702017495701114
 -0.0922044457027702

julia> g_test(t1,u,v,w)
[-0.9958247660785597, 0.033543726815816605, 0.2286366359253762, 0.22391468204346177, -0.8245562968462744, -0.9697862470726837, -1.4391629085724742, 0.3154732237317282, 0.8793445658095507, -1.289614165315367]
[-0.9958247660785597, 0.033543726815816605, 0.2286366359253762, 0.22391468204346177, -0.8245562968462744, -0.9697862470726837, -1.4391629085724742, 0.3154732237317282, 0.8793445658095507, -1.289614165315367]
10-element Array{Float64,1}:
 0.9916669647354183
 0.001125181608694134
 0.052274711287273026
 0.050137784834624576
 0.6798930866688414
 0.9404853650113203
 2.0711898774107835
 0.09952335489168904
 0.7732468654187872
 1.6631046953820507

julia>
julia> g_test(t1,u,v,w)
[-2.231748076388766, -0.12030703777449117, 1.7977796652414035, 1.1239843475391988, -0.3379400711905053, -0.45496809971924873, -1.427931013764479, 0.4282865311227391, 3.0365818512926666, 0.07149769922093108]
[-0.9958247660785597, 0.033543726815816605, 0.2286366359253762, 0.22391468204346177, -0.8245562968462744, -0.9697862470726837, -1.4391629085724742, 0.3154732237317282, 0.8793445658095507, -1.289614165315367]
10-element Array{Float64,1}:
  2.2224300061161184
 -0.004035546409127661
  0.4110382947958435
  0.25167659780106755
  0.2786506136568094
  0.44122180596452076
  2.055025351010129
  0.13511293265416965
  2.6702017495701114
 -0.0922044457027702

julia> @benchmark g_test(t1,u,v,w)
[-2.231748076388766, -0.12030703777449117, 1.7977796652414035, 1.1239843475391988, -0.3379400711905053, -0.45496809971924873, -1.427931013764479, 0.4282865311227391, 3.0365818512926666, 0.07149769922093108]
[-0.9958247660785597, 0.033543726815816605, 0.2286366359253762, 0.22391468204346177, -0.8245562968462744, -0.9697862470726837, -1.4391629085724742, 0.3154732237317282, 0.8793445658095507, -1.289614165315367]
[-2.231748076388766, -0.12030703777449117, 1.7977796652414035, 1.1239843475391988, -0.3379400711905053, -0.45496809971924873, -1.427931013764479, 0.4282865311227391, 3.0365818512926666, 0.07149769922093108]
[-0.9958247660785597, 0.033543726815816605, 0.2286366359253762, 0.22391468204346177, -0.8245562968462744, -0.9697862470726837, -1.4391629085724742, 0.3154732237317282, 0.8793445658095507, -1.289614165315367]
[-2.231748076388766, -0.12030703777449117, 1.7977796652414035, 1.1239843475391988, -0.3379400711905053, -0.45496809971924873, -1.427931013764479, 0.4282865311227391, 3.0365818512926666, 0.07149769922093108]
[-0.9958247660785597, 0.033543726815816605, 0.2286366359253762, 0.22391468204346177, -0.8245562968462744, -0.9697862470726837, -1.4391629085724742, 0.3154732237317282, 0.8793445658095507, -1.289614165315367]
[-2.231748076388766, -0.12030703777449117, 1.7977796652414035, 1.1239843475391988, -0.3379400711905053, -0.45496809971924873, -1.427931013764479, 0.4282865311227391, 3.0365818512926666, 0.07149769922093108]
[-0.9958247660785597, 0.033543726815816605, 0.2286366359253762, 0.22391468204346177, -0.8245562968462744, -0.9697862470726837, -1.4391629085724742, 0.3154732237317282, 0.8793445658095507, -1.289614165315367]
[-2.231748076388766, -0.12030703777449117, 1.7977796652414035, 1.1239843475391988, -0.3379400711905053, -0.45496809971924873, -1.427931013764479, 0.4282865311227391, 3.0365818512926666, 0.07149769922093108]
[-0.9958247660785597, 0.033543726815816605, 0.2286366359253762, 0.22391468204346177, -0.8245562968462744, -0.9697862470726837, -1.4391629085724742, 0.3154732237317282, 0.8793445658095507, -1.289614165315367]
[-2.231748076388766, -0.12030703777449117, 1.7977796652414035, 1.1239843475391988, -0.3379400711905053, -0.45496809971924873, -1.427931013764479, 0.4282865311227391, 3.0365818512926666, 0.07149769922093108]
[-0.9958247660785597, 0.033543726815816605, 0.2286366359253762, 0.22391468204346177, -0.8245562968462744, -0.9697862470726837, -1.4391629085724742, 0.3154732237317282, 0.8793445658095507, -1.289614165315367]
[-2.231748076388766, -0.12030703777449117, 1.7977796652414035, 1.1239843475391988, -0.3379400711905053, -0.45496809971924873, -1.427931013764479, 0.4282865311227391, 3.0365818512926666, 0.07149769922093108]
[-0.9958247660785597, 0.033543726815816605, 0.2286366359253762, 0.22391468204346177, -0.8245562968462744, -0.9697862470726837, -1.4391629085724742, 0.3154732237317282, 0.8793445658095507, -1.289614165315367]
[-2.231748076388766, -0.12030703777449117, 1.7977796652414035, 1.1239843475391988, -0.3379400711905053, -0.45496809971924873, -1.427931013764479, 0.4282865311227391, 3.0365818512926666, 0.07149769922093108]
[-0.9958247660785597, 0.033543726815816605, 0.2286366359253762, 0.22391468204346177, -0.8245562968462744, -0.9697862470726837, -1.4391629085724742, 0.3154732237317282, 0.8793445658095507, -1.289614165315367]
[-2.231748076388766, -0.12030703777449117, 1.7977796652414035, 1.1239843475391988, -0.3379400711905053, -0.45496809971924873, -1.427931013764479, 0.4282865311227391, 3.0365818512926666, 0.07149769922093108]
[-0.9958247660785597, 0.033543726815816605, 0.2286366359253762, 0.22391468204346177, -0.8245562968462744, -0.9697862470726837, -1.4391629085724742, 0.3154732237317282, 0.8793445658095507, -1.289614165315367]
[-2.231748076388766, -0.12030703777449117, 1.7977796652414035, 1.1239843475391988, -0.3379400711905053, -0.45496809971924873, -1.427931013764479, 0.4282865311227391, 3.0365818512926666, 0.07149769922093108]
[-0.9958247660785597, 0.033543726815816605, 0.2286366359253762, 0.22391468204346177, -0.8245562968462744, -0.9697862470726837, -1.4391629085724742, 0.3154732237317282, 0.8793445658095507, -1.289614165315367]
[-2.231748076388766, -0.12030703777449117, 1.7977796652414035, 1.1239843475391988, -0.3379400711905053, -0.45496809971924873, -1.427931013764479, 0.4282865311227391, 3.0365818512926666, 0.07149769922093108]
[-0.9958247660785597, 0.033543726815816605, 0.2286366359253762, 0.22391468204346177, -0.8245562968462744, -0.9697862470726837, -1.4391629085724742, 0.3154732237317282, 0.8793445658095507, -1.289614165315367]
[-2.231748076388766, -0.12030703777449117, 1.7977796652414035, 1.1239843475391988, -0.3379400711905053, -0.45496809971924873, -1.427931013764479, 0.4282865311227391, 3.0365818512926666, 0.07149769922093108]
[-0.9958247660785597, 0.033543726815816605, 0.2286366359253762, 0.22391468204346177, -0.8245562968462744, -0.9697862470726837, -1.4391629085724742, 0.3154732237317282, 0.8793445658095507, -1.289614165315367]
[-2.231748076388766, -0.12030703777449117, 1.7977796652414035, 1.1239843475391988, -0.3379400711905053, -0.45496809971924873, -1.427931013764479, 0.4282865311227391, 3.0365818512926666, 0.07149769922093108]
[-0.9958247660785597, 0.033543726815816605, 0.2286366359253762, 0.22391468204346177, -0.8245562968462744, -0.9697862470726837, -1.4391629085724742, 0.3154732237317282, 0.8793445658095507, -1.289614165315367]
[-2.231748076388766, -0.12030703777449117, 1.7977796652414035, 1.1239843475391988, -0.3379400711905053, -0.45496809971924873, -1.427931013764479, 0.4282865311227391, 3.0365818512926666, 0.07149769922093108]
[-0.9958247660785597, 0.033543726815816605, 0.2286366359253762, 0.22391468204346177, -0.8245562968462744, -0.9697862470726837, -1.4391629085724742, 0.3154732237317282, 0.8793445658095507, -1.289614165315367]
[-2.231748076388766, -0.12030703777449117, 1.7977796652414035, 1.1239843475391988, -0.3379400711905053, -0.45496809971924873, -1.427931013764479, 0.4282865311227391, 3.0365818512926666, 0.07149769922093108]
[-0.9958247660785597, 0.033543726815816605, 0.2286366359253762, 0.22391468204346177, -0.8245562968462744, -0.9697862470726837, -1.4391629085724742, 0.3154732237317282, 0.8793445658095507, -1.289614165315367]
[-2.231748076388766, -0.12030703777449117, 1.7977796652414035, 1.1239843475391988, -0.3379400711905053, -0.45496809971924873, -1.427931013764479, 0.4282865311227391, 3.0365818512926666, 0.07149769922093108]
[-0.9958247660785597, 0.033543726815816605, 0.2286366359253762, 0.22391468204346177, -0.8245562968462744, -0.9697862470726837, -1.4391629085724742, 0.3154732237317282, 0.8793445658095507, -1.289614165315367]
[-2.231748076388766, -0.12030703777449117, 1.7977796652414035, 1.1239843475391988, -0.3379400711905053, -0.45496809971924873, -1.427931013764479, 0.4282865311227391, 3.0365818512926666, 0.07149769922093108]
[-0.9958247660785597, 0.033543726815816605, 0.2286366359253762, 0.22391468204346177, -0.8245562968462744, -0.9697862470726837, -1.4391629085724742, 0.3154732237317282, 0.8793445658095507, -1.289614165315367]
[-2.231748076388766, -0.12030703777449117, 1.7977796652414035, 1.1239843475391988, -0.3379400711905053, -0.45496809971924873, -1.427931013764479, 0.4282865311227391, 3.0365818512926666, 0.07149769922093108]
[-0.9958247660785597, 0.033543726815816605, 0.2286366359253762, 0.22391468204346177, -0.8245562968462744, -0.9697862470726837, -1.4391629085724742, 0.3154732237317282, 0.8793445658095507, -1.289614165315367]
[-2.231748076388766, -0.12030703777449117, 1.7977796652414035, 1.1239843475391988, -0.3379400711905053, -0.45496809971924873, -1.427931013764479, 0.4282865311227391, 3.0365818512926666, 0.07149769922093108]
[-0.9958247660785597, 0.033543726815816605, 0.2286366359253762, 0.22391468204346177, -0.8245562968462744, -0.9697862470726837, -1.4391629085724742, 0.3154732237317282, 0.8793445658095507, -1.289614165315367]
[-2.231748076388766, -0.12030703777449117, 1.7977796652414035, 1.1239843475391988, -0.3379400711905053, -0.45496809971924873, -1.427931013764479, 0.4282865311227391, 3.0365818512926666, 0.07149769922093108]
[-0.9958247660785597, 0.033543726815816605, 0.2286366359253762, 0.22391468204346177, -0.8245562968462744, -0.9697862470726837, -1.4391629085724742, 0.3154732237317282, 0.8793445658095507, -1.289614165315367]
[-2.231748076388766, -0.12030703777449117, 1.7977796652414035, 1.1239843475391988, -0.3379400711905053, -0.45496809971924873, -1.427931013764479, 0.4282865311227391, 3.0365818512926666, 0.07149769922093108]
[-0.9958247660785597, 0.033543726815816605, 0.2286366359253762, 0.22391468204346177, -0.8245562968462744, -0.9697862470726837, -1.4391629085724742, 0.3154732237317282, 0.8793445658095507, -1.289614165315367]
[-2.231748076388766, -0.12030703777449117, 1.7977796652414035, 1.1239843475391988, -0.3379400711905053, -0.45496809971924873, -1.427931013764479, 0.4282865311227391, 3.0365818512926666, 0.07149769922093108]
[-0.9958247660785597, 0.033543726815816605, 0.2286366359253762, 0.22391468204346177, -0.8245562968462744, -0.9697862470726837, -1.4391629085724742, 0.3154732237317282, 0.8793445658095507, -1.289614165315367]
[-2.231748076388766, -0.12030703777449117, 1.7977796652414035, 1.1239843475391988, -0.3379400711905053, -0.45496809971924873, -1.427931013764479, 0.4282865311227391, 3.0365818512926666, 0.07149769922093108]
[-0.9958247660785597, 0.033543726815816605, 0.2286366359253762, 0.22391468204346177, -0.8245562968462744, -0.9697862470726837, -1.4391629085724742, 0.3154732237317282, 0.8793445658095507, -1.289614165315367]
[-2.231748076388766, -0.12030703777449117, 1.7977796652414035, 1.1239843475391988, -0.3379400711905053, -0.45496809971924873, -1.427931013764479, 0.4282865311227391, 3.0365818512926666, 0.07149769922093108]
[-0.9958247660785597, 0.033543726815816605, 0.2286366359253762, 0.22391468204346177, -0.8245562968462744, -0.9697862470726837, -1.4391629085724742, 0.3154732237317282, 0.8793445658095507, -1.289614165315367]
[-2.231748076388766, -0.12030703777449117, 1.7977796652414035, 1.1239843475391988, -0.3379400711905053, -0.45496809971924873, -1.427931013764479, 0.4282865311227391, 3.0365818512926666, 0.07149769922093108]
[-0.9958247660785597, 0.033543726815816605, 0.2286366359253762, 0.22391468204346177, -0.8245562968462744, -0.9697862470726837, -1.4391629085724742, 0.3154732237317282, 0.8793445658095507, -1.289614165315367]
[-2.231748076388766, -0.12030703777449117, 1.7977796652414035, 1.1239843475391988, -0.3379400711905053, -0.45496809971924873, -1.427931013764479, 0.4282865311227391, 3.0365818512926666, 0.07149769922093108]
[-0.9958247660785597, 0.033543726815816605, 0.2286366359253762, 0.22391468204346177, -0.8245562968462744, -0.9697862470726837, -1.4391629085724742, 0.3154732237317282, 0.8793445658095507, -1.289614165315367]
[-2.231748076388766, -0.12030703777449117, 1.7977796652414035, 1.1239843475391988, -0.3379400711905053, -0.45496809971924873, -1.427931013764479, 0.4282865311227391, 3.0365818512926666, 0.07149769922093108]
[-0.9958247660785597, 0.033543726815816605, 0.2286366359253762, 0.22391468204346177, -0.8245562968462744, -0.9697862470726837, -1.4391629085724742, 0.3154732237317282, 0.8793445658095507, -1.289614165315367]
[-2.231748076388766, -0.12030703777449117, 1.7977796652414035, 1.1239843475391988, -0.3379400711905053, -0.45496809971924873, -1.427931013764479, 0.4282865311227391, 3.0365818512926666, 0.07149769922093108]
[-0.9958247660785597, 0.033543726815816605, 0.2286366359253762, 0.22391468204346177, -0.8245562968462744, -0.9697862470726837, -1.4391629085724742, 0.3154732237317282, 0.8793445658095507, -1.289614165315367]
[-2.231748076388766, -0.12030703777449117, 1.7977796652414035, 1.1239843475391988, -0.3379400711905053, -0.45496809971924873, -1.427931013764479, 0.4282865311227391, 3.0365818512926666, 0.07149769922093108]
[-0.9958247660785597, 0.033543726815816605, 0.2286366359253762, 0.22391468204346177, -0.8245562968462744, -0.9697862470726837, -1.4391629085724742, 0.3154732237317282, 0.8793445658095507, -1.289614165315367]
[-2.231748076388766, -0.12030703777449117, 1.7977796652414035, 1.1239843475391988, -0.3379400711905053, -0.45496809971924873, -1.427931013764479, 0.4282865311227391, 3.0365818512926666, 0.07149769922093108]
[-0.9958247660785597, 0.033543726815816605, 0.2286366359253762, 0.22391468204346177, -0.8245562968462744, -0.9697862470726837, -1.4391629085724742, 0.3154732237317282, 0.8793445658095507, -1.289614165315367]
[-2.231748076388766, -0.12030703777449117, 1.7977796652414035, 1.1239843475391988, -0.3379400711905053, -0.45496809971924873, -1.427931013764479, 0.4282865311227391, 3.0365818512926666, 0.07149769922093108]
[-0.9958247660785597, 0.033543726815816605, 0.2286366359253762, 0.22391468204346177, -0.8245562968462744, -0.9697862470726837, -1.4391629085724742, 0.3154732237317282, 0.8793445658095507, -1.289614165315367]
[-2.231748076388766, -0.12030703777449117, 1.7977796652414035, 1.1239843475391988, -0.3379400711905053, -0.45496809971924873, -1.427931013764479, 0.4282865311227391, 3.0365818512926666, 0.07149769922093108]
[-0.9958247660785597, 0.033543726815816605, 0.2286366359253762, 0.22391468204346177, -0.8245562968462744, -0.9697862470726837, -1.4391629085724742, 0.3154732237317282, 0.8793445658095507, -1.289614165315367]
[-2.231748076388766, -0.12030703777449117, 1.7977796652414035, 1.1239843475391988, -0.3379400711905053, -0.45496809971924873, -1.427931013764479, 0.4282865311227391, 3.0365818512926666, 0.07149769922093108]
[-0.9958247660785597, 0.033543726815816605, 0.2286366359253762, 0.22391468204346177, -0.8245562968462744, -0.9697862470726837, -1.4391629085724742, 0.3154732237317282, 0.8793445658095507, -1.289614165315367]
[-2.231748076388766, -0.12030703777449117, 1.7977796652414035, 1.1239843475391988, -0.3379400711905053, -0.45496809971924873, -1.427931013764479, 0.4282865311227391, 3.0365818512926666, 0.07149769922093108]
[-0.9958247660785597, 0.033543726815816605, 0.2286366359253762, 0.22391468204346177, -0.8245562968462744, -0.9697862470726837, -1.4391629085724742, 0.3154732237317282, 0.8793445658095507, -1.289614165315367]
[-2.231748076388766, -0.12030703777449117, 1.7977796652414035, 1.1239843475391988, -0.3379400711905053, -0.45496809971924873, -1.427931013764479, 0.4282865311227391, 3.0365818512926666, 0.07149769922093108]
[-0.9958247660785597, 0.033543726815816605, 0.2286366359253762, 0.22391468204346177, -0.8245562968462744, -0.9697862470726837, -1.4391629085724742, 0.3154732237317282, 0.8793445658095507, -1.289614165315367]
[-2.231748076388766, -0.12030703777449117, 1.7977796652414035, 1.1239843475391988, -0.3379400711905053, -0.45496809971924873, -1.427931013764479, 0.4282865311227391, 3.0365818512926666, 0.07149769922093108]
[-0.9958247660785597, 0.033543726815816605, 0.2286366359253762, 0.22391468204346177, -0.8245562968462744, -0.9697862470726837, -1.4391629085724742, 0.3154732237317282, 0.8793445658095507, -1.289614165315367]
[-2.231748076388766, -0.12030703777449117, 1.7977796652414035, 1.1239843475391988, -0.3379400711905053, -0.45496809971924873, -1.427931013764479, 0.4282865311227391, 3.0365818512926666, 0.07149769922093108]
[-0.9958247660785597, 0.033543726815816605, 0.2286366359253762, 0.22391468204346177, -0.8245562968462744, -0.9697862470726837, -1.4391629085724742, 0.3154732237317282, 0.8793445658095507, -1.289614165315367]
[-2.231748076388766, -0.12030703777449117, 1.7977796652414035, 1.1239843475391988, -0.3379400711905053, -0.45496809971924873, -1.427931013764479, 0.4282865311227391, 3.0365818512926666, 0.07149769922093108]
[-0.9958247660785597, 0.033543726815816605, 0.2286366359253762, 0.22391468204346177, -0.8245562968462744, -0.9697862470726837, -1.4391629085724742, 0.3154732237317282, 0.8793445658095507, -1.289614165315367]
[-2.231748076388766, -0.12030703777449117, 1.7977796652414035, 1.1239843475391988, -0.3379400711905053, -0.45496809971924873, -1.427931013764479, 0.4282865311227391, 3.0365818512926666, 0.07149769922093108]
[-0.9958247660785597, 0.033543726815816605, 0.2286366359253762, 0.22391468204346177, -0.8245562968462744, -0.9697862470726837, -1.4391629085724742, 0.3154732237317282, 0.8793445658095507, -1.289614165315367]
[-2.231748076388766, -0.12030703777449117, 1.7977796652414035, 1.1239843475391988, -0.3379400711905053, -0.45496809971924873, -1.427931013764479, 0.4282865311227391, 3.0365818512926666, 0.07149769922093108]
[-0.9958247660785597, 0.033543726815816605, 0.2286366359253762, 0.22391468204346177, -0.8245562968462744, -0.9697862470726837, -1.4391629085724742, 0.3154732237317282, 0.8793445658095507, -1.289614165315367]
[-2.231748076388766, -0.12030703777449117, 1.7977796652414035, 1.1239843475391988, -0.3379400711905053, -0.45496809971924873, -1.427931013764479, 0.4282865311227391, 3.0365818512926666, 0.07149769922093108]
[-0.9958247660785597, 0.033543726815816605, 0.2286366359253762, 0.22391468204346177, -0.8245562968462744, -0.9697862470726837, -1.4391629085724742, 0.3154732237317282, 0.8793445658095507, -1.289614165315367]
[-2.231748076388766, -0.12030703777449117, 1.7977796652414035, 1.1239843475391988, -0.3379400711905053, -0.45496809971924873, -1.427931013764479, 0.4282865311227391, 3.0365818512926666, 0.07149769922093108]
[-0.9958247660785597, 0.033543726815816605, 0.2286366359253762, 0.22391468204346177, -0.8245562968462744, -0.9697862470726837, -1.4391629085724742, 0.3154732237317282, 0.8793445658095507, -1.289614165315367]
[-2.231748076388766, -0.12030703777449117, 1.7977796652414035, 1.1239843475391988, -0.3379400711905053, -0.45496809971924873, -1.427931013764479, 0.4282865311227391, 3.0365818512926666, 0.07149769922093108]
[-0.9958247660785597, 0.033543726815816605, 0.2286366359253762, 0.22391468204346177, -0.8245562968462744, -0.9697862470726837, -1.4391629085724742, 0.3154732237317282, 0.8793445658095507, -1.289614165315367]
[-2.231748076388766, -0.12030703777449117, 1.7977796652414035, 1.1239843475391988, -0.3379400711905053, -0.45496809971924873, -1.427931013764479, 0.4282865311227391, 3.0365818512926666, 0.07149769922093108]
[-0.9958247660785597, 0.033543726815816605, 0.2286366359253762, 0.22391468204346177, -0.8245562968462744, -0.9697862470726837, -1.4391629085724742, 0.3154732237317282, 0.8793445658095507, -1.289614165315367]
[-2.231748076388766, -0.12030703777449117, 1.7977796652414035, 1.1239843475391988, -0.3379400711905053, -0.45496809971924873, -1.427931013764479, 0.4282865311227391, 3.0365818512926666, 0.07149769922093108]
[-0.9958247660785597, 0.033543726815816605, 0.2286366359253762, 0.22391468204346177, -0.8245562968462744, -0.9697862470726837, -1.4391629085724742, 0.3154732237317282, 0.8793445658095507, -1.289614165315367]
[-2.231748076388766, -0.12030703777449117, 1.7977796652414035, 1.1239843475391988, -0.3379400711905053, -0.45496809971924873, -1.427931013764479, 0.4282865311227391, 3.0365818512926666, 0.07149769922093108]
[-0.9958247660785597, 0.033543726815816605, 0.2286366359253762, 0.22391468204346177, -0.8245562968462744, -0.9697862470726837, -1.4391629085724742, 0.3154732237317282, 0.8793445658095507, -1.289614165315367]
[-2.231748076388766, -0.12030703777449117, 1.7977796652414035, 1.1239843475391988, -0.3379400711905053, -0.45496809971924873, -1.427931013764479, 0.4282865311227391, 3.0365818512926666, 0.07149769922093108]
[-0.9958247660785597, 0.033543726815816605, 0.2286366359253762, 0.22391468204346177, -0.8245562968462744, -0.9697862470726837, -1.4391629085724742, 0.3154732237317282, 0.8793445658095507, -1.289614165315367]
[-2.231748076388766, -0.12030703777449117, 1.7977796652414035, 1.1239843475391988, -0.3379400711905053, -0.45496809971924873, -1.427931013764479, 0.4282865311227391, 3.0365818512926666, 0.07149769922093108]
[-0.9958247660785597, 0.033543726815816605, 0.2286366359253762, 0.22391468204346177, -0.8245562968462744, -0.9697862470726837, -1.4391629085724742, 0.3154732237317282, 0.8793445658095507, -1.289614165315367]
[-2.231748076388766, -0.12030703777449117, 1.7977796652414035, 1.1239843475391988, -0.3379400711905053, -0.45496809971924873, -1.427931013764479, 0.4282865311227391, 3.0365818512926666, 0.07149769922093108]
[-0.9958247660785597, 0.033543726815816605, 0.2286366359253762, 0.22391468204346177, -0.8245562968462744, -0.9697862470726837, -1.4391629085724742, 0.3154732237317282, 0.8793445658095507, -1.289614165315367]
[-2.231748076388766, -0.12030703777449117, 1.7977796652414035, 1.1239843475391988, -0.3379400711905053, -0.45496809971924873, -1.427931013764479, 0.4282865311227391, 3.0365818512926666, 0.07149769922093108]
[-0.9958247660785597, 0.033543726815816605, 0.2286366359253762, 0.22391468204346177, -0.8245562968462744, -0.9697862470726837, -1.4391629085724742, 0.3154732237317282, 0.8793445658095507, -1.289614165315367]
[-2.231748076388766, -0.12030703777449117, 1.7977796652414035, 1.1239843475391988, -0.3379400711905053, -0.45496809971924873, -1.427931013764479, 0.4282865311227391, 3.0365818512926666, 0.07149769922093108]
[-0.9958247660785597, 0.033543726815816605, 0.2286366359253762, 0.22391468204346177, -0.8245562968462744, -0.9697862470726837, -1.4391629085724742, 0.3154732237317282, 0.8793445658095507, -1.289614165315367]
[-2.231748076388766, -0.12030703777449117, 1.7977796652414035, 1.1239843475391988, -0.3379400711905053, -0.45496809971924873, -1.427931013764479, 0.4282865311227391, 3.0365818512926666, 0.07149769922093108]
[-0.9958247660785597, 0.033543726815816605, 0.2286366359253762, 0.22391468204346177, -0.8245562968462744, -0.9697862470726837, -1.4391629085724742, 0.3154732237317282, 0.8793445658095507, -1.289614165315367]
[-2.231748076388766, -0.12030703777449117, 1.7977796652414035, 1.1239843475391988, -0.3379400711905053, -0.45496809971924873, -1.427931013764479, 0.4282865311227391, 3.0365818512926666, 0.07149769922093108]
[-0.9958247660785597, 0.033543726815816605, 0.2286366359253762, 0.22391468204346177, -0.8245562968462744, -0.9697862470726837, -1.4391629085724742, 0.3154732237317282, 0.8793445658095507, -1.289614165315367]
[-2.231748076388766, -0.12030703777449117, 1.7977796652414035, 1.1239843475391988, -0.3379400711905053, -0.45496809971924873, -1.427931013764479, 0.4282865311227391, 3.0365818512926666, 0.07149769922093108]
[-0.9958247660785597, 0.033543726815816605, 0.2286366359253762, 0.22391468204346177, -0.8245562968462744, -0.9697862470726837, -1.4391629085724742, 0.3154732237317282, 0.8793445658095507, -1.289614165315367]
[-2.231748076388766, -0.12030703777449117, 1.7977796652414035, 1.1239843475391988, -0.3379400711905053, -0.45496809971924873, -1.427931013764479, 0.4282865311227391, 3.0365818512926666, 0.07149769922093108]
[-0.9958247660785597, 0.033543726815816605, 0.2286366359253762, 0.22391468204346177, -0.8245562968462744, -0.9697862470726837, -1.4391629085724742, 0.3154732237317282, 0.8793445658095507, -1.289614165315367]
[-0.9958247660785597, 0.033543726815816605, 0.2286366359253762, 0.22391468204346177, -0.8245562968462744, -0.9697862470726837, -1.4391629085724742, 0.3154732237317282, 0.8793445658095507, -1.289614165315367]
[-2.231748076388766, -0.12030703777449117, 1.7977796652414035, 1.1239843475391988, -0.3379400711905053, -0.45496809971924873, -1.427931013764479, 0.4282865311227391, 3.0365818512926666, 0.07149769922093108]
[-0.9958247660785597, 0.033543726815816605, 0.2286366359253762, 0.22391468204346177, -0.8245562968462744, -0.9697862470726837, -1.4391629085724742, 0.3154732237317282, 0.8793445658095507, -1.289614165315367]
[-2.231748076388766, -0.12030703777449117, 1.7977796652414035, 1.1239843475391988, -0.3379400711905053, -0.45496809971924873, -1.427931013764479, 0.4282865311227391, 3.0365818512926666, 0.07149769922093108]
[-0.9958247660785597, 0.033543726815816605, 0.2286366359253762, 0.22391468204346177, -0.8245562968462744, -0.9697862470726837, -1.4391629085724742, 0.3154732237317282, 0.8793445658095507, -1.289614165315367]
[-2.231748076388766, -0.12030703777449117, 1.7977796652414035, 1.1239843475391988, -0.3379400711905053, -0.45496809971924873, -1.427931013764479, 0.4282865311227391, 3.0365818512926666, 0.07149769922093108]
[-0.9958247660785597, 0.033543726815816605, 0.2286366359253762, 0.22391468204346177, -0.8245562968462744, -0.9697862470726837, -1.4391629085724742, 0.3154732237317282, 0.8793445658095507, -1.289614165315367]
[-2.231748076388766, -0.12030703777449117, 1.7977796652414035, 1.1239843475391988, -0.3379400711905053, -0.45496809971924873, -1.427931013764479, 0.4282865311227391, 3.0365818512926666, 0.07149769922093108]
[-0.9958247660785597, 0.033543726815816605, 0.2286366359253762, 0.22391468204346177, -0.8245562968462744, -0.9697862470726837, -1.4391629085724742, 0.3154732237317282, 0.8793445658095507, -1.289614165315367]
[-2.231748076388766, -0.12030703777449117, 1.7977796652414035, 1.1239843475391988, -0.3379400711905053, -0.45496809971924873, -1.427931013764479, 0.4282865311227391, 3.0365818512926666, 0.07149769922093108]
[-0.9958247660785597, 0.033543726815816605, 0.2286366359253762, 0.22391468204346177, -0.8245562968462744, -0.9697862470726837, -1.4391629085724742, 0.3154732237317282, 0.8793445658095507, -1.289614165315367]
[-2.231748076388766, -0.12030703777449117, 1.7977796652414035, 1.1239843475391988, -0.3379400711905053, -0.45496809971924873, -1.427931013764479, 0.4282865311227391, 3.0365818512926666, 0.07149769922093108]
[-0.9958247660785597, 0.033543726815816605, 0.2286366359253762, 0.22391468204346177, -0.8245562968462744, -0.9697862470726837, -1.4391629085724742, 0.3154732237317282, 0.8793445658095507, -1.289614165315367]
[-2.231748076388766, -0.12030703777449117, 1.7977796652414035, 1.1239843475391988, -0.3379400711905053, -0.45496809971924873, -1.427931013764479, 0.4282865311227391, 3.0365818512926666, 0.07149769922093108]
[-0.9958247660785597, 0.033543726815816605, 0.2286366359253762, 0.22391468204346177, -0.8245562968462744, -0.9697862470726837, -1.4391629085724742, 0.3154732237317282, 0.8793445658095507, -1.289614165315367]
[-2.231748076388766, -0.12030703777449117, 1.7977796652414035, 1.1239843475391988, -0.3379400711905053, -0.45496809971924873, -1.427931013764479, 0.4282865311227391, 3.0365818512926666, 0.07149769922093108]
[-0.9958247660785597, 0.033543726815816605, 0.2286366359253762, 0.22391468204346177, -0.8245562968462744, -0.9697862470726837, -1.4391629085724742, 0.3154732237317282, 0.8793445658095507, -1.289614165315367]
[-2.231748076388766, -0.12030703777449117, 1.7977796652414035, 1.1239843475391988, -0.3379400711905053, -0.45496809971924873, -1.427931013764479, 0.4282865311227391, 3.0365818512926666, 0.07149769922093108]
[-0.9958247660785597, 0.033543726815816605, 0.2286366359253762, 0.22391468204346177, -0.8245562968462744, -0.9697862470726837, -1.4391629085724742, 0.3154732237317282, 0.8793445658095507, -1.289614165315367]
[-2.231748076388766, -0.12030703777449117, 1.7977796652414035, 1.1239843475391988, -0.3379400711905053, -0.45496809971924873, -1.427931013764479, 0.4282865311227391, 3.0365818512926666, 0.0ERROR: ERROR: schedule: Task not runnable
Stacktrace:
 [1] enq_work(::Task) at .\task.jl:411
 [2] schedule at .\task.jl:426 [inlined]
 [3] uv_writecb_task(::Ptr{Nothing}, ::Int32) at .\stream.jl:985
 [4] poptaskref(::Base.InvasiveLinkedListSynchronized{Task}) at .\task.jl:564
 [5] wait() at .\task.jl:591
 [6] uv_write(::Base.TTY, ::Ptr{UInt8}, ::UInt64) at .\stream.jl:883
 [7] unsafe_write(::Base.TTY, ::Ptr{UInt8}, ::UInt64) at .\stream.jl:931
 [8] #with_output_color#674(::Bool, ::typeof(Base.with_output_color), ::Function, ::Symbol, ::Base.TTY, ::String) at .\gcutils.jl:87
 [9] #with_output_color at .\none:0 [inlined]
 [10] #printstyled#675 at .\util.jl:398 [inlined]
 [11] (::getfield(Base, Symbol("#kw##printstyled")))(::NamedTuple{(:bold, :color),Tuple{Bool,Symbol}}, ::typeof(printstyled), ::Base.TTY, ::String) at .\none:0
 [12] display_error(::Base.TTY, ::InterruptException, ::Array{Base.StackTraces.StackFrame,1}) at C:\Users\cheny\.juliapro\JuliaPro_v1.2.0-1\packages\Atom\Wouyw\src\repl.jl:127
 [13] (::getfield(Atom, Symbol("##172#174")){Module})() at C:\Users\cheny\.juliapro\JuliaPro_v1.2.0-1\packages\Atom\Wouyw\src\repl.jl:167
 [14] with_logstate(::getfield(Atom, Symbol("##172#174")){Module}, ::Base.CoreLogging.LogState) at .\logging.jl:395
 [15] with_logger at .\logging.jl:491 [inlined]
 [16] evalrepl(::Module, ::String) at C:\Users\cheny\.juliapro\JuliaPro_v1.2.0-1\packages\Atom\Wouyw\src\repl.jl:152
 [17] top-level scope at C:\Users\cheny\.juliapro\JuliaPro_v1.2.0-1\packages\Atom\Wouyw\src\repl.jl:194
 [18] eval(::Module, ::Any) at .\boot.jl:330
 [19] eval_user_input(::Any, ::REPL.REPLBackend) at C:\Users\julia\AppData\Local\Julia-1.2.0\share\julia\stdlib\v1.2\REPL\src\REPL.jl:86
 [20] macro expansion at C:\Users\julia\AppData\Local\Julia-1.2.0\share\julia\stdlib\v1.2\REPL\src\REPL.jl:118 [inlined]
 [21] (::getfield(REPL, Symbol("##26#27")){REPL.REPLBackend})() at .\task.jl:268

WARNING: Workqueue inconsistency detected: popfirst!(Workqueue).state != :runnable

julia>

julia>

julia>
julia>

julia> @benchmark g(t1,u,v,w)
ERROR: InterruptException:
Stacktrace:
 [1] poptaskref(::Base.InvasiveLinkedListSynchronized{Task}) at .\task.jl:564
 [2] wait() at .\task.jl:591
 [3] wait(::Base.GenericCondition{ReentrantLock}) at .\condition.jl:104
 [4] take_buffered(::Channel{Any}) at .\channels.jl:350
 [5] take!(::Channel{Any}) at .\channels.jl:344
 [6] eval_with_backend(::Any, ::REPL.REPLBackendRef) at C:\Users\julia\AppData\Local\Julia-1.2.0\share\julia\stdlib\v1.2\REPL\src\REPL.jl:700
 [7] (::getfield(REPL, Symbol("#do_respond#38")){Bool,getfield(Atom, Symbol("##176#177")),REPL.LineEditREPL,REPL.LineEdit.Prompt})(::Any, ::Any, ::Any) at C:\Users\julia\AppData\Local\Julia-1.2.0\share\julia\stdlib\v1.2\REPL\src\REPL.jl:714
 [8] #invokelatest#1 at .\essentials.jl:790 [inlined]
 [9] invokelatest at .\essentials.jl:789 [inlined]
 [10] run_interface(::REPL.Terminals.TextTerminal, ::REPL.LineEdit.ModalInterface, ::REPL.LineEdit.MIState) at C:\Users\julia\AppData\Local\Julia-1.2.0\share\julia\stdlib\v1.2\REPL\src\LineEdit.jl:2306
 [11] run_frontend(::REPL.LineEditREPL, ::REPL.REPLBackendRef) at C:\Users\julia\AppData\Local\Julia-1.2.0\share\julia\stdlib\v1.2\REPL\src\REPL.jl:1038
 [12] run_repl(::REPL.AbstractREPL, ::Any) at C:\Users\julia\AppData\Local\Julia-1.2.0\share\julia\stdlib\v1.2\REPL\src\REPL.jl:201
 [13] (::getfield(Base, Symbol("##737#739")){Bool,Bool,Bool,Bool})(::Module) at .\client.jl:390
 [14] #invokelatest#1 at .\essentials.jl:790 [inlined]
 [15] invokelatest at .\essentials.jl:789 [inlined]
 [16] run_main_repl(::Bool, ::Bool, ::Bool, ::Bool, ::Bool) at .\client.jl:374
 [17] exec_options(::Base.JLOptions) at .\client.jl:312
 [18] _start() at .\client.jl:464

julia>

julia> @benchmark g(t1,u,v,w)
ERROR: InterruptException:
Starting Julia...
               _
   _       _ _(_)_     |  Documentation: https://docs.julialang.org
  (_)     | (_) (_)    |
   _ _   _| |_  __ _   |  Type "?" for help, "]?" for Pkg help.
  | | | | | | |/ _` |  |
  | | |_| | | | (_| |  |  Version 1.2.0 (2019-08-20)
 _/ |\__'_|_|_|\__'_|  |  Official https://julialang.org/ release
|__/                   |

julia>

julia> @benchmark g(t1,u,v,w)
BenchmarkTools.Trial:
  memory estimate:  368 bytes
  allocs estimate:  4
  --------------
  minimum time:     333.036 ns (0.00% GC)
  median time:      337.049 ns (0.00% GC)
  mean time:        376.914 ns (8.10% GC)
  samples:          10000
  evals/sample:     224

julia> @benchmakr g_test(t1,u,v,w)
ERROR: LoadError: UndefVarError: @benchmakr not defined
in expression starting at none:1

julia> @benchmark g_test(t1,u,v,w)
BenchmarkTools.Trial:
  memory estimate:  48 bytes
  allocs estimate:  2
  --------------
  minimum time:     270.276 ns (0.00% GC)
  median time:      273.065 ns (0.00% GC)
  mean time:        294.231 ns (5.45% GC)
  maximum time:     114.791 μs (99.69% GC)
  --------------
  samples:          10000
  evals/sample:     323

julia> g(t1,u,v,w) == g_test(t1,u,v,w)
true

julia> @benchmakr g3_test(u,v,w,a,b,c)
ERROR: LoadError: UndefVarError: @benchmakr not defined
in expression starting at none:1

julia> @benchmark g3_test(u,v,w,a,b,c)
BenchmarkTools.Trial:
  memory estimate:  0 bytes
  allocs estimate:  0
  --------------
  minimum time:     48.533 ns (0.00% GC)
  median time:      48.635 ns (0.00% GC)
  mean time:        48.925 ns (0.00% GC)
  maximum time:     127.705 ns (0.00% GC)
  --------------
  samples:          10000
  evals/sample:     989

julia> ge_test(u,v,w,a,b,c) == g_test(t1,u,v,w)
Stacktrace:
 [1] top-level scope at none:0

julia> g3_test(u,v,w,a,b,c) == g_test(t1,u,v,w)
true

julia>
julia> g3_test(u,v,w,a,b,c) == g_test(t1,u,v,w)
true

julia> @benchmakr g3_test(u,v,w,a,b,c)
ERROR: LoadError: UndefVarError: @benchmakr not defined
in expression starting at none:1

julia> @benchmark g3_test(u,v,w,a,b,c)
BenchmarkTools.Trial:
  memory estimate:  0 bytes
  allocs estimate:  0
  --------------
  minimum time:     73.072 ns (0.00% GC)
  median time:      73.279 ns (0.00% GC)
  mean time:        73.763 ns (0.00% GC)
  maximum time:     167.215 ns (0.00% GC)
  --------------
  samples:          10000
  evals/sample:     973

julia> @benchmark g_test(u,v,w,a,b,c)
ERROR: MethodError: no method matching g_test(::Array{Float64,1}, ::Array{Float64,1}, ::Array{Float64,1}, ::Array{Float64,1}, ::Array{Float64,1}, ::Array{Float64,1})
Closest candidates are:
  g_test(::Any, ::Any, ::Any, ::Any) at C:\Users\cheny\OneDrive\Documents\version-control\Poisson_Julia\sub_test\variable_passing_test\pass_test.jl:62
Stacktrace:
 [1] ##core#396() at C:\Users\cheny\.juliapro\JuliaPro_v1.2.0-1\packages\BenchmarkTools\7aqwe\src\execution.jl:297
 [2] ##sample#397(::BenchmarkTools.Parameters) at C:\Users\cheny\.juliapro\JuliaPro_v1.2.0-1\packages\BenchmarkTools\7aqwe\src\execution.jl:303
 [3] #_run#23(::Bool, ::String, ::Base.Iterators.Pairs{Symbol,Integer,NTuple{4,Symbol},NamedTuple{(:samples, :evals, :gctrial, :gcsample),Tuple{Int64,Int64,Bool,Bool}}}, ::typeof(BenchmarkTools._run), ::BenchmarkTools.Benchmark{Symbol("##benchmark#395")}, ::BenchmarkTools.Parameters) at C:\Users\cheny\.juliapro\JuliaPro_v1.2.0-1\packages\BenchmarkTools\7aqwe\src\execution.jl:331 [4] (::getfield(BenchmarkTools, Symbol("#kw##_run")))(::NamedTuple{(:verbose, :samples, :evals, :gctrial, :gcsample),Tuple{Bool,Int64,Int64,Bool,Bool}}, ::typeof(BenchmarkTools._run), ::BenchmarkTools.Benchmark{Symbol("##benchmark#395")}, ::BenchmarkTools.Parameters) at .\none:0 [5] (::getfield(Base, Symbol("#inner#2")){Base.Iterators.Pairs{Symbol,Integer,NTuple{5,Symbol},NamedTuple{(:verbose, :samples, :evals, :gctrial, :gcsample),Tuple{Bool,Int64,Int64,Bool,Bool}}},typeof(BenchmarkTools._run),Tuple{BenchmarkTools.Benchmark{Symbol("##benchmark#395")},BenchmarkTools.Parameters}})() at .\essentials.jl:793 [6] #invokelatest#1 at .\essentials.jl:794 [inlined]
 [7] #invokelatest at .\none:0 [inlined]
 [8] #run_result#37 at C:\Users\cheny\.juliapro\JuliaPro_v1.2.0-1\packages\BenchmarkTools\7aqwe\src\execution.jl:32 [inlined]
 [9] #run_result at .\none:0 [inlined]
 [10] #run#39(::Base.Iterators.Pairs{Symbol,Integer,NTuple{5,Symbol},NamedTuple{(:verbose, :samples, :evals, :gctrial, :gcsample),Tuple{Bool,Int64,Int64,Bool,Bool}}}, ::typeof(run), ::BenchmarkTools.Benchmark{Symbol("##benchmark#395")}, ::BenchmarkTools.Parameters) at C:\Users\cheny\.juliapro\JuliaPro_v1.2.0-1\packages\BenchmarkTools\7aqwe\src\execution.jl:46 [11] warmup(::BenchmarkTools.Benchmark{Symbol("##benchmark#395")}) at .\none:0
 [12] top-level scope at C:\Users\cheny\.juliapro\JuliaPro_v1.2.0-1\packages\BenchmarkTools\7aqwe\src\execution.jl:213

julia>
julia> @benchmark g_test(u,v,w,a,b,c)
ERROR: MethodError: no method matching g_test(::Array{Float64,1}, ::Array{Float64,1}, ::Array{Float64,1}, ::Array{Float64,1}, ::Array{Float64,1}, ::Array{Float64,1})
Closest candidates are:
  g_test(::Any, ::Any, ::Any, ::Any) at C:\Users\cheny\OneDrive\Documents\version-control\Poisson_Julia\sub_test\variable_passing_test\pass_test.jl:62
Stacktrace:
 [1] ##core#402() at C:\Users\cheny\.juliapro\JuliaPro_v1.2.0-1\packages\BenchmarkTools\7aqwe\src\execution.jl:297
 [2] ##sample#403(::BenchmarkTools.Parameters) at C:\Users\cheny\.juliapro\JuliaPro_v1.2.0-1\packages\BenchmarkTools\7aqwe\src\execution.jl:303
 [3] #_run#24(::Bool, ::String, ::Base.Iterators.Pairs{Symbol,Integer,NTuple{4,Symbol},NamedTuple{(:samples, :evals, :gctrial, :gcsample),Tuple{Int64,Int64,Bool,Bool}}}, ::typeof(BenchmarkTools._run), ::BenchmarkTools.Benchmark{Symbol("##benchmark#401")}, ::BenchmarkTools.Parameters) at C:\Users\cheny\.juliapro\JuliaPro_v1.2.0-1\packages\BenchmarkTools\7aqwe\src\execution.jl:331
 [4] (::getfield(BenchmarkTools, Symbol("#kw##_run")))(::NamedTuple{(:verbose, :samples, :evals, :gctrial, :gcsample),Tuple{Bool,Int64,Int64,Bool,Bool}}, ::typeof(BenchmarkTools._run), ::BenchmarkTools.Benchmark{Symbol("##benchmark#401")}, ::BenchmarkTools.Parameters) at .\none:0
 [5] (::getfield(Base, Symbol("#inner#2")){Base.Iterators.Pairs{Symbol,Integer,NTuple{5,Symbol},NamedTuple{(:verbose, :samples, :evals, :gctrial, :gcsample),Tuple{Bool,Int64,Int64,Bool,Bool}}},typeof(BenchmarkTools._run),Tuple{BenchmarkTools.Benchmark{Symbol("##benchmark#401")},BenchmarkTools.Parameters}})() at .\essentials.jl:793
 [6] #invokelatest#1 at .\essentials.jl:794 [inlined]
 [7] #invokelatest at .\none:0 [inlined]
 [8] #run_result#37 at C:\Users\cheny\.juliapro\JuliaPro_v1.2.0-1\packages\BenchmarkTools\7aqwe\src\execution.jl:32 [inlined]
 [9] #run_result at .\none:0 [inlined]
 [10] #run#39(::Base.Iterators.Pairs{Symbol,Integer,NTuple{5,Symbol},NamedTuple{(:verbose, :samples, :evals, :gctrial, :gcsample),Tuple{Bool,Int64,Int64,Bool,Bool}}}, ::typeof(run), ::BenchmarkTools.Benchmark{Symbol("##benchmark#401")}, ::BenchmarkTools.Parameters) at C:\Users\cheny\.juliapro\JuliaPro_v1.2.0-1\packages\BenchmarkTools\7aqwe\src\execution.jl:46
 [11] warmup(::BenchmarkTools.Benchmark{Symbol("##benchmark#401")}) at .\none:0
 [12] top-level scope at C:\Users\cheny\.juliapro\JuliaPro_v1.2.0-1\packages\BenchmarkTools\7aqwe\src\execution.jl:213

julia> u
100-element Array{Float64,1}:
  0.4279442831008162
 -0.3484084928382934
 -0.23235039450606776
  2.331310750583634
  0.3042414094568823
 -0.5221523482286538
 -1.71372544475307
  1.750441647069674
  0.9556289748922123
  1.499264549486185
  0.3293402477663062
  0.19693706972783334
  0.7630120321743283
 -0.2981876988785103
  0.07140630235431904
  1.4931246559299403
  0.2215267349059016
  0.5205642939226924
  0.097764224542484
  0.17970717857173213
  1.7772069450162082
  0.7811148398700809
  0.5798972052655683
  ⋮
 -0.3860366181875215
 -1.186259517917498
 -0.4644643566468191
  1.0397639417836075
  0.4869667737229883
 -1.9509499376422381
 -0.8023094939245796
 -0.9661526019843363
  1.7959040735934657
 -0.48986673081474585
  0.41723278069204967
  0.14581194544745996
  1.8065843969070752
 -0.06513492752576439
  0.35997617126513226
 -1.067015531397805
 -1.1119135505013302
  0.8796867978162332
 -0.6049460788185995
  0.3429862964044939
  1.7242648356668602
 -0.009875124848819205
 -1.3698009965214257

julia> v
100-element Array{Float64,1}:
 -1.1811673873138406
  1.8781799353672926
  0.8033731158234605
 -0.7340301781328519
 -0.23992695849357432
  0.5684333726835398
  2.061848816866348
 -0.6765756943420274
 -0.29031564588374903
 -1.4752705049180013
 -1.2865479182086854
  0.22581947691696927
 -0.2673036694766346
 -0.06444796338980507
 -0.2551758661127433
  0.6551703259841869
  1.115283488669066
 -0.5004229724475769
 -0.3900120245182345
 -0.283075535275734
 -0.5538553269782487
  0.3327702828635315
 -1.3090850499832258
  ⋮
  0.6021316309815185
  1.2135798250254095
  1.2022130091929413
 -0.5886424529503212
 -0.09873073506975212
 -0.540037904669332
 -0.0018666953687498555
 -0.17361619123391625
 -0.8274074697727523
 -0.43070306281836396
  0.12761523202018818
  0.020534641569765026
 -1.1758713908111116
 -1.8183124435045308
 -0.17539972680667784
 -0.21405626977912717
 -0.6626519658122697
 -0.47156258073970186
 -0.43092009431388173
  0.647231804612575
  1.7379802097163017
 -0.9012043934752553
 -1.8508375006792614

julia> w
100-element Array{Float64,1}:
 -0.8269833310105881
 -0.5326213622006436
  1.2151670240082408
 -1.7140348615339465
 -0.3201925598544353
  0.08733394783677473
  0.8435717779681978
 -0.13919036082845027
  0.020994889094388253
 -1.2623850453129437
 -0.8122568786874929
  1.2689173254829318
 -1.0905504211708195
  1.2496984643593796
  0.853712023576331
 -0.47259942931367444
 -0.5999030886491156
 -1.198825477874545
  1.1286780969835704
 -0.2089174094780133
  0.3527638110298118
  1.4628782827659028
  0.5884927366934402
  ⋮
 -2.565053364019276
 -0.3269313581766368
  0.4214714044612754
  0.13142143744860937
 -0.41510029680243016
 -0.25143768860498417
 -1.309555419793359
  1.7810297853400654
  0.9926827769352409
  0.2624090991417495
 -0.7917224482698322
 -0.872712791736938
  0.22810365752611517
 -0.4422571636394927
 -0.9970076278107396
 -0.470907496234055
 -0.9841360230950404
  0.7969015157680369
 -1.123716815439321
 -1.3055950726970018
 -0.570353613729909
  2.019130634338357
  0.5120134965669295

julia> t1
st_new
  n: Int64 100
  a: Array{Float64}((100,)) [1.138576483152648, -2.423781772050685, -0.6813283665405309, -1.0442813235540143, 1.1750813525763668, 1.008333581071802, -0.6103029938302047, 1.2290438655166296, -1.1398912195319015, 0.14003894361312633  …  2.0760774548446013, 0.9249651227321972, 0.345201620500965, 1.8821856957013001, -0.12634468952877473, 1.0096309092297135, 1.6456135047436349, -1.9118460807476694, -0.11703479753995208, 0.9785386200824391]
  b: Array{Float64}((100,)) [0.5214665963652576, 0.4143406627819242, 1.0969686325693724, -0.7603874143714753, -0.4616489596169998, -0.5759393162630929, -0.4668278390877579, -1.8331469046131044, 1.4161648114065328, 0.11445172278741415  …  -0.0010461216330623008, -1.7216272389355907, -0.4694478957000084, -1.336928464867913, 0.03188412407782117, 0.188995674482297, 1.6195248363046686, -0.17131341294923713, -1.5807486419814099, 1.476773057398555]
  c: Array{Float64}((100,)) [0.6171098867873903, -2.8381224348326093, -1.7782969991099034, -0.283893909182539, 1.6367303121933667, 1.5842728973348947, -0.14347515474244682, 3.062190770129734, -2.5560560309384344, 0.025587220825712173  …  2.0771235764776637,
2.6465923616677878, 0.8146495162009734, 3.2191141605692133, -0.1582288136065959, 0.8206352347474165, 0.02608866843896629, -1.7405326677984323, 1.4637138444414577, -0.49823443731611583]
  d: Array{Float64}((100,)) [0.6171098867873903, -2.8381224348326093, -1.7782969991099034, -0.283893909182539, 1.6367303121933667, 1.5842728973348947, -0.14347515474244682, 3.062190770129734, -2.5560560309384344, 0.025587220825712173  …  2.0771235764776637,
2.6465923616677878, 0.8146495162009734, 3.2191141605692133, -0.1582288136065959, 0.8206352347474165, 0.02608866843896629, -1.7405326677984323, 1.4637138444414577, -0.49823443731611583]


julia> g_test(t1,u,v,w)
100-element Array{Float64,1}:
  1.0244289968634854
  5.703039893690595
 -0.7391318377883308
  0.5123344627891862
  1.1676964232572455
  0.6850305146994852
  0.1545415129307653
 -1.8498787505285468
 -0.7061707807001749
  0.006511708879273278
 -0.05754370116619265
  1.0427451603091673
 -2.625815032856809
  0.021896546587269652
 -0.23069792211403903
 -1.4571282224655802
  0.16461787698076916
 -2.3475016108130675
  1.5396484131952684
 -2.637522374625444
 -0.055866728359233196
  0.4616423048858735
 -0.027931933422458605
  ⋮
  0.38756886501434296
  1.1068587348221892
 -2.1198677762362768
 -8.526070451196542
  0.3365006469463094
  0.020539370586556797
  0.34026671747440423
 -0.6269784947053273
  0.026760512191029612
 -0.3831265420580837
  0.43396701114196456
  0.5770592471297509
 -1.420645404565557
  4.310096504143567
 -2.1084398715739967
 -0.1012171679806737
  1.7552452729285128
  0.014946383203912582
  0.9836352078989996
  0.08518311158696563
  3.6258071510139085
 -2.485069125290854
 -1.2233208320654314

julia> @benchmakr g_test(t1,u,v,w)
ERROR: LoadError: UndefVarError: @benchmakr not defined
in expression starting at none:1

julia> @benchmark g_test(t1,u,v,w)
BenchmarkTools.Trial:
  memory estimate:  48 bytes
  allocs estimate:  2
  --------------
  minimum time:     307.083 ns (0.00% GC)
  median time:      314.173 ns (0.00% GC)
  mean time:        340.074 ns (6.21% GC)
  maximum time:     152.668 μs (99.71% GC)
  --------------
  samples:          10000
  evals/sample:     254

julia> @benchmakr g3_test(u,v,w,a,b,c)
ERROR: LoadError: UndefVarError: @benchmakr not defined
in expression starting at none:1

julia> @benchmark g3_test(u,v,w,a,b,c)
BenchmarkTools.Trial:
  memory estimate:  0 bytes
  allocs estimate:  0
  --------------
  minimum time:     73.259 ns (0.00% GC)
  median time:      73.872 ns (0.00% GC)
  mean time:        74.494 ns (0.00% GC)
  maximum time:     249.078 ns (0.00% GC)
  --------------
  samples:          10000
  evals/sample:     976
julia> @benchmakr g_test(t1,u,v,w)
ERROR: LoadError: UndefVarError: @benchmakr not defined
in expression starting at none:1

julia> @benchmark g_test(t1,u,v,w)
BenchmarkTools.Trial:
  memory estimate:  48 bytes
  allocs estimate:  2
  --------------
  minimum time:     304.476 ns (0.00% GC)
  median time:      309.350 ns (0.00% GC)
  mean time:        336.435 ns (6.61% GC)
  maximum time:     160.972 μs (99.73% GC)
  --------------
  samples:          10000
  evals/sample:     246

julia> @benchmark @unpack a,b,c,d = t1
BenchmarkTools.Trial:
  memory estimate:  0 bytes
  allocs estimate:  0
  --------------
  minimum time:     50.203 ns (0.00% GC)
  median time:      51.117 ns (0.00% GC)
  mean time:        51.544 ns (0.00% GC)
  maximum time:     139.047 ns (0.00% GC)
  --------------
  samples:          10000
  evals/sample:     986

julia> @benchmakr g1(u,v,w)
ERROR: LoadError: UndefVarError: @benchmakr not defined
in expression starting at none:1

julia> @benchmark g1(u,v,w)
BenchmarkTools.Trial:
  memory estimate:  2.67 KiB
  allocs estimate:  5
  --------------
  minimum time:     431.151 ns (0.00% GC)
  median time:      450.246 ns (0.00% GC)
  mean time:        524.858 ns (11.81% GC)
  maximum time:     189.600 μs (99.61% GC)
  --------------
  samples:          10000
  evals/sample:     199



julia>
julia>

julia> u = randn(N);

julia> du = similar(u);

julia> myMAT_original!(du,u)
10201-element Array{Float64,1}:
   3.3733518888637315
  -7.31903764887849
  -3.659764201621549
  33.551453309380484
  10.18725560995473
   2.8012401844143593
  -4.9422212408504365
  24.158821329859197
 -16.046198746696632
   0.30244702234928755
   8.658107263022908
   5.451826750053167
   2.59806434886513
  -5.635726669224816
  -3.8466983406012414
   7.835228741563191
  -5.035974672387622
  17.317837078856574
 -13.495372479003706
  14.231463909267779
  11.293013356533876
  -0.3407299110368109
  16.663093991090953
   ⋮
   7.748101909953818
  27.411880887006888
   4.809439604767222
  -0.7051526086212513
  10.229491759311362
  -1.2572509742978673
   1.1025533244719514
  -6.373124082317742
  39.603881538244224
  14.578226691416408
 -15.554805344720544
 -20.526736374074975
   8.017779072283094
 -12.940362527968643
   7.693560802919566
 -21.035670438277492
  -6.5970727475587365
 -16.856349322447723
   6.563438799610414
  -1.2397685295978065
  -8.668500558955257
 -15.172846004741096
   0.760144891441359

julia> myMAT_new!(du,u)
ERROR: MethodError: no method matching myMAT_new!(::Array{Float64,1}, ::Array{Float64,1})
Closest candidates are:
  myMAT_new!(::AbstractArray{T,1} where T, ::AbstractArray{T,1} where T, ::Any, ::Any, ::Any) at C:\Users\cheny\OneDrive\Documents\version-control\Poisson_Julia\sub_test\Poisson_CG.jl:315
Stacktrace:
 [1] top-level scope at none:0

julia> myMAT_new!(du,u,container,var_test,intermediate)
10201-element Array{Float64,1}:
   3.3733518888637315
  -7.31903764887849
  -3.659764201621549
  33.551453309380484
  10.18725560995473
   2.8012401844143593
  -4.9422212408504365
  24.158821329859197
 -16.046198746696632
   0.30244702234928755
   8.658107263022908
   5.451826750053167
   2.59806434886513
  -5.635726669224816
  -3.8466983406012414
   7.835228741563191
  -5.035974672387622
  17.317837078856574
 -13.495372479003706
  14.231463909267779
  11.293013356533876
  -0.3407299110368109
  16.663093991090953
   ⋮
   7.748101909953818
  27.411880887006888
   4.809439604767222
  -0.7051526086212513
  10.229491759311362
  -1.2572509742978673
   1.1025533244719514
  -6.373124082317742
  39.603881538244224
  14.578226691416408
 -15.554805344720544
 -20.526736374074975
   8.017779072283094
 -12.940362527968643
   7.693560802919566
 -21.035670438277492
  -6.5970727475587365
 -16.856349322447723
   6.563438799610414
  -1.2397685295978065
  -8.668500558955257
 -15.172846004741096
   0.760144891441359

julia> myMAT_new!(du,u)
ERROR: MethodError: no method matching myMAT_new!(::Array{Float64,1}, ::Array{Float64,1})
Closest candidates are:
  myMAT_new!(::AbstractArray{T,1} where T, ::AbstractArray{T,1} where T, ::Any, ::Any, ::Any) at C:\Users\cheny\OneDrive\Documents\version-control\Poisson_Julia\sub_test\Poisson_CG.jl:315
Stacktrace:
 [1] top-level scope at none:0

julia> myMAT_original!(du,u)
10201-element Array{Float64,1}:
   3.3733518888637315
  -7.31903764887849
  -3.659764201621549
  33.551453309380484
  10.18725560995473
   2.8012401844143593
  -4.9422212408504365
  24.158821329859197
 -16.046198746696632
   0.30244702234928755
   8.658107263022908
   5.451826750053167
   2.59806434886513
  -5.635726669224816
  -3.8466983406012414
   7.835228741563191
  -5.035974672387622
  17.317837078856574
 -13.495372479003706
  14.231463909267779
  11.293013356533876
  -0.3407299110368109
  16.663093991090953
   ⋮
   7.748101909953818
  27.411880887006888
   4.809439604767222
  -0.7051526086212513
  10.229491759311362
  -1.2572509742978673
   1.1025533244719514
  -6.373124082317742
  39.603881538244224
  14.578226691416408
 -15.554805344720544
 -20.526736374074975
   8.017779072283094
 -12.940362527968643
   7.693560802919566
 -21.035670438277492
  -6.5970727475587365
 -16.856349322447723
   6.563438799610414
  -1.2397685295978065
  -8.668500558955257
 -15.172846004741096
   0.760144891441359

julia> myMAT_beta!(du,u,container,var_test,intermediate)
10201-element Array{Float64,1}:
   3.3733518888637315
  -7.31903764887849
  -3.659764201621549
  33.551453309380484
  10.18725560995473
   2.8012401844143593
  -4.9422212408504365
  24.158821329859197
 -16.046198746696632
   0.30244702234928755
   8.658107263022908
   5.451826750053167
   2.59806434886513
  -5.635726669224816
  -3.8466983406012414
   7.835228741563191
  -5.035974672387622
  17.317837078856574
 -13.495372479003706
  14.231463909267779
  11.293013356533876
  -0.3407299110368109
  16.663093991090953
   ⋮
   7.748101909953818
  27.411880887006888
   4.809439604767222
  -0.7051526086212513
  10.229491759311362
  -1.2572509742978673
   1.1025533244719514
  -6.373124082317742
  39.603881538244224
  14.578226691416408
 -15.554805344720544
 -20.526736374074975
   8.017779072283094
 -12.940362527968643
   7.693560802919566
 -21.035670438277492
  -6.5970727475587365
 -16.856349322447723
   6.563438799610414
  -1.2397685295978065
  -8.668500558955257
   0.760144891441359

julia> @benchmakr myMAT_original!(du,u)
ERROR: LoadError: UndefVarError: @benchmakr not defined
in expression starting at none:1

julia> @benchmark myMAT_original!(du,u)
BenchmarkTools.Trial:
  memory estimate:  3.96 MiB
  allocs estimate:  848
  --------------
  minimum time:     365.300 μs (0.00% GC)
  median time:      412.201 μs (0.00% GC)
  mean time:        746.090 μs (20.21% GC)
  maximum time:     45.456 ms (97.41% GC)
  --------------
  samples:          6687
  evals/sample:     1

julia> @benchmakr myMAT_new!(du,u,container,var_test,intermediate)
ERROR: LoadError: UndefVarError: @benchmakr not defined
in expression starting at none:1

julia> @benchmark myMAT_new!(du,u,container,var_test,intermediate)
BenchmarkTools.Trial:
  memory estimate:  722.70 KiB
  allocs estimate:  45
  --------------
  minimum time:     109.601 μs (0.00% GC)
  median time:      120.001 μs (0.00% GC)
  mean time:        191.912 μs (14.74% GC)
  maximum time:     2.724 ms (87.37% GC)
  --------------
  samples:          10000
  evals/sample:     1

julia> @benchmark myMAT_beta!(du,u,container,var_test,intermediate)
BenchmarkTools.Trial:
  memory estimate:  562.75 KiB
  allocs estimate:  36
  --------------
  minimum time:     102.201 μs (0.00% GC)
  median time:      110.499 μs (0.00% GC)
  mean time:        134.434 μs (11.45% GC)
  maximum time:     2.564 ms (94.85% GC)
  --------------
  samples:          10000
  evals/sample:     1

julia>
julia>

julia> myMAT_new!(du,u,container,var_test,intermediate)
10201-element Array{Float64,1}:
   3.3733518888637315
  -7.31903764887849
  -3.659764201621549
  33.551453309380484
  10.18725560995473
   2.8012401844143593
  -4.9422212408504365
  24.158821329859197
 -16.046198746696632
   0.30244702234928755
   8.658107263022908
   5.451826750053167
   2.59806434886513
  -5.635726669224816
  -3.8466983406012414
   7.835228741563191
  -5.035974672387622
  17.317837078856574
 -13.495372479003706
  14.231463909267779
  11.293013356533876
  -0.3407299110368109
  16.663093991090953
   ⋮
   7.748101909953818
  27.411880887006888
   4.809439604767222
  -0.7051526086212513
  10.229491759311362
  -1.2572509742978673
   1.1025533244719514
  -6.373124082317742
  39.603881538244224
  14.578226691416408
 -15.554805344720544
 -20.526736374074975
   8.017779072283094
 -12.940362527968643
   7.693560802919566
 -21.035670438277492
  -6.5970727475587365
 -16.856349322447723
   6.563438799610414
  -1.2397685295978065
  -8.668500558955257
 -15.172846004741096
   0.760144891441359

julia> myMAT_beta!(du,u,container,var_test,intermediate)
10201-element Array{Float64,1}:
   3.3733518888637315
  -7.31903764887849
  -3.659764201621549
  33.551453309380484
  10.18725560995473
   2.8012401844143593
  -4.9422212408504365
  24.158821329859197
 -16.046198746696632
   0.30244702234928755
   8.658107263022908
   5.451826750053167
   2.59806434886513
  -5.635726669224816
  -3.8466983406012414
   7.835228741563191
  -5.035974672387622
  17.317837078856574
 -13.495372479003706
  14.231463909267779
  11.293013356533876
  -0.3407299110368109
  16.663093991090953
   ⋮
   7.748101909953818
  27.411880887006888
   4.809439604767222
  -0.7051526086212513
  10.229491759311362
  -1.2572509742978673
   1.1025533244719514
  -6.373124082317742
  39.603881538244224
  14.578226691416408
 -15.554805344720544
 -20.526736374074975
   8.017779072283094
 -12.940362527968643
   7.693560802919566
 -21.035670438277492
  -6.5970727475587365
   6.563438799610414
  -1.2397685295978065
  -8.668500558955257
 -15.172846004741096
   0.760144891441359

julia> @benchmakr myMAT_beta!(du,u,container,var_test,intermediate)
ERROR: LoadError: UndefVarError: @benchmakr not defined
in expression starting at none:1

julia> @benchmark myMAT_beta!(du,u,container,var_test,intermediate)
BenchmarkTools.Trial:
  memory estimate:  563.19 KiB
  allocs estimate:  64
  --------------
  minimum time:     143.200 μs (0.00% GC)
  median time:      152.399 μs (0.00% GC)
  mean time:        175.820 μs (8.02% GC)
  maximum time:     2.520 ms (90.72% GC)
  --------------
  samples:          10000
  evals/sample:     1

julia> @benchmark myMAT_new!(du,u,container,var_test,intermediate)
BenchmarkTools.Trial:
  memory estimate:  722.70 KiB
  allocs estimate:  45
  --------------
  minimum time:     108.501 μs (0.00% GC)
  median time:      118.600 μs (0.00% GC)
  mean time:        150.620 μs (13.40% GC)
  maximum time:     2.540 ms (90.98% GC)
  samples:          10000
  evals/sample:     1

julia> @benchmark myMAT_beta!(du,u,container,var_test,intermediate)
BenchmarkTools.Trial:
  memory estimate:  563.19 KiB
  allocs estimate:  64
  --------------
  minimum time:     144.099 μs (0.00% GC)
  median time:      153.500 μs (0.00% GC)
  mean time:        175.125 μs (7.90% GC)
  maximum time:     2.596 ms (88.27% GC)
  --------------
  samples:          10000
  evals/sample:     1

julia>
julia>

julia> @benchmark myMAT_beta!(du,u,container,var_test,intermediate)
BenchmarkTools.Trial:
  memory estimate:  562.75 KiB
  allocs estimate:  36
  --------------
  minimum time:     99.600 μs (0.00% GC)
  median time:      111.100 μs (0.00% GC)
  mean time:        134.977 μs (11.14% GC)
  maximum time:     5.841 ms (0.00% GC)
  --------------
  samples:          10000
  evals/sample:     1

julia> @benchmakr myMAT_original!(du,u)
ERROR: LoadError: UndefVarError: @benchmakr not defined
in expression starting at none:1

julia> @benchmark myMAT_original!(du,u)
BenchmarkTools.Trial:
  memory estimate:  3.96 MiB
  allocs estimate:  848
  --------------
  minimum time:     369.500 μs (0.00% GC)
  median time:      400.600 μs (0.00% GC)
  mean time:        524.320 μs (18.56% GC)
  maximum time:     3.412 ms (60.98% GC)
  --------------
  samples:          9506
  evals/sample:     1

julia>
julia>

julia> myMAT_original!(du,u) == myMAT_new!(du,u,container,var_test,intermediate)
true

julia> myMAT_original!(du,u) == myMAT_beta!(du,u,container,var_test,intermediate)
true

julia> @benchmark du1 = BySy_beta(u,Nx,Ny,N,hx,hy,y_BySy)
BenchmarkTools.Trial:
  memory estimate:  0 bytes
  allocs estimate:  0
  --------------
  median time:      207.069 ns (0.00% GC)
  mean time:        208.549 ns (0.00% GC)
  maximum time:     452.241 ns (0.00% GC)
  --------------
  samples:          10000
  evals/sample:     580

julia> @benchmark du1 .= BySy_beta(u,Nx,Ny,N,hx,hy,y_BySy)
ERROR: UndefVarError: du1 not defined
Stacktrace:
 [1] ##core#478() at C:\Users\cheny\.juliapro\JuliaPro_v1.2.0-1\packages\BenchmarkTools\7aqwe\src\execution.jl:297
 [2] ##sample#479(::BenchmarkTools.Parameters) at C:\Users\cheny\.juliapro\JuliaPro_v1.2.0-1\packages\BenchmarkTools\7aqwe\src\execution.jl:303
 [3] #_run#48(::Bool, ::String, ::Base.Iterators.Pairs{Symbol,Integer,NTuple{4,Symbol},NamedTuple{(:samples, :evals, :gctrial, :gcsample),Tuple{Int64,Int64,Bool,Bool}}}, ::typeof(BenchmarkTools._run), ::BenchmarkTools.Benchmark{Symbol("##benchmark#477")}, ::BenchmarkTools.Parameters) at C:\Users\cheny\.juliapro\JuliaPro_v1.2.0-1\packages\BenchmarkTools\7aqwe\src\execution.jl:331 [4] (::getfield(Base, Symbol("#inner#2")){Base.Iterators.Pairs{Symbol,Integer,NTuple{5,Symbol},NamedTuple{(:verbose, :samples, :evals, :gctrial, :gcsample),Tuple{Bool,Int64,Int64,Bool,Bool}}},typeof(BenchmarkTools._run),Tuple{BenchmarkTools.Benchmark{Symbol("##benchmark#477")},BenchmarkTools.Parameters}})() at .\none:0 [5] #invokelatest#1 at .\essentials.jl:794 [inlined]
 [6] #invokelatest at .\none:0 [inlined]
 [7] #run_result#37 at C:\Users\cheny\.juliapro\JuliaPro_v1.2.0-1\packages\BenchmarkTools\7aqwe\src\execution.jl:32 [inlined]
 [8] #run_result at .\none:0 [inlined]
 [9] #run#39(::Base.Iterators.Pairs{Symbol,Integer,NTuple{5,Symbol},NamedTuple{(:verbose, :samples, :evals, :gctrial, :gcsample),Tuple{Bool,Int64,Int64,Bool,Bool}}}, ::typeof(run), ::BenchmarkTools.Benchmark{Symbol("##benchmark#477")}, ::BenchmarkTools.Parameters) at C:\Users\cheny\.juliapro\JuliaPro_v1.2.0-1\packages\BenchmarkTools\7aqwe\src\execution.jl:46 [10] warmup(::BenchmarkTools.Benchmark{Symbol("##benchmark#477")}) at .\none:0
 [11] top-level scope at C:\Users\cheny\.juliapro\JuliaPro_v1.2.0-1\packages\BenchmarkTools\7aqwe\src\execution.jl:213

julia> @benchmark {du1 .= BySy_beta(u,Nx,Ny,N,hx,hy,y_BySy)}
ERROR: syntax: { } vector syntax is discontinued
Stacktrace:
 [1] top-level scope at none:0
 [2] eval at .\boot.jl:330 [inlined]
 [4] top-level scope at C:\Users\cheny\.juliapro\JuliaPro_v1.2.0-1\packages\BenchmarkTools\7aqwe\src\execution.jl:258

julia> @benchmark du1 = BySy_beta(u,Nx,Ny,N,hx,hy,y_BySy)}
ERROR: syntax: extra token "}" after end of expression

BenchmarkTools.Trial:
  memory estimate:  0 bytes
  allocs estimate:  0
  --------------
  minimum time:     205.739 ns (0.00% GC)
  median time:      207.998 ns (0.00% GC)
  mean time:        209.503 ns (0.00% GC)
  maximum time:     474.609 ns (0.00% GC)
  --------------
  samples:          10000
  evals/sample:     575

julia> @benchmark du1 = BySy_beta(u,Nx,Ny,N,hx,hy,y_BySy)
BenchmarkTools.Trial:
  memory estimate:  0 bytes
  allocs estimate:  0
  --------------
  minimum time:     205.913 ns (0.00% GC)
  median time:      208.350 ns (0.00% GC)
  mean time:        210.204 ns (0.00% GC)
  maximum time:     660.350 ns (0.00% GC)
  --------------
  samples:          10000
  evals/sample:     575

julia> @benchmark du6 = alpha2*Hyinv_beta(du5,Nx,Ny,N,hx,hy,y_Hyinv)
ERROR: UndefVarError: du5 not defined
Stacktrace:
 [1] ##core#494() at C:\Users\cheny\.juliapro\JuliaPro_v1.2.0-1\packages\BenchmarkTools\7aqwe\src\execution.jl:297
 [2] ##sample#495(::BenchmarkTools.Parameters) at C:\Users\cheny\.juliapro\JuliaPro_v1.2.0-1\packages\BenchmarkTools\7aqwe\src\execution.jl:303
 [3] #_run#51(::Bool, ::String, ::Base.Iterators.Pairs{Symbol,Integer,NTuple{4,Symbol},NamedTuple{(:samples, :evals, :gctrial, :gcsample),Tuple{Int64,Int64,Bool,Bool}}}, ::typeof(BenchmarkTools._run), ::BenchmarkTools.Benchmark{Symbol("##benchmark#493")}, ::BenchmarkTools.Parameters) at C:\Users\cheny\.juliapro\JuliaPro_v1.2.0-1\packages\BenchmarkTools\7aqwe\src\execution.jl:331 [4] (::getfield(Base, Symbol("#inner#2")){Base.Iterators.Pairs{Symbol,Integer,NTuple{5,Symbol},NamedTuple{(:verbose, :samples, :evals, :gctrial, :gcsample),Tuple{Bool,Int64,Int64,Bool,Bool}}},typeof(BenchmarkTools._run),Tuple{BenchmarkTools.Benchmark{Symbol("##benchmark#493")},BenchmarkTools.Parameters}})() at .\none:0 [5] #invokelatest#1 at .\essentials.jl:794 [inlined] [6] #invokelatest at .\none:0 [inlined]
 [7] #run_result#37 at C:\Users\cheny\.juliapro\JuliaPro_v1.2.0-1\packages\BenchmarkTools\7aqwe\src\execution.jl:32 [inlined]
 [8] #run_result at .\none:0 [inlined]
 [9] #run#39(::Base.Iterators.Pairs{Symbol,Integer,NTuple{5,Symbol},NamedTuple{(:verbose, :samples, :evals, :gctrial, :gcsample),Tuple{Bool,Int64,Int64,Bool,Bool}}}, ::typeof(run), ::BenchmarkTools.Benchmark{Symbol("##benchmark#493")}, ::BenchmarkTools.Parameters) at C:\Users\cheny\.juliapro\JuliaPro_v1.2.0-1\packages\BenchmarkTools\7aqwe\src\execution.jl:46 [10] warmup(::BenchmarkTools.Benchmark{Symbol("##benchmark#493")}) at .\none:0 [11] top-level scope at C:\Users\cheny\.juliapro\JuliaPro_v1.2.0-1\packages\BenchmarkTools\7aqwe\src\execution.jl:213

julia>
julia> du5 = VOLtoFACE_beta(du1,2,Nx,Ny,N,yv2fs)
ERROR: UndefVarError: du1 not defined
Stacktrace:
 [1] top-level scope at none:0

julia>
julia>

julia> du1 = BySy_beta(u,Nx,Ny,N,hx,hy,y_BySy)
10201-element Array{Float64,1}:
 215.12440106663058
   0.0
   0.0
   0.0
   0.0
   0.0
   0.0
   0.0
   0.0
   0.0
   0.0
   0.0
   0.0
   0.0
   0.0
   0.0
   0.0
   0.0
   0.0
   0.0
   0.0
   0.0
   0.0
   ⋮
   0.0
   0.0
   0.0
   0.0
   0.0
   0.0
   0.0
   0.0
   0.0
   0.0
   0.0
   0.0
   0.0
   0.0
   0.0
   0.0
   0.0
   0.0
   0.0
   0.0
   0.0
   0.0
 192.32015995116535

julia> du5 = VOLtoFACE_beta(du1,2,Nx,Ny,N,yv2fs)
10201-element Array{Float64,1}:
   0.0
   0.0
   0.0
   0.0
   0.0
   0.0
   0.0
   0.0
   0.0
   0.0
   0.0
   0.0
   0.0
   0.0
   0.0
   0.0
   0.0
   0.0
   0.0
   0.0
   0.0
   0.0
   0.0
   ⋮
   0.0
   0.0
   0.0
   0.0
   0.0
   0.0
   0.0
   0.0
   0.0
   0.0
   0.0
   0.0
   0.0
   0.0
   0.0
   0.0
   0.0
   0.0
   0.0
   0.0
   0.0
   0.0
 192.32015995116535

julia> @benchmark du6 = alpha2*Hyinv_beta(du5,Nx,Ny,N,hx,hy,y_Hyinv)
BenchmarkTools.Trial:
  memory estimate:  79.83 KiB
  allocs estimate:  2
  --------------
  minimum time:     7.500 μs (0.00% GC)
  median time:      9.233 μs (0.00% GC)
  mean time:        11.001 μs (13.08% GC)
  maximum time:     783.467 μs (98.42% GC)
  --------------
  samples:          10000
  evals/sample:     3

julia> y_Hyinv
10201-element Array{Float64,1}:
     0.0
     0.0
     0.0
     0.0
     0.0
     0.0
     0.0
     0.0
     0.0
     0.0
     0.0
     0.0
     0.0
     0.0
     0.0
     0.0
     0.0
     0.0
     0.0
     0.0
     0.0
     0.0
     0.0
     ⋮
     0.0
     0.0
     0.0
     0.0
     0.0
     0.0
     0.0
     0.0
     0.0
     0.0
     0.0
     0.0
     0.0
     0.0
     0.0
     0.0
     0.0
     0.0
     0.0
     0.0
     0.0
 38464.03199023307

julia> @benchmark du6 = alpha2*Hyinv_beta(du5,Nx,Ny,N,hx,hy,y_Hyinv)
BenchmarkTools.Trial:
  memory estimate:  79.83 KiB
  allocs estimate:  2
  --------------
  minimum time:     7.233 μs (0.00% GC)
  median time:      9.100 μs (0.00% GC)
  mean time:        10.828 μs (13.25% GC)
  maximum time:     769.966 μs (98.36% GC)
  --------------
  samples:          10000
  evals/sample:     3

julia> @benchmark Hyinv_beta(du,Nx,Ny,N,hx,hy,y_Hyinv)
BenchmarkTools.Trial:
  memory estimate:  0 bytes
  allocs estimate:  0
  --------------
  minimum time:     2.511 μs (0.00% GC)
  median time:      2.578 μs (0.00% GC)
  mean time:        2.596 μs (0.00% GC)
  maximum time:     9.256 μs (0.00% GC)
  --------------
  samples:          10000
  evals/sample:     9

julia> alpha2
-1

julia>
julia>

julia> alpha2
-1

julia> @benchmark du6 = *Hyinv_beta(du5,Nx,Ny,N,hx,hy,y_Hyinv)
ERROR: syntax: "*" is not a unary operator

julia> @benchmark du6 = Hyinv_beta(du5,Nx,Ny,N,hx,hy,y_Hyinv)
BenchmarkTools.Trial:
  memory estimate:  0 bytes
  allocs estimate:  0
  --------------
  minimum time:     2.600 μs (0.00% GC)
  median time:      2.656 μs (0.00% GC)
  mean time:        2.684 μs (0.00% GC)
  maximum time:     22.600 μs (0.00% GC)
  --------------
  samples:          10000
  evals/sample:     9

julia> @benchmark du6 = alpha*Hyinv_beta(du5,Nx,Ny,N,hx,hy,y_Hyinv)
ERROR: UndefVarError: alpha not defined
Stacktrace:
 [1] ##core#514() at C:\Users\cheny\.juliapro\JuliaPro_v1.2.0-1\packages\BenchmarkTools\7aqwe\src\execution.jl:297
 [2] ##sample#515(::BenchmarkTools.Parameters) at C:\Users\cheny\.juliapro\JuliaPro_v1.2.0-1\packages\BenchmarkTools\7aqwe\src\execution.jl:303
 [3] #_run#56(::Bool, ::String, ::Base.Iterators.Pairs{Symbol,Integer,NTuple{4,Symbol},NamedTuple{(:samples, :evals, :gctrial, :gcsample),Tuple{Int64,Int64,Bool,Bool}}}, ::typeof(BenchmarkTools._run), ::BenchmarkTools.Benchmark{Symbol("##benchmark#513")}, ::BenchmarkTools.Parameters) at C:\Users\cheny\.juliapro\JuliaPro_v1.2.0-1\packages\BenchmarkTools\7aqwe\src\execution.jl:331
 [4] (::getfield(Base, Symbol("#inner#2")){Base.Iterators.Pairs{Symbol,Integer,NTuple{5,Symbol},NamedTuple{(:verbose, :samples, :evals, :gctrial, :gcsample),Tuple{Bool,Int64,Int64,Bool,Bool}}},typeof(BenchmarkTools._run),Tuple{BenchmarkTools.Benchmark{Symbol("##benchmark#513")},BenchmarkTools.Parameters}})() at .\none:0
 [5] #invokelatest#1 at .\essentials.jl:794 [inlined]
 [6] #invokelatest at .\none:0 [inlined]
 [7] #run_result#37 at C:\Users\cheny\.juliapro\JuliaPro_v1.2.0-1\packages\BenchmarkTools\7aqwe\src\execution.jl:32 [inlined]
 [9] #run#39(::Base.Iterators.Pairs{Symbol,Integer,NTuple{5,Symbol},NamedTuple{(:verbose, :samples, :evals, :gctrial, :gcsample),Tuple{Bool,Int64,Int64,Bool,Bool}}}, ::typeof(run), ::BenchmarkTools.Benchmark{Symbol("##benchmark#513")}, ::BenchmarkTools.Parameters) at C:\Users\cheny\.juliapro\JuliaPro_v1.2.0-1\packages\BenchmarkTools\7aqwe\src\execution.jl:46 [10] warmup(::BenchmarkTools.Benchmark{Symbol("##benchmark#513")}) at .\none:0
 [11] top-level scope at C:\Users\cheny\.juliapro\JuliaPro_v1.2.0-1\packages\BenchmarkTools\7aqwe\src\execution.jl:213

julia> @benchmark du6 = alpha2*Hyinv_beta(du5,Nx,Ny,N,hx,hy,y_Hyinv)
BenchmarkTools.Trial:
  memory estimate:  79.83 KiB
  allocs estimate:  2
  --------------
  minimum time:     7.367 μs (0.00% GC)
  median time:      8.900 μs (0.00% GC)
  mean time:        10.631 μs (12.66% GC)
  --------------
  samples:          10000
  evals/sample:     3

julia> @benchmark du6 = alpha2.*Hyinv_beta(du5,Nx,Ny,N,hx,hy,y_Hyinv)
BenchmarkTools.Trial:
  memory estimate:  79.88 KiB
  allocs estimate:  4
  --------------
  minimum time:     6.899 μs (0.00% GC)
  median time:      9.600 μs (0.00% GC)
  mean time:        11.063 μs (12.36% GC)
  maximum time:     496.600 μs (95.77% GC)
  --------------
  samples:          10000
  evals/sample:     1

julia> @benchmark du6 .= alpha2.*Hyinv_beta(du5,Nx,Ny,N,hx,hy,y_Hyinv)
ERROR: UndefVarError: du6 not defined
Stacktrace:
 [1] ##core#526() at C:\Users\cheny\.juliapro\JuliaPro_v1.2.0-1\packages\BenchmarkTools\7aqwe\src\execution.jl:297
 [2] ##sample#527(::BenchmarkTools.Parameters) at C:\Users\cheny\.juliapro\JuliaPro_v1.2.0-1\packages\BenchmarkTools\7aqwe\src\execution.jl:303
 [3] #_run#59(::Bool, ::String, ::Base.Iterators.Pairs{Symbol,Integer,NTuple{4,Symbol},NamedTuple{(:samples, :evals, :gctrial, :gcsample),Tuple{Int64,Int64,Bool,Bool}}}, ::typeof(BenchmarkTools._run), ::BenchmarkTools.Benchmark{Symbol("##benchmark#525")}, ::BenchmarkTools.Parameters) at C:\Users\cheny\.juliapro\JuliaPro_v1.2.0-1\packages\BenchmarkTools\7aqwe\src\execution.jl:331 [4] (::getfield(Base, Symbol("#inner#2")){Base.Iterators.Pairs{Symbol,Integer,NTuple{5,Symbol},NamedTuple{(:verbose, :samples, :evals, :gctrial, :gcsample),Tuple{Bool,Int64,Int64,Bool,Bool}}},typeof(BenchmarkTools._run),Tuple{BenchmarkTools.Benchmark{Symbol("##benchmark#525")},BenchmarkTools.Parameters}})() at .\none:0 [5] #invokelatest#1 at .\essentials.jl:794 [inlined] [6] #invokelatest at .\none:0 [inlined]
 [7] #run_result#37 at C:\Users\cheny\.juliapro\JuliaPro_v1.2.0-1\packages\BenchmarkTools\7aqwe\src\execution.jl:32 [inlined]
 [8] #run_result at .\none:0 [inlined]
 [9] #run#39(::Base.Iterators.Pairs{Symbol,Integer,NTuple{5,Symbol},NamedTuple{(:verbose, :samples, :evals, :gctrial, :gcsample),Tuple{Bool,Int64,Int64,Bool,Bool}}}, ::typeof(run), ::BenchmarkTools.Benchmark{Symbol("##benchmark#525")}, ::BenchmarkTools.Parameters) at C:\Users\cheny\.juliapro\JuliaPro_v1.2.0-1\packages\BenchmarkTools\7aqwe\src\execution.jl:46 [10] warmup(::BenchmarkTools.Benchmark{Symbol("##benchmark#525")}) at .\none:0 [11] top-level scope at C:\Users\cheny\.juliapro\JuliaPro_v1.2.0-1\packages\BenchmarkTools\7aqwe\src\execution.jl:213

julia> function
julia> @benchmark du6 = -Hyinv_beta(du5,Nx,Ny,N,hx,hy,y_Hyinv)
BenchmarkTools.Trial:
  memory estimate:  79.83 KiB
  allocs estimate:  2
  --------------
  minimum time:     7.066 μs (0.00% GC)
  median time:      8.733 μs (0.00% GC)
  mean time:        10.610 μs (12.82% GC)
  maximum time:     712.667 μs (98.20% GC)
  --------------
  samples:          10000
  evals/sample:     3

julia>
julia>

10201-element Array{Float64,1}:
 215.12440106663058
   0.0
   0.0
   0.0
   0.0
   0.0
   0.0
   0.0
   0.0
   0.0
   0.0
   0.0
   0.0
   0.0
   0.0
   0.0
   0.0
   0.0
   0.0
   0.0
   0.0
   0.0
   ⋮
   0.0
   0.0
   0.0
   0.0
   0.0
   0.0
   0.0
   0.0
   0.0
   0.0
   0.0
   0.0
   0.0
   0.0
   0.0
   0.0
   0.0
   0.0
   0.0
   0.0
   0.0
   0.0
   0.0

julia>
julia>

julia> @benchmark ^C
julia> @benchmakr du3 = alpha1*Hyinv_beta(du2,Nx,Ny,N,hx,hy,y_Hyinv)
ERROR: LoadError: UndefVarError: @benchmakr not defined
in expression starting at none:1

julia> @benchmark du3 = alpha1*Hyinv_beta(du2,Nx,Ny,N,hx,hy,y_Hyinv)
BenchmarkTools.Trial:
  memory estimate:  79.83 KiB
  allocs estimate:  2
  --------------
  minimum time:     7.067 μs (0.00% GC)
  median time:      8.567 μs (0.00% GC)
  mean time:        9.960 μs (12.76% GC)
  maximum time:     190.433 μs (84.51% GC)
  --------------
  samples:          10000

julia>
true

julia> mark
mark (generic function with 4 methods)

julia> myMAT_original!(du,u) == myMAT_beta(du,u,container,var_test,intermediate)
ERROR: UndefVarError: myMAT_beta not defined
Stacktrace:
 [1] top-level scope at none:0

julia> myMAT_original!(du,u) == myMAT_beta!(du,u,container,var_test,intermediate)
true

julia> @benchmakr myMAT_beta!(du,u,container,var_test,intermediate)
ERROR: LoadError: UndefVarError: @benchmakr not defined
in expression starting at none:1

julia> @benchmark myMAT_beta!(du,u,container,var_test,intermediate)
BenchmarkTools.Trial:
  memory estimate:  482.97 KiB
  allocs estimate:  36
  --------------
  minimum time:     98.100 μs (0.00% GC)
  median time:      105.100 μs (0.00% GC)
  mean time:        120.452 μs (10.16% GC)
  maximum time:     2.264 ms (94.79% GC)
  --------------
  samples:          10000
  evals/sample:     1

julia>
julia>

julia> @benchmark myMAT_beta!(du,u,container,var_test,intermediate)
BenchmarkTools.Trial:
  memory estimate:  84.06 KiB
  allocs estimate:  36
  --------------
  minimum time:     87.900 μs (0.00% GC)
  median time:      90.201 μs (0.00% GC)
  mean time:        95.639 μs (2.38% GC)
  maximum time:     15.509 ms (0.00% GC)
  --------------
  samples:          10000
  evals/sample:     1

julia>
julia>

julia>

julia> @benchmark myMAT_new!(du,u,container,var_test,intermediate)
  memory estimate:  722.70 KiB
  allocs estimate:  45
  --------------
  minimum time:     110.501 μs (0.00% GC)
  median time:      118.200 μs (0.00% GC)
  mean time:        141.292 μs (13.13% GC)
  maximum time:     2.475 ms (93.53% GC)
  --------------
  samples:          10000
  evals/sample:     1

julia> @benchmark myMAT_original!(du,u,container,var_test,intermediate)
ERROR: MethodError: no method matching myMAT_original!(::Array{Float64,1}, ::Array{Float64,1}, ::containers, ::variables, ::intermediates)
Closest candidates are:
  myMAT_original!(::AbstractArray{T,1} where T, ::AbstractArray{T,1} where T) at C:\Users\cheny\OneDrive\Documents\version-control\Poisson_Julia\sub_test\Poisson_CG.jl:195
Stacktrace:
 [1] ##core#556() at C:\Users\cheny\.juliapro\JuliaPro_v1.2.0-1\packages\BenchmarkTools\7aqwe\src\execution.jl:297
 [2] ##sample#557(::BenchmarkTools.Parameters) at C:\Users\cheny\.juliapro\JuliaPro_v1.2.0-1\packages\BenchmarkTools\7aqwe\src\execution.jl:303
 [3] #_run#65(::Bool, ::String, ::Base.Iterators.Pairs{Symbol,Integer,NTuple{4,Symbol},NamedTuple{(:samples, :evals, :gctrial, :gcsample),Tuple{Int64,Int64,Bool,Bool}}}, ::typeof(BenchmarkTools._run), ::BenchmarkTools.Benchmark{Symbol("##benchmark#555")}, ::BenchmarkTools.Parameters) at C:\Users\cheny\.juliapro\JuliaPro_v1.2.0-1\packages\BenchmarkTools\7aqwe\src\execution.jl:331 [4] (::getfield(BenchmarkTools, Symbol("#kw##_run")))(::NamedTuple{(:verbose, :samples, :evals, :gctrial, :gcsample),Tuple{Bool,Int64,Int64,Bool,Bool}}, ::typeof(BenchmarkTools._run), ::BenchmarkTools.Benchmark{Symbol("##benchmark#555")}, ::BenchmarkTools.Parameters) at .\none:0 [5] (::getfield(Base, Symbol("#inner#2")){Base.Iterators.Pairs{Symbol,Integer,NTuple{5,Symbol},NamedTuple{(:verbose, :samples, :evals, :gctrial, :gcsample),Tuple{Bool,Int64,Int64,Bool,Bool}}},typeof(BenchmarkTools._run),Tuple{BenchmarkTools.Benchmark{Symbol("##benchmark#555")},BenchmarkTools.Parameters}})() at .\essentials.jl:793 [6] #invokelatest#1 at .\essentials.jl:794 [inlined] [7] #invokelatest at .\none:0 [inlined]
 [8] #run_result#37 at C:\Users\cheny\.juliapro\JuliaPro_v1.2.0-1\packages\BenchmarkTools\7aqwe\src\execution.jl:32 [inlined]
 [9] #run_result at .\none:0 [inlined]
 [10] #run#39(::Base.Iterators.Pairs{Symbol,Integer,NTuple{5,Symbol},NamedTuple{(:verbose, :samples, :evals, :gctrial, :gcsample),Tuple{Bool,Int64,Int64,Bool,Bool}}}, ::typeof(run), ::BenchmarkTools.Benchmark{Symbol("##benchmark#555")}, ::BenchmarkTools.Parameters) at C:\Users\cheny\.juliapro\JuliaPro_v1.2.0-1\packages\BenchmarkTools\7aqwe\src\execution.jl:46 [11] warmup(::BenchmarkTools.Benchmark{Symbol("##benchmark#555")}) at .\none:0 [12] top-level scope at C:\Users\cheny\.juliapro\JuliaPro_v1.2.0-1\packages\BenchmarkTools\7aqwe\src\execution.jl:213

julia> @benchmark myMAT_original!(du,u)
BenchmarkTools.Trial:
  memory estimate:  3.96 MiB
  allocs estimate:  848
  --------------
  minimum time:     375.799 μs (0.00% GC)
  median time:      401.300 μs (0.00% GC)
  mean time:        516.592 μs (19.16% GC)
  maximum time:     3.786 ms (63.77% GC)
  --------------
  samples:          9647
  evals/sample:     1

julia>
julia>

julia>
julia>

julia> inv
inv (generic function with 30 methods)

julia> inverse
ERROR: UndefVarError: inverse not defined

julia> function inverse(u,v)
           v = -u
           return v
           end
inverse (generic function with 1 method)

julia> function inverse_beta(u,v)
           v .= -u
           return v
           end
inverse_beta (generic function with 1 method)

julia> u
10201-element Array{Float64,1}:
  0.5640935578780031
 -0.6984146156462888
 -0.1834511148865525
  2.9233760269575537
  0.8726147803873782
  0.2631062799796976
 -0.3407371525320649
  1.935663956240097
 -1.235971713625832
  0.013612747610252489
  0.8558842969059653
  0.4181525512592188
  0.25191333263525145
 -0.4610768592215779
 -0.2293185993024098
  0.6672538963138851
 -0.5321213192669398
  1.3484645351036695
 -0.9787133899425087
  1.1930525151593745
  0.9931572962334905
  0.040103142317839374
  1.410679538766717
  ⋮
  0.807054492626119
  2.213825311868056
  0.49081789252484637
  0.0030187905469021455
  0.7451999870948748
 -0.13144922941252807
  0.20442072370985587
 -0.44783704751607734
  3.2232004866373476
  1.4139794018551877
 -1.2340440987570094
 -1.7143527595974892
  0.7117111013013298
 -1.1064965156605904
  0.7848903233185575
 -1.7675079028755794
 -0.6184795899923496
 -1.3571441168306344
  0.678759643905436
 -0.16433356763824838
 -0.7696669068040827
 -1.2525370764624024
 -0.1313594000074067

julia> v
100-element Array{Float64,1}:
 -1.1811673873138406
  1.8781799353672926
  0.8033731158234605
 -0.7340301781328519
 -0.23992695849357432
  0.5684333726835398
  2.061848816866348
 -0.6765756943420274
 -0.29031564588374903
 -1.4752705049180013
 -1.2865479182086854
  0.22581947691696927
 -0.2673036694766346
 -0.06444796338980507
 -0.2551758661127433
  0.6551703259841869
  1.115283488669066
 -0.5004229724475769
 -0.3900120245182345
 -0.283075535275734
 -0.5538553269782487
  0.3327702828635315
 -1.3090850499832258
  ⋮
  0.6021316309815185
  1.2135798250254095
  1.2022130091929413
 -0.5886424529503212
 -0.09873073506975212
 -0.540037904669332
 -0.0018666953687498555
 -0.17361619123391625
 -0.8274074697727523
 -0.43070306281836396
  0.12761523202018818
  0.020534641569765026
 -1.1758713908111116
 -1.8183124435045308
 -0.17539972680667784
 -0.21405626977912717
 -0.6626519658122697
 -0.47156258073970186
 -0.43092009431388173
  0.647231804612575
  1.7379802097163017
 -0.9012043934752553
 -1.8508375006792614

julia> v = similar(u)
10201-element Array{Float64,1}:
  4.879609865e-315
  6.6866805e-317
  3.24423e-319
  1.390671182289616e-309
  3.181697100895784e107
 -1.526129225540306e176
  2.73575862233e-312
  1.023842278e-315
  3.2379e-319
  3.2136486731518836e-57
  3.6263378679063824e228
  8.371779236692524e-144
  2.716811185777332e198
  1.6194856196216147e286
  1.1609712004239569e-28
  1.0415386157275853e-42
  4.272556046608435e180
  1.3058347851997677e-142
  1.1607053958585946e-28
  8.371715255963937e-144
  7.983990502017841e159
  1.3954788601922408e-142
  2.8985016672429555e131
  ⋮
  0.0
  0.0
  0.0
  0.0
  0.0
  0.0
  0.0
  0.0
  0.0
  0.0
  0.0
  0.0
  0.0
  0.0
  0.0
  0.0
  0.0
  0.0
  0.0
  0.0
  0.0
  0.0
  0.0

julia> inverse(u,v)
10201-element Array{Float64,1}:
 -0.5640935578780031
  0.6984146156462888
  0.1834511148865525
 -2.9233760269575537
 -0.8726147803873782
 -0.2631062799796976
  0.3407371525320649
 -1.935663956240097
  1.235971713625832
 -0.013612747610252489
 -0.8558842969059653
 -0.4181525512592188
 -0.25191333263525145
  0.4610768592215779
  0.2293185993024098
 -0.6672538963138851
  0.5321213192669398
 -1.3484645351036695
  0.9787133899425087
 -1.1930525151593745
 -0.9931572962334905
 -0.040103142317839374
 -1.410679538766717
  ⋮
 -0.807054492626119
 -2.213825311868056
 -0.49081789252484637
 -0.0030187905469021455
 -0.7451999870948748
  0.13144922941252807
 -0.20442072370985587
  0.44783704751607734
 -3.2232004866373476
 -1.4139794018551877
  1.2340440987570094
  1.7143527595974892
 -0.7117111013013298
  1.1064965156605904
 -0.7848903233185575
  1.7675079028755794
  0.6184795899923496
  1.3571441168306344
 -0.678759643905436
  0.16433356763824838
  0.7696669068040827
  1.2525370764624024
  0.1313594000074067

julia> inverse_new(u,v)
ERROR: UndefVarError: inverse_new not defined
Stacktrace:
 [1] top-level scope at none:0

julia> inverse_beta(u,v)
10201-element Array{Float64,1}:
 -0.5640935578780031
  0.6984146156462888
  0.1834511148865525
 -2.9233760269575537
 -0.8726147803873782
 -0.2631062799796976
  0.3407371525320649
 -1.935663956240097
  1.235971713625832
 -0.013612747610252489
 -0.8558842969059653
 -0.4181525512592188
 -0.25191333263525145
  0.4610768592215779
  0.2293185993024098
 -0.6672538963138851
  0.5321213192669398
 -1.3484645351036695
  0.9787133899425087
 -1.1930525151593745
 -0.9931572962334905
 -0.040103142317839374
 -1.410679538766717
  ⋮
 -0.807054492626119
 -2.213825311868056
 -0.49081789252484637
 -0.0030187905469021455
 -0.7451999870948748
  0.13144922941252807
 -0.20442072370985587
  0.44783704751607734
 -3.2232004866373476
 -1.4139794018551877
  1.2340440987570094
  1.7143527595974892
 -0.7117111013013298
  1.1064965156605904
 -0.7848903233185575
  1.7675079028755794
  0.6184795899923496
  1.3571441168306344
 -0.678759643905436
  0.16433356763824838
  0.7696669068040827
  1.2525370764624024
  0.1313594000074067

julia> inverse(u,v) == inverse_beta(u,v)
true

julia> @benchmark inverse(u,v)
BenchmarkTools.Trial:
  memory estimate:  79.83 KiB
  allocs estimate:  2
  --------------
  minimum time:     4.300 μs (0.00% GC)
  median time:      5.684 μs (0.00% GC)
  mean time:        7.309 μs (18.21% GC)
  maximum time:     398.000 μs (97.76% GC)
  --------------
  samples:          10000
  evals/sample:     6

julia> @benchmark inverse_beta(u,v)
BenchmarkTools.Trial:
  memory estimate:  79.83 KiB
  allocs estimate:  2
  --------------
  minimum time:     7.150 μs (0.00% GC)
  median time:      8.275 μs (0.00% GC)
  mean time:        10.178 μs (15.53% GC)
  maximum time:     597.850 μs (98.12% GC)
  --------------
  samples:          10000
  evals/sample:     4

julia> function inverse_beta(u,v)
           v .= -.u
           return v
           end
ERROR: syntax: numeric constant "-." cannot be implicitly multiplied because it ends with "."

julia> function inverse_beta(u,v)
           v .= -1.u
           return v
           end
ERROR: syntax: numeric constant "-1." cannot be implicitly multiplied because it ends with "."

julia> function inverse_beta(u,v)
           v .= -1.*u
           return v
           end
ERROR: syntax: invalid syntax "-1.*"; add space(s) to clarify

julia> function inverse_beta(u,v)
           v .= -.*u
           return v
           end
ERROR: LoadError: ArgumentError: invalid base 10 digit '.' in "-."
Stacktrace:
 [1] tryparse_internal(::Type{Int128}, ::String, ::Int64, ::Int64, ::Int64, ::Bool) at .\parse.jl:132
 [2] #parse#350(::Nothing, ::typeof(parse), ::Type{Int128}, ::String) at .\parse.jl:240
 [3] parse(::Type{Int128}, ::String) at .\parse.jl:240
 [4] @int128_str(::LineNumberNode, ::Module, ::Any) at .\int.jl:560
in expression starting at <macrocall>:0

julia> -1
-1

ERROR: LoadError: ArgumentError: invalid base 10 digit '.' in "-."
Stacktrace:
 [1] tryparse_internal(::Type{Int128}, ::String, ::Int64, ::Int64, ::Int64, ::Bool) at .\parse.jl:132
 [2] #parse#350(::Nothing, ::typeof(parse), ::Type{Int128}, ::String) at .\parse.jl:240
 [3] parse(::Type{Int128}, ::String) at .\parse.jl:240
 [4] @int128_str(::LineNumberNode, ::Module, ::Any) at .\int.jl:560
in expression starting at <macrocall>:0

julia> - .* v
ERROR: syntax: ".*" is not a unary operator

julia> function inverse_beta(u,v)
           v .= -1.*u
           return v
           end

julia> function inverse_beta(u,v)
           v .= -1 .* u
           return v
           end
inverse_beta (generic function with 1 method)

julia> @benchmark inverse(u,v)
BenchmarkTools.Trial:
  memory estimate:  79.83 KiB
  allocs estimate:  2
  --------------
  minimum time:     4.350 μs (0.00% GC)
  median time:      5.683 μs (0.00% GC)
  mean time:        7.291 μs (18.06% GC)
  --------------
  samples:          10000
  evals/sample:     6

julia> @benchmark inverse_beta(u,v)
BenchmarkTools.Trial:
  memory estimate:  0 bytes
  allocs estimate:  0
  --------------
  minimum time:     1.520 μs (0.00% GC)
  median time:      1.590 μs (0.00% GC)
  mean time:        1.646 μs (0.00% GC)
  maximum time:     17.800 μs (0.00% GC)
  --------------
  samples:          10000
  evals/sample:     10

julia>
julia>

julia> @benchmark myMAT_beta!(du,u,container,var_test,intermediate)
BenchmarkTools.Trial:
  memory estimate:  4.23 KiB
  allocs estimate:  34
  --------------
  minimum time:     81.800 μs (0.00% GC)
  median time:      82.801 μs (0.00% GC)
  mean time:        84.160 μs (0.36% GC)
  maximum time:     1.756 ms (93.07% GC)
  --------------
  samples:          10000
  evals/sample:     1

julia>
julia>

julia> @benchmark myMAT_beta!(du,u,container,var_test,intermediate)
BenchmarkTools.Trial:
  memory estimate:  4.23 KiB
  allocs estimate:  34
  --------------
  minimum time:     81.900 μs (0.00% GC)
  median time:      84.301 μs (0.00% GC)
  mean time:        85.709 μs (0.32% GC)
  maximum time:     1.523 ms (92.67% GC)
  --------------
  samples:          10000
  evals/sample:     1

julia>
julia>



julia> @benchmark myMAT_beta!(du,u,container,var_test,intermediate)
BenchmarkTools.Trial:
  memory estimate:  4.23 KiB
  allocs estimate:  34
  --------------
  minimum time:     81.900 μs (0.00% GC)
  median time:      84.301 μs (0.00% GC)
  mean time:        85.709 μs (0.32% GC)
  maximum time:     1.523 ms (92.67% GC)
  --------------
  samples:          10000
  evals/sample:     1

julia>
julia>

julia>

julia> @benchmark myMAT_new!(du,u,container,var_test,intermediate)
BenchmarkTools.Trial:
  memory estimate:  722.70 KiB
  allocs estimate:  45
  --------------
  minimum time:     108.700 μs (0.00% GC)
  median time:      117.701 μs (0.00% GC)
  mean time:        141.768 μs (13.42% GC)
  maximum time:     2.654 ms (94.94% GC)
  --------------
  samples:          10000
  evals/sample:     1

julia> @benchmark myMAT_original!(du,u)
BenchmarkTools.Trial:
  memory estimate:  3.96 MiB
  allocs estimate:  848
  --------------
  minimum time:     375.201 μs (0.00% GC)
  median time:      398.900 μs (0.00% GC)
  mean time:        510.003 μs (19.35% GC)
  maximum time:     3.032 ms (74.87% GC)
  --------------
  samples:          9772
  evals/sample:     1

julia>
