













Starting Julia...
               _
   _       _ _(_)_     |  Documentation: https://docs.julialang.org
  (_)     | (_) (_)    |
   _ _   _| |_  __ _   |  Type "?" for help, "]?" for Pkg help.
  | | | | | | |/ _` |  |
 _/ |\__'_|_|_|\__'_|  |  Official https://julialang.org/ release
|__/                   |
(v1.2) pkg> add LinearMaps
  Updating registry at `C:\Users\cheny\.juliapro\JuliaPro_v1.2.0-1\regi
  Updating git-repo `https://pkg.juliacomputing.com//registry/JuliaPro`
 Resolving package versions... Installed LinearMaps ─ v2.5.1  Updating `C:\Users\cheny\.juliapro\JuliaPro_v1.2.0-1\environments\v1.  [7a12625a] + LinearMaps v2.5.1
  Updating `C:\Users\cheny\.juliapro\JuliaPro_v1.2.0-1\environments\v1.
  [7a12625a] + LinearMaps v2.5.1

(v1.2) pkg>

[ Info: Precompiling LinearMaps [7a12625a-238d-50fd-b39a-03d52299707e]
[ Info: Precompiling Parameters [d96e819e-fc66-5662-9728-84c9c7592b0a]
(v1.2) pkg>

julia>
julia>
  evals/sample:     198

julia>
julia>

julia> @benchmark @unpack a,b,c,d = t1
BenchmarkTools.Trial:
  memory estimate:  0 bytes
  allocs estimate:  0
  --------------
  minimum time:     49.239 ns (0.00% GC)
  median time:      49.746 ns (0.00% GC)
  mean time:        50.046 ns (0.00% GC)
  maximum time:     131.408 ns (0.00% GC)
  --------------
  samples:          10000
  evals/sample:     987
julia> a
ERROR: UndefVarError: a not defined

julia> @benchmark g1(u,v,w)
BenchmarkTools.Trial:
  memory estimate:  2.67 KiB
  allocs estimate:  5
  --------------
  minimum time:     438.191 ns (0.00% GC)
  median time:      455.271 ns (0.00% GC)
  mean time:        530.998 ns (12.49% GC)
  maximum time:     4.059 μs (86.59% GC)
  --------------
  samples:          10000
  evals/sample:     199

julia> @benchmark g(t1,u,v,w)
BenchmarkTools.Trial:
  memory estimate:  2.67 KiB
  allocs estimate:  5
  --------------
  minimum time:     436.364 ns (0.00% GC)
  median time:      459.591 ns (0.00% GC)
  mean time:        535.674 ns (12.46% GC)
  maximum time:     4.301 μs (80.31% GC)
  --------------
  samples:          10000
  evals/sample:     198
julia>
julia>

julia> @benchmark g1(u,v,w)
BenchmarkTools.Trial:
  memory estimate:  2.67 KiB
  allocs estimate:  5
  --------------
  minimum time:     440.404 ns (0.00% GC)
  median time:      468.692 ns (0.00% GC)
  mean time:        552.061 ns (12.91% GC)
  maximum time:     5.641 μs (88.06% GC)
  --------------

julia> @benchmark g2(u,v,w,a,b,c)
BenchmarkTools.Trial:
  memory estimate:  2.63 KiB
  allocs estimate:  3
  --------------
  minimum time:     196.465 ns (0.00% GC)
  median time:      227.802 ns (0.00% GC)
  mean time:        286.275 ns (18.64% GC)
  maximum time:     1.715 μs (83.95% GC)
  --------------
  evals/sample:     651

julia>
julia>

julia> @benchmark g3(u,v,w,a,b,c,f1,f2)
BenchmarkTools.Trial:
  memory estimate:  1.75 KiB
  allocs estimate:  2
  --------------
  minimum time:     143.349 ns (0.00% GC)
  median time:      160.570 ns (0.00% GC)
  mean time:        200.460 ns (18.00% GC)
  maximum time:     1.272 μs (79.66% GC)
  --------------
  evals/sample:     842

julia> @benchmark g3(u,v,w,a,b,c,f1,f2)
BenchmarkTools.Trial:
  memory estimate:  2.63 KiB
  allocs estimate:  3
  --------------
  minimum time:     199.376 ns (0.00% GC)
  median time:      227.456 ns (0.00% GC)
  mean time:        285.783 ns (18.33% GC)
  maximum time:     1.613 μs (0.00% GC)
  --------------
  samples:          10000
  evals/sample:     641

julia>
julia>

julia> @benchmark g4(u,v,w,a,b,c)
BenchmarkTools.Trial:
  memory estimate:  1.75 KiB
  allocs estimate:  2
  --------------
  minimum time:     139.162 ns (0.00% GC)
  median time:      161.190 ns (0.00% GC)
  mean time:        203.391 ns (18.28% GC)
  maximum time:     1.418 μs (47.44% GC)
  --------------
  samples:          10000
  evals/sample:     858

julia>
julia> @benchmark g4(u,v,w,a,b,c,f1,f2)
BenchmarkTools.Trial:
  memory estimate:  1.75 KiB
  allocs estimate:  2
  --------------
  minimum time:     144.757 ns (0.00% GC)
  median time:      163.015 ns (0.00% GC)
  maximum time:     1.830 μs (81.46% GC)
  --------------
  evals/sample:     849

julia> @benchmark f1(a,b,c)
BenchmarkTools.Trial:
  memory estimate:  896 bytes
  allocs estimate:  1
  --------------
  minimum time:     75.360 ns (0.00% GC)
  median time:      83.061 ns (0.00% GC)
  mean time:        103.908 ns (17.98% GC)
  maximum time:     770.021 ns (87.31% GC)
  --------------
  samples:          10000
  evals/sample:     974
julia> @benchmark f2(a,b,c)
BenchmarkTools.Trial:
  memory estimate:  896 bytes
  allocs estimate:  1
  --------------
  minimum time:     75.930 ns (0.00% GC)
  median time:      85.124 ns (0.00% GC)
  mean time:        107.693 ns (18.17% GC)
  maximum time:     981.921 ns (80.08% GC)
  --------------
  samples:          10000
  evals/sample:     968

 julia>

julia> @benchmark f1_test(a,b,c)
BenchmarkTools.Trial:
  memory estimate:  896 bytes
  allocs estimate:  1
  --------------
  minimum time:     92.678 ns (0.00% GC)
  median time:      98.744 ns (0.00% GC)
  mean time:        119.408 ns (15.15% GC)
  maximum time:     1.066 μs (82.29% GC)
  --------------
  samples:          10000
julia>

julia>
julia> @benchmark f1_test(a,b,c)
BenchmarkTools.Trial:
  memory estimate:  0 bytes
  allocs estimate:  0
  --------------
  minimum time:     33.200 ns (0.00% GC)
  median time:      33.603 ns (0.00% GC)
  mean time:        33.912 ns (0.00% GC)
  maximum time:     97.686 ns (0.00% GC)
  --------------
  samples:          10000
  evals/sample:     994

julia>
julia> @benchmark f1_test(a,b,c)
BenchmarkTools.Trial:
  memory estimate:  0 bytes
  allocs estimate:  0
  --------------
  minimum time:     33.802 ns (0.00% GC)
  median time:      33.902 ns (0.00% GC)
  mean time:        34.100 ns (0.00% GC)
  maximum time:     106.942 ns (0.00% GC)
  --------------
  evals/sample:     994

julia>
julia>

julia> @benchmark f2_test
BenchmarkTools.Trial:
  memory estimate:  0 bytes
  allocs estimate:  0
  --------------
  minimum time:     0.001 ns (0.00% GC)
  median time:      0.001 ns (0.00% GC)
  mean time:        0.023 ns (0.00% GC)
  maximum time:     0.101 ns (0.00% GC)
  --------------
  samples:          10000
  evals/sample:     1000

julia> @benchmark f2_test(a,b,c)
BenchmarkTools.Trial:
  memory estimate:  0 bytes
  allocs estimate:  0
  --------------
  minimum time:     34.305 ns (0.00% GC)
  median time:      34.406 ns (0.00% GC)
  mean time:        34.587 ns (0.00% GC)
  maximum time:     93.160 ns (0.00% GC)
  --------------
  evals/sample:     994

julia>
julia>

julia> @benchmark g2(u,v,w,a,b,c)
BenchmarkTools.Trial:
  memory estimate:  2.63 KiB
  allocs estimate:  3
  --------------
  minimum time:     197.565 ns (0.00% GC)
  median time:      228.350 ns (0.00% GC)
  mean time:        288.392 ns (19.19% GC)
  maximum time:     2.144 μs (51.28% GC)
  --------------
  evals/sample:     575

julia> @benchmark g2_test(u,v,w,a,b,c)
BenchmarkTools.Trial:
  memory estimate:  896 bytes
  allocs estimate:  1
  --------------
  minimum time:     110.294 ns (0.00% GC)
  median time:      115.061 ns (0.00% GC)
  mean time:        137.257 ns (14.19% GC)
  maximum time:     1.058 μs (86.10% GC)
  --------------
  samples:          10000
  evals/sample:     923

julia>
julia>

julia> @benchmark g3_test(u,v,w,a,b,c)
BenchmarkTools.Trial:
  memory estimate:  0 bytes
  allocs estimate:  0
  --------------
  minimum time:     74.820 ns (0.00% GC)
  median time:      75.128 ns (0.00% GC)
  mean time:        75.649 ns (0.00% GC)
  maximum time:     206.064 ns (0.00% GC)
  --------------
  samples:          10000
  evals/sample:     973

julia>
julia>

julia> @benchmakr g_test(t1,u,v,w)
ERROR: LoadError: UndefVarError: @benchmakr not defined
in expression starting at none:1

julia> @benchmark g_test(t1,u,v,w)
BenchmarkTools.Trial:
  memory estimate:  48 bytes
  allocs estimate:  2
  --------------
  minimum time:     317.167 ns (0.00% GC)
  median time:      319.742 ns (0.00% GC)
  mean time:        328.380 ns (1.85% GC)
  maximum time:     12.821 μs (96.81% GC)
  --------------
  samples:          10000
  evals/sample:     233

julia> @benchmark g(t1,u,v,w)
BenchmarkTools.Trial:
  memory estimate:  2.67 KiB
  allocs estimate:  5
  --------------
  minimum time:     434.848 ns (0.00% GC)
  median time:      461.616 ns (0.00% GC)
  mean time:        538.747 ns (12.69% GC)
  maximum time:     4.688 μs (83.21% GC)
  --------------
  samples:          10000
  evals/sample:     198

julia> g(t1,u,v,w) == g_test(t2,u,v,w)
ERROR: UndefVarError: t2 not defined
Stacktrace:
 [1] top-level scope at none:0

julia> g(t1,u,v,w) == g_test(t1,u,v,w)
false

julia> g(t1,u,v,w)
100-element Array{Float64,1}:
 -4.992301156167895
 -4.815217770122866
  1.0167643057647584
 -1.1740420369225322
 -2.6623426085412576
  0.3801705425644126
  0.8913692646841614
 -2.2235527397211214
  1.7312891896729317
  0.1003181166251757
  0.175230976170399
 -1.4945966770595693
 -0.4234879181325094
  1.0852591372834004
  ⋮
  2.7102185869954747
  0.7401604595479614
 -0.17326742006057994
  0.02911948918033224
  0.3538654549701592
 -1.3133736031575187
  0.4797260611177154
 -1.0825323249472476
 -0.3316660859321048
  0.25037279725944395
  4.599317228951825
  0.10439067757999487
 -0.6164595269073002
  1.7019128499049292

julia> g_test(t1,u,v,w)
100-element Array{Float64,1}:
  2.0896037982284343
 12.977005958023403
  0.08027987267139373
  9.819461802406572
  9.146460337814412
  1.558517946639047
  4.700730569223147
  3.090932178597415
  4.5846130343480755
  0.044926054819276036
  3.014319509191854
  1.9818661261757244
  0.2330929580832703
  1.200010591865102
  ⋮
  5.863417237004249
  1.5419837916408081
  2.446581730128856
  0.039291846720692
  0.04825497892813163
  0.6127547275033882
  0.12460418502340032
  0.7908869729657472
  0.07708276318044618
  0.5450019724388023
  1.669171512603886
  0.07953601887373672
  0.05541551749465055
  4.179306284357992

julia> u = f1(test,a,b,c)
ERROR: UndefVarError: test not defined
Stacktrace:
 [1] top-level scope at none:0

julia> u = f1_test(a,b,c)
100-element Array{Float64,1}:
  3.453574280639767
  1.3366837889128615
 -3.5885330806133475
  0.37466213594123055
  0.8803136074151239
 -0.304524724384917
 -0.41112603074743315
  1.264744201217125
 -0.8085712120263214
 -0.47329316069274385
  0.10092906224121356
  1.061663422698736
 -0.8771552114461654
  0.990697144836457
  ⋮
  1.1192546818011588
 -0.5960545072525067
 -0.11077379760429806
 -0.14690363144441448
 -1.6108945154251189
 -1.6778183816315506
  1.3590235973290081
  1.2172608726757974
 -1.194599774416294
  0.3391470973549071
  3.559941679059893
 -0.3701517373132829
 -2.618718836084882
  0.8325018693014703

julia> v = f2_test(a,b,c)
100-element Array{Float64,1}:
 -1.4455461937373133
 -3.6023611642953575
 -0.28333703018030265
 -3.133602049145132
 -3.024311547743455
 -1.2484061625284646
 -2.1681168255477257
 -1.7581047120684863
 -2.141170949351797
 -0.21195767223499137
  1.7361795728529505
 -1.4077876708423485
  0.48279701540426934
  1.095449949502533
  ⋮
  2.421449408309876
 -1.2417663997873385
  1.5641552768599594
 -0.19822171102251135
 -0.21967015939387768
  0.7827865146407341
  0.35299317985394607
 -0.8893182630339642
  0.27763782735867637
  0.7382424889145858
  1.2919642071682504
 -0.2820213092547028
  0.2354050073695344
  2.0443351692807106

julia> w .= u .* v
100-element Array{Float64,1}:
  2.0896037982284343
 12.977005958023403
  0.08027987267139373
  9.819461802406572
  9.146460337814412
  1.558517946639047
  4.700730569223147
  3.090932178597415
  4.5846130343480755
  0.044926054819276036
  3.014319509191854
  1.9818661261757244
  0.2330929580832703
  1.200010591865102
  ⋮
  5.863417237004249
  1.5419837916408081
  2.446581730128856
  0.039291846720692
  0.04825497892813163
  0.6127547275033882
  0.12460418502340032
  0.7908869729657472
  0.07708276318044618
  0.5450019724388023
  1.669171512603886
  0.07953601887373672
  0.05541551749465055
  4.179306284357992

julia> g(t1,u,v,w)
100-element Array{Float64,1}:
 -4.992301156167895
 -4.815217770122866
  1.0167643057647584
 -1.1740420369225322
 -2.6623426085412576
  0.3801705425644126
  0.8913692646841614
 -2.2235527397211214
  1.7312891896729317
  0.1003181166251757
  0.175230976170399
 -1.4945966770595693
 -0.4234879181325094
  1.0852591372834004
  ⋮
  2.7102185869954747
  0.7401604595479614
 -0.17326742006057994
  0.02911948918033224
  0.3538654549701592
 -1.3133736031575187
  0.4797260611177154
 -1.0825323249472476
 -0.3316660859321048
  0.25037279725944395
  4.599317228951825
  0.10439067757999487
 -0.6164595269073002
  1.7019128499049292

100-element Array{Float64,1}:
  2.0896037982284343
 12.977005958023403
  0.08027987267139373
  9.819461802406572
  9.146460337814412
  1.558517946639047
  4.700730569223147
  3.090932178597415
  4.5846130343480755
  0.044926054819276036
  3.014319509191854
  1.9818661261757244
  0.2330929580832703
  1.200010591865102
  ⋮
  5.863417237004249
  1.5419837916408081
  2.446581730128856
  0.039291846720692
  0.04825497892813163
  0.6127547275033882
  0.12460418502340032
  0.7908869729657472
  0.07708276318044618
  0.5450019724388023
  1.669171512603886
  0.07953601887373672
  0.05541551749465055
  4.179306284357992

julia>
julia>

julia> u1 = f1(a,b,c)
100-element Array{Float64,1}:
  3.453574280639767
  1.3366837889128615
 -3.5885330806133475
  0.37466213594123055
  0.8803136074151239
 -0.304524724384917
 -0.41112603074743315
  1.264744201217125
 -0.8085712120263214
 -0.47329316069274385
  0.10092906224121356
  1.061663422698736
 -0.8771552114461654
  0.990697144836457
  ⋮
  1.1192546818011588
 -0.5960545072525067
 -0.11077379760429806
 -0.14690363144441448
 -1.6108945154251189
 -1.6778183816315506
  1.3590235973290081
  1.2172608726757974
 -1.194599774416294
  0.3391470973549071
  3.559941679059893
 -0.3701517373132829
 -2.618718836084882
  0.8325018693014703

julia> u2 = f1_test(a,b,c)
100-element Array{Float64,1}:
  3.453574280639767
  1.3366837889128615
 -3.5885330806133475
  0.37466213594123055
  0.8803136074151239
 -0.304524724384917
 -0.41112603074743315
  1.264744201217125
 -0.8085712120263214
 -0.47329316069274385
  0.10092906224121356
  1.061663422698736
 -0.8771552114461654
  0.990697144836457
  ⋮
  1.1192546818011588
 -0.5960545072525067
 -0.11077379760429806
 -0.14690363144441448
 -1.6108945154251189
 -1.6778183816315506
  1.3590235973290081
  1.2172608726757974
 -1.194599774416294
  0.3391470973549071
  3.559941679059893
 -0.3701517373132829
 -2.618718836084882
  0.8325018693014703

julia> v1 = f2(a,b,c)
100-element Array{Float64,1}:
 -1.4455461937373133
 -3.6023611642953575
 -0.28333703018030265
 -3.133602049145132
 -3.024311547743455
 -1.2484061625284646
 -2.1681168255477257
 -1.7581047120684863
 -2.141170949351797
 -0.21195767223499137
  1.7361795728529505
 -1.4077876708423485
  0.48279701540426934
  1.095449949502533
  ⋮
  2.421449408309876
 -1.2417663997873385
  1.5641552768599594
 -0.19822171102251135
 -0.21967015939387768
  0.7827865146407341
  0.35299317985394607
 -0.8893182630339642
  0.27763782735867637
  0.7382424889145858
  1.2919642071682504
 -0.2820213092547028
  0.2354050073695344
  2.0443351692807106

julia> v2 = f2_test(a,b,c)
100-element Array{Float64,1}:
 -1.4455461937373133
 -3.6023611642953575
 -0.28333703018030265
 -3.133602049145132
 -3.024311547743455
 -1.2484061625284646
 -2.1681168255477257
 -1.7581047120684863
 -2.141170949351797
 -0.21195767223499137
  1.7361795728529505
 -1.4077876708423485
  0.48279701540426934
  1.095449949502533
  ⋮
  2.421449408309876
 -1.2417663997873385
  1.5641552768599594
 -0.19822171102251135
 -0.21967015939387768
  0.7827865146407341
  0.35299317985394607
 -0.8893182630339642
  0.27763782735867637
  0.7382424889145858
  1.2919642071682504
 -0.2820213092547028
  0.2354050073695344
  2.0443351692807106

julia> u1 + v1 = u2 + v2
ERROR: error in method definition: function Base.+ must be explicitly i
Stacktrace:
 [1] top-level scope at none:0 (repeats 2 times)

julia> u1 + v1 == u2 + v2
false

julia> u1 + v1
100-element Array{Float64,1}:
  2.0080280869024536
 -2.265677375382496
 -3.87187011079365
 -2.7589399132039016
 -2.1439979403283314
 -1.5529308869133815
 -2.579242856295159
 -0.49336051085136123
 -2.9497421613781185
 -0.6852508329277353
  1.837108635094164
 -0.3461242481436124
 -0.39435819604189604
  2.08614709433899
  ⋮
  3.540704090111035
 -1.8378209070398452
  1.4533814792556612
 -0.34512534246692583
 -1.8305646748189965
 -0.8950318669908165
  1.7120167771829542
  0.3279426096418332
 -0.9169619470576176
  1.0773895862694929
  4.851905886228144
 -0.6521730465679857
 -2.3833138287153477
  2.876837038582181

julia> u2 + v2
100-element Array{Float64,1}:
 -2.8910923874746266
 -7.204722328590715
 -0.5666740603606053
 -6.267204098290264
 -6.04862309548691
 -2.496812325056929
 -4.336233651095451
 -3.5162094241369726
 -4.282341898703594
 -0.42391534446998275
  3.472359145705901
 -2.815575341684697
  0.9655940308085387
  2.190899899005066
  ⋮
  4.842898816619752
 -2.483532799574677
  3.1283105537199187
 -0.3964434220450227
 -0.43934031878775537
  1.5655730292814682
  0.7059863597078921
 -1.7786365260679284
  0.5552756547173527
  1.4764849778291715
  2.583928414336501
 -0.5640426185094056
  0.4708100147390688
  4.088670338561421

julia> u1 == u2
false

100-element Array{Float64,1}:
  3.453574280639767
  1.3366837889128615
 -3.5885330806133475
  0.37466213594123055
  0.8803136074151239
 -0.304524724384917
 -0.41112603074743315
  1.264744201217125
 -0.8085712120263214
 -0.47329316069274385
  0.10092906224121356
  1.061663422698736
 -0.8771552114461654
  0.990697144836457
  ⋮
  1.1192546818011588
 -0.5960545072525067
 -0.11077379760429806
 -0.14690363144441448
 -1.6108945154251189
 -1.6778183816315506
  1.3590235973290081
  1.2172608726757974
 -1.194599774416294
  0.3391470973549071
  3.559941679059893
 -0.3701517373132829
 -2.618718836084882
  0.8325018693014703

julia>
julia>

julia> @benchmark g_test(t1,u,v,w)
BenchmarkTools.Trial:
  memory estimate:  48 bytes
  allocs estimate:  2
  --------------
  minimum time:     318.063 ns (0.00% GC)
  median time:      322.685 ns (0.00% GC)
  mean time:        330.558 ns (1.80% GC)
  maximum time:     12.408 μs (96.63% GC)
  --------------
  samples:          10000
  evals/sample:     238

julia> @benchmark g(t1,u,v,w)
BenchmarkTools.Trial:
  memory estimate:  2.67 KiB
  allocs estimate:  5
  --------------
  minimum time:     434.848 ns (0.00% GC)
  median time:      459.596 ns (0.00% GC)
  mean time:        540.777 ns (13.47% GC)
  maximum time:     4.610 μs (87.60% GC)
  --------------
  samples:          10000
  evals/sample:     198

julia> g(t1,u,v,w)
100-element Array{Float64,1}:
 -4.992301156167895
 -4.815217770122866
  1.0167643057647584
 -1.1740420369225322
 -2.6623426085412576
  0.3801705425644126
  0.8913692646841614
 -2.2235527397211214
  1.7312891896729317
  0.1003181166251757
  0.175230976170399
 -1.4945966770595693
 -0.4234879181325094
  1.0852591372834004
  ⋮
  2.7102185869954747
  0.7401604595479614
 -0.17326742006057994
  0.02911948918033224
  0.3538654549701592
 -1.3133736031575187
  0.4797260611177154
 -1.0825323249472476
 -0.3316660859321048
  0.25037279725944395
  4.599317228951825
  0.10439067757999487
 -0.6164595269073002
  1.7019128499049292

julia> g_test(t1,u,v,w)
100-element Array{Float64,1}:
  2.0896037982284343
 12.977005958023403
  0.08027987267139373
  9.819461802406572
  9.146460337814412
  1.558517946639047
  4.700730569223147
  3.090932178597415
  4.5846130343480755
  0.044926054819276036
  3.014319509191854
  1.9818661261757244
  0.2330929580832703
  1.200010591865102
  ⋮
  5.863417237004249
  1.5419837916408081
  2.446581730128856
  0.039291846720692
  0.04825497892813163
  0.6127547275033882
  0.12460418502340032
  0.7908869729657472
  0.07708276318044618
  0.5450019724388023
  1.669171512603886
  0.07953601887373672
  0.05541551749465055
  4.179306284357992

julia> u = f1(a,b,c)
100-element Array{Float64,1}:
  3.453574280639767
  1.3366837889128615
 -3.5885330806133475
  0.37466213594123055
  0.8803136074151239
 -0.304524724384917
 -0.41112603074743315
  1.264744201217125
 -0.8085712120263214
 -0.47329316069274385
  0.10092906224121356
  1.061663422698736
 -0.8771552114461654
  0.990697144836457
  ⋮
  1.1192546818011588
 -0.5960545072525067
 -0.11077379760429806
 -0.14690363144441448
 -1.6108945154251189
 -1.6778183816315506
  1.3590235973290081
  1.2172608726757974
 -1.194599774416294
  0.3391470973549071
  3.559941679059893
 -0.3701517373132829
 -2.618718836084882
  0.8325018693014703

julia> v = f2(a,b,c)
100-element Array{Float64,1}:
 -1.4455461937373133
 -3.6023611642953575
 -0.28333703018030265
 -3.133602049145132
 -3.024311547743455
 -1.2484061625284646
 -2.1681168255477257
 -1.7581047120684863
 -2.141170949351797
 -0.21195767223499137
  1.7361795728529505
 -1.4077876708423485
  0.48279701540426934
  1.095449949502533
  ⋮
  2.421449408309876
 -1.2417663997873385
  1.5641552768599594
 -0.19822171102251135
 -0.21967015939387768
  0.7827865146407341
  0.35299317985394607
 -0.8893182630339642
  0.27763782735867637
  0.7382424889145858
  1.2919642071682504
 -0.2820213092547028
  0.2354050073695344
  2.0443351692807106

julia> g_test(t1,u,v,w)
100-element Array{Float64,1}:
  2.0896037982284343
 12.977005958023403
  0.08027987267139373
  9.819461802406572
  9.146460337814412
  1.558517946639047
  4.700730569223147
  3.090932178597415
  4.5846130343480755
  0.044926054819276036
  3.014319509191854
  1.9818661261757244
  0.2330929580832703
  1.200010591865102
  ⋮
  5.863417237004249
  1.5419837916408081
  2.446581730128856
  0.039291846720692
  0.04825497892813163
  0.6127547275033882
  0.12460418502340032
  0.7908869729657472
  0.07708276318044618
  0.5450019724388023
  1.669171512603886
  0.07953601887373672
  0.05541551749465055
  4.179306284357992

julia> g(t1,u,v,w)
100-element Array{Float64,1}:
 -4.992301156167895
 -4.815217770122866
  1.0167643057647584
 -1.1740420369225322
 -2.6623426085412576
  0.3801705425644126
  0.8913692646841614
 -2.2235527397211214
  1.7312891896729317
  0.1003181166251757
  0.175230976170399
 -1.4945966770595693
 -0.4234879181325094
  1.0852591372834004
  ⋮
  2.7102185869954747
  0.7401604595479614
 -0.17326742006057994
  0.02911948918033224
  0.3538654549701592
 -1.3133736031575187
  0.4797260611177154
 -1.0825323249472476
 -0.3316660859321048
  0.25037279725944395
  4.599317228951825
  0.10439067757999487
 -0.6164595269073002
  1.7019128499049292

julia> g(t1,u,v,w) == u + v
false

julia> g_test(t1,u,v,w) == u + v
false

julia> u + v
100-element Array{Float64,1}:
  2.0080280869024536
 -2.265677375382496
 -3.87187011079365
 -2.7589399132039016
 -2.1439979403283314
 -1.5529308869133815
 -2.579242856295159
 -0.49336051085136123
 -2.9497421613781185
 -0.6852508329277353
  1.837108635094164
 -0.3461242481436124
 -0.39435819604189604
  2.08614709433899
  ⋮
  3.540704090111035
 -1.8378209070398452
  1.4533814792556612
 -0.34512534246692583
 -1.8305646748189965
 -0.8950318669908165
  1.7120167771829542
  0.3279426096418332
 -0.9169619470576176
  1.0773895862694929
  4.851905886228144
 -0.6521730465679857
 -2.3833138287153477
  2.876837038582181

julia> u
100-element Array{Float64,1}:
  3.453574280639767
  1.3366837889128615
 -3.5885330806133475
  0.37466213594123055
  0.8803136074151239
 -0.304524724384917
 -0.41112603074743315
  1.264744201217125
 -0.8085712120263214
 -0.47329316069274385
  0.10092906224121356
  1.061663422698736
 -0.8771552114461654
  0.990697144836457
  ⋮
  1.1192546818011588
 -0.5960545072525067
 -0.11077379760429806
 -0.14690363144441448
 -1.6108945154251189
 -1.6778183816315506
  1.3590235973290081
  1.2172608726757974
 -1.194599774416294
  0.3391470973549071
  3.559941679059893
 -0.3701517373132829
 -2.618718836084882
  0.8325018693014703

julia> v
100-element Array{Float64,1}:
 -1.4455461937373133
 -3.6023611642953575
 -0.28333703018030265
 -3.133602049145132
 -3.024311547743455
 -1.2484061625284646
 -2.1681168255477257
 -1.7581047120684863
 -2.141170949351797
 -0.21195767223499137
  1.7361795728529505
 -1.4077876708423485
  0.48279701540426934
  1.095449949502533
  ⋮
  2.421449408309876
 -1.2417663997873385
  1.5641552768599594
 -0.19822171102251135
 -0.21967015939387768
  0.7827865146407341
  0.35299317985394607
 -0.8893182630339642
  0.27763782735867637
  0.7382424889145858
  1.2919642071682504
 -0.2820213092547028
  0.2354050073695344
  2.0443351692807106

julia> g(t1,u,v,w)
100-element Array{Float64,1}:
 -4.992301156167895
 -4.815217770122866
  1.0167643057647584
 -1.1740420369225322
 -2.6623426085412576
  0.3801705425644126
  0.8913692646841614
 -2.2235527397211214
  1.7312891896729317
  0.1003181166251757
  0.175230976170399
 -1.4945966770595693
 -0.4234879181325094
  1.0852591372834004
  ⋮
  2.7102185869954747
  0.7401604595479614
 -0.17326742006057994
  0.02911948918033224
  0.3538654549701592
 -1.3133736031575187
  0.4797260611177154
 -1.0825323249472476
 -0.3316660859321048
  0.25037279725944395
  4.599317228951825
  0.10439067757999487
 -0.6164595269073002
  1.7019128499049292

julia> v
100-element Array{Float64,1}:
 -1.4455461937373133
 -3.6023611642953575
 -0.28333703018030265
 -3.133602049145132
 -3.024311547743455
 -1.2484061625284646
 -2.1681168255477257
 -1.7581047120684863
 -2.141170949351797
 -0.21195767223499137
  1.7361795728529505
 -1.4077876708423485
  0.48279701540426934
  1.095449949502533
  ⋮
  2.421449408309876
 -1.2417663997873385
  1.5641552768599594
 -0.19822171102251135
 -0.21967015939387768
  0.7827865146407341
  0.35299317985394607
 -0.8893182630339642
  0.27763782735867637
  0.7382424889145858
  1.2919642071682504
 -0.2820213092547028
  0.2354050073695344
  2.0443351692807106

julia> u
100-element Array{Float64,1}:
  3.453574280639767
  1.3366837889128615
 -3.5885330806133475
  0.37466213594123055
  0.8803136074151239
 -0.304524724384917
 -0.41112603074743315
  1.264744201217125
 -0.8085712120263214
 -0.47329316069274385
  0.10092906224121356
  1.061663422698736
 -0.8771552114461654
  0.990697144836457
  ⋮
  1.1192546818011588
 -0.5960545072525067
 -0.11077379760429806
 -0.14690363144441448
 -1.6108945154251189
 -1.6778183816315506
  1.3590235973290081
  1.2172608726757974
 -1.194599774416294
  0.3391470973549071
  3.559941679059893
 -0.3701517373132829
 -2.618718836084882
  0.8325018693014703

julia> v
100-element Array{Float64,1}:
 -1.4455461937373133
 -3.6023611642953575
 -0.28333703018030265
 -3.133602049145132
 -3.024311547743455
 -1.2484061625284646
 -2.1681168255477257
 -1.7581047120684863
 -2.141170949351797
 -0.21195767223499137
  1.7361795728529505
 -1.4077876708423485
  0.48279701540426934
  1.095449949502533
  ⋮
  2.421449408309876
 -1.2417663997873385
  1.5641552768599594
 -0.19822171102251135
 -0.21967015939387768
  0.7827865146407341
  0.35299317985394607
 -0.8893182630339642
  0.27763782735867637
  0.7382424889145858
  1.2919642071682504
 -0.2820213092547028
  0.2354050073695344
  2.0443351692807106

julia> u
100-element Array{Float64,1}:
  3.453574280639767
  1.3366837889128615
 -3.5885330806133475
  0.37466213594123055
  0.8803136074151239
 -0.304524724384917
 -0.41112603074743315
  1.264744201217125
 -0.8085712120263214
 -0.47329316069274385
  0.10092906224121356
  1.061663422698736
 -0.8771552114461654
  0.990697144836457
  ⋮
  1.1192546818011588
 -0.5960545072525067
 -0.11077379760429806
 -0.14690363144441448
 -1.6108945154251189
 -1.6778183816315506
  1.3590235973290081
  1.2172608726757974
 -1.194599774416294
  0.3391470973549071
  3.559941679059893
 -0.3701517373132829
 -2.618718836084882
  0.8325018693014703

julia> v
100-element Array{Float64,1}:
 -1.4455461937373133
 -3.6023611642953575
 -0.28333703018030265
 -3.133602049145132
 -3.024311547743455
 -1.2484061625284646
 -2.1681168255477257
 -1.7581047120684863
 -2.141170949351797
 -0.21195767223499137
  1.7361795728529505
 -1.4077876708423485
  0.48279701540426934
  1.095449949502533
  ⋮
  2.421449408309876
 -1.2417663997873385
  1.5641552768599594
 -0.19822171102251135
 -0.21967015939387768
  0.7827865146407341
  0.35299317985394607
 -0.8893182630339642
  0.27763782735867637
  0.7382424889145858
  1.2919642071682504
 -0.2820213092547028
  0.2354050073695344
  2.0443351692807106

julia> g(t1,u,v,w)
100-element Array{Float64,1}:
 -4.992301156167895
 -4.815217770122866
  1.0167643057647584
 -1.1740420369225322
 -2.6623426085412576
  0.3801705425644126
  0.8913692646841614
 -2.2235527397211214
  1.7312891896729317
  0.1003181166251757
  0.175230976170399
 -1.4945966770595693
 -0.4234879181325094
  1.0852591372834004
  ⋮
  2.7102185869954747
  0.7401604595479614
 -0.17326742006057994
  0.02911948918033224
  0.3538654549701592
 -1.3133736031575187
  0.4797260611177154
 -1.0825323249472476
 -0.3316660859321048
  0.25037279725944395
  4.599317228951825
  0.10439067757999487
 -0.6164595269073002
  1.7019128499049292

julia> g_test(t1,u,v,w)
100-element Array{Float64,1}:
  2.0896037982284343
 12.977005958023403
  0.08027987267139373
  9.819461802406572
  9.146460337814412
  1.558517946639047
  4.700730569223147
  3.090932178597415
  4.5846130343480755
  0.044926054819276036
  3.014319509191854
  1.9818661261757244
  0.2330929580832703
  1.200010591865102
  ⋮
  5.863417237004249
  1.5419837916408081
  2.446581730128856
  0.039291846720692
  0.04825497892813163
  0.6127547275033882
  0.12460418502340032
  0.7908869729657472
  0.07708276318044618
  0.5450019724388023
  1.669171512603886
  0.07953601887373672
  0.05541551749465055
  4.179306284357992

julia> g_test(t1,u,v,w)
100-element Array{Float64,1}:
  2.0896037982284343
 12.977005958023403
  0.08027987267139373
  9.819461802406572
  9.146460337814412
  1.558517946639047
  4.700730569223147
  3.090932178597415
  4.5846130343480755
  0.044926054819276036
  3.014319509191854
  1.9818661261757244
  0.2330929580832703
  1.200010591865102
  ⋮
  5.863417237004249
  1.5419837916408081
  2.446581730128856
  0.039291846720692
  0.04825497892813163
  0.6127547275033882
  0.12460418502340032
  0.7908869729657472
  0.07708276318044618
  0.5450019724388023
  1.669171512603886
  0.07953601887373672
  0.05541551749465055
  4.179306284357992

julia> g(t1,u,v,w)
100-element Array{Float64,1}:
 -4.992301156167895
  1.0167643057647584
 -1.1740420369225322
 -2.6623426085412576
  0.3801705425644126
  0.8913692646841614
 -2.2235527397211214
  1.7312891896729317
  0.1003181166251757
  0.175230976170399
 -1.4945966770595693
 -0.4234879181325094
  1.0852591372834004
  ⋮
  2.7102185869954747
  0.7401604595479614
 -0.17326742006057994
  0.02911948918033224
  0.3538654549701592
 -1.3133736031575187
  0.4797260611177154
 -1.0825323249472476
 -0.3316660859321048
  0.25037279725944395
  4.599317228951825
  0.10439067757999487
 -0.6164595269073002
  1.7019128499049292

julia> g(t1,u,v,w) == u.*v
true

julia>
julia> f1
f1 (generic function with 1 method)

julia> f1(a,b,c)
100-element Array{Float64,1}:
  3.453574280639767
  1.3366837889128615
 -3.5885330806133475
  0.37466213594123055
  0.8803136074151239
 -0.304524724384917
 -0.41112603074743315
  1.264744201217125
 -0.8085712120263214
 -0.47329316069274385
  0.10092906224121356
  1.061663422698736
 -0.8771552114461654
  0.990697144836457
  ⋮
  1.1192546818011588
 -0.5960545072525067
 -0.11077379760429806
 -0.14690363144441448
 -1.6108945154251189
 -1.6778183816315506
  1.3590235973290081
  1.2172608726757974
 -1.194599774416294
  0.3391470973549071
  3.559941679059893
 -0.3701517373132829
 -2.618718836084882
  0.8325018693014703

julia> f1_test(a,b,c)
100-element Array{Float64,1}:
  3.453574280639767
  1.3366837889128615
 -3.5885330806133475
  0.37466213594123055
  0.8803136074151239
 -0.304524724384917
 -0.41112603074743315
  1.264744201217125
 -0.8085712120263214
 -0.47329316069274385
  0.10092906224121356
  1.061663422698736
 -0.8771552114461654
  0.990697144836457
  ⋮
  1.1192546818011588
 -0.5960545072525067
 -0.11077379760429806
 -0.14690363144441448
 -1.6108945154251189
 -1.6778183816315506
  1.3590235973290081
  1.2172608726757974
 -1.194599774416294
  0.3391470973549071
  3.559941679059893
 -0.3701517373132829
 -2.618718836084882
  0.8325018693014703

julia> f2(a,b,c)
100-element Array{Float64,1}:
 -1.4455461937373133
 -3.6023611642953575
 -0.28333703018030265
 -3.133602049145132
 -3.024311547743455
 -1.2484061625284646
 -2.1681168255477257
 -1.7581047120684863
 -2.141170949351797
 -0.21195767223499137
  1.7361795728529505
 -1.4077876708423485
  0.48279701540426934
  1.095449949502533
  ⋮
  2.421449408309876
 -1.2417663997873385
  1.5641552768599594
 -0.19822171102251135
 -0.21967015939387768
  0.7827865146407341
  0.35299317985394607
 -0.8893182630339642
  0.27763782735867637
  0.7382424889145858
  1.2919642071682504
 -0.2820213092547028
  0.2354050073695344
  2.0443351692807106

 -1.4455461937373133
 -3.6023611642953575
 -0.28333703018030265
 -3.133602049145132
 -3.024311547743455
 -1.2484061625284646
 -2.1681168255477257
 -1.7581047120684863
 -2.141170949351797
 -0.21195767223499137
  1.7361795728529505
 -1.4077876708423485
  0.48279701540426934
  1.095449949502533
  ⋮
  2.421449408309876
 -1.2417663997873385
  1.5641552768599594
 -0.19822171102251135
 -0.21967015939387768
  0.7827865146407341
  0.35299317985394607
 -0.8893182630339642
  0.27763782735867637
  0.7382424889145858
  1.2919642071682504
 -0.2820213092547028
  0.2354050073695344
  2.0443351692807106

julia>
julia>

100-element Array{Float64,1}:
  3.453574280639767
  1.3366837889128615
 -3.5885330806133475
  0.37466213594123055
  0.8803136074151239
 -0.304524724384917
 -0.41112603074743315
  1.264744201217125
 -0.8085712120263214
 -0.47329316069274385
  0.10092906224121356
  1.061663422698736
 -0.8771552114461654
  0.990697144836457
  ⋮
  1.1192546818011588
 -0.5960545072525067
 -0.11077379760429806
 -0.14690363144441448
 -1.6108945154251189
 -1.6778183816315506
  1.3590235973290081
  1.2172608726757974
 -1.194599774416294
  0.3391470973549071
  3.559941679059893
 -0.3701517373132829
 -2.618718836084882
  0.8325018693014703

julia>
julia> f
ERROR: UndefVarError: f not defined

julia> f1(a,b,c)
10-element Array{Float64,1}:
 -2.231748076388766
 -0.12030703777449117
  1.7977796652414035
  1.1239843475391988
 -0.3379400711905053
 -0.45496809971924873
 -1.427931013764479
  0.4282865311227391
  3.0365818512926666
  0.07149769922093108

julia> f2(a,b,c)
10-element Array{Float64,1}:
 -0.9958247660785597
  0.033543726815816605
  0.2286366359253762
  0.22391468204346177
 -0.8245562968462744
 -1.4391629085724742
  0.3154732237317282
  0.8793445658095507
 -1.289614165315367

julia> f1_test(a,b,c)
10-element Array{Float64,1}:
 -2.231748076388766
 -0.12030703777449117
  1.7977796652414035
  1.1239843475391988
 -0.3379400711905053
 -0.45496809971924873
 -1.427931013764479
  0.4282865311227391
  3.0365818512926666
  0.07149769922093108

julia> f2_test(a,b,c)
10-element Array{Float64,1}:
 -0.9958247660785597
  0.033543726815816605
  0.2286366359253762
  0.22391468204346177
 -0.8245562968462744
 -0.9697862470726837
 -1.4391629085724742
  0.3154732237317282
  0.8793445658095507
 -1.289614165315367

julia>
julia>

julia> u = f1(a,b,c)
10-element Array{Float64,1}:
 -2.231748076388766
 -0.12030703777449117
  1.7977796652414035
  1.1239843475391988
 -0.3379400711905053
 -0.45496809971924873
 -1.427931013764479
  0.4282865311227391
  3.0365818512926666
  0.07149769922093108

julia> v = f2(a,b,c)
10-element Array{Float64,1}:
  2.055025351010129
  0.13511293265416965
  2.6702017495701114
 -0.0922044457027702

julia> g(t1,u,v,w)
10-element Array{Float64,1}:
  2.2224300061161184
 -0.004035546409127661
  0.4110382947958435
  0.2786506136568094
  0.44122180596452076
  2.055025351010129
  0.13511293265416965
  2.6702017495701114
 -0.0922044457027702

julia> g_test(t1,u,v,w)
10-element Array{Float64,1}:
 0.9916669647354183
 0.001125181608694134
 0.052274711287273026
 0.050137784834624576
 0.6798930866688414
 0.9404853650113203
 2.0711898774107835
 0.09952335489168904
 0.7732468654187872

julia> g_test(t1,u,v,w)
[-0.9958247660785597, 0.033543726815816605, 0.2286366359253762, 0.2239166359253762, 0.22391468204346177, -0.8245562968462744, -0.9697862470726 0.9916669647354183 0.001125181608694134
 0.052274711287273026
 0.050137784834624576
 0.6798930866688414
 0.9404853650113203
 2.0711898774107835
 0.09952335489168904
 0.7732468654187872
 1.6631046953820507

julia> g_test(t1,u,v,w)
[-0.9958247660785597, 0.033543726815816605, 0.2286366359253762, 0.22391
[-0.9958247660785597, 0.033543726815816605, 0.2286366359253762, 0.22391
10-element Array{Float64,1}:
 0.9916669647354183
 0.001125181608694134
 0.052274711287273026
 0.050137784834624576
 0.6798930866688414
 0.9404853650113203
 2.0711898774107835
 0.09952335489168904
 0.7732468654187872
 1.6631046953820507

julia>
julia> g

julia> g(t1,u,v,w)
[-2.231748076388766, -0.12030703777449117, 1.7977796652414035, 1.123984
[-0.9958247660785597, 0.033543726815816605, 0.2286366359253762, 0.22391
10-element Array{Float64,1}:
  2.2224300061161184
 -0.004035546409127661
  0.4110382947958435
  0.25167659780106755
  0.2786506136568094
  0.44122180596452076
  2.055025351010129
  0.13511293265416965
  2.6702017495701114
 -0.0922044457027702

julia>
julia>

julia> g(t1,u,v,w)
[-2.231748076388766, -0.12030703777449117, 1.7977796652414035, 1.123984
[-0.9958247660785597, 0.033543726815816605, 0.2286366359253762, 0.22391
10-element Array{Float64,1}:
  2.2224300061161184
 -0.004035546409127661
  0.4110382947958435
  0.25167659780106755
  0.2786506136568094
  0.44122180596452076
  2.055025351010129
  0.13511293265416965
  2.6702017495701114
 -0.0922044457027702

julia> g_test(t1,u,v,w)
[-0.9958247660785597, 0.033543726815816605, 0.2286366359253762, 0.22391
[-0.9958247660785597, 0.033543726815816605, 0.2286366359253762, 0.22391
10-element Array{Float64,1}:
 0.9916669647354183
 0.001125181608694134
 0.052274711287273026
 0.050137784834624576
 0.6798930866688414
 0.9404853650113203
 2.0711898774107835
 0.09952335489168904
 0.7732468654187872
 1.6631046953820507

julia>
julia> g_test(t1,u,v,w)
[-2.231748076388766, -0.12030703777449117, 1.7977796652414035, 1.123984
[-0.9958247660785597, 0.033543726815816605, 0.2286366359253762, 0.22391
10-element Array{Float64,1}:
  2.2224300061161184
 -0.004035546409127661
  0.4110382947958435
  0.25167659780106755
  0.2786506136568094
  0.44122180596452076
  2.055025351010129
  0.13511293265416965
  2.6702017495701114
 -0.0922044457027702

julia> @benchmark g_test(t1,u,v,w)
[-2.231748076388766, -0.12030703777449117, 1.7977796652414035, 1.123984
[-0.9958247660785597, 0.033543726815816605, 0.2286366359253762, 0.22391
[-2.231748076388766, -0.12030703777449117, 1.7977796652414035, 1.123984
[-0.9958247660785597, 0.033543726815816605, 0.2286366359253762, 0.22391
[-2.231748076388766, -0.12030703777449117, 1.7977796652414035, 1.123984
[-0.9958247660785597, 0.033543726815816605, 0.2286366359253762, 0.22391
[-2.231748076388766, -0.12030703777449117, 1.7977796652414035, 1.123984
[-0.9958247660785597, 0.033543726815816605, 0.2286366359253762, 0.22391
[-2.231748076388766, -0.12030703777449117, 1.7977796652414035, 1.123984
[-0.9958247660785597, 0.033543726815816605, 0.2286366359253762, 0.22391
[-2.231748076388766, -0.12030703777449117, 1.7977796652414035, 1.123984
[-0.9958247660785597, 0.033543726815816605, 0.2286366359253762, 0.22391
[-2.231748076388766, -0.12030703777449117, 1.7977796652414035, 1.123984
[-0.9958247660785597, 0.033543726815816605, 0.2286366359253762, 0.22391
[-2.231748076388766, -0.12030703777449117, 1.7977796652414035, 1.123984
[-0.9958247660785597, 0.033543726815816605, 0.2286366359253762, 0.22391
[-2.231748076388766, -0.12030703777449117, 1.7977796652414035, 1.123984
[-0.9958247660785597, 0.033543726815816605, 0.2286366359253762, 0.22391
[-2.231748076388766, -0.12030703777449117, 1.7977796652414035, 1.123984
[-0.9958247660785597, 0.033543726815816605, 0.2286366359253762, 0.22391
[-2.231748076388766, -0.12030703777449117, 1.7977796652414035, 1.123984
[-0.9958247660785597, 0.033543726815816605, 0.2286366359253762, 0.22391
[-2.231748076388766, -0.12030703777449117, 1.7977796652414035, 1.123984
[-0.9958247660785597, 0.033543726815816605, 0.2286366359253762, 0.22391
[-2.231748076388766, -0.12030703777449117, 1.7977796652414035, 1.123984
[-0.9958247660785597, 0.033543726815816605, 0.2286366359253762, 0.22391
[-2.231748076388766, -0.12030703777449117, 1.7977796652414035, 1.123984
[-0.9958247660785597, 0.033543726815816605, 0.2286366359253762, 0.22391
[-2.231748076388766, -0.12030703777449117, 1.7977796652414035, 1.123984
[-0.9958247660785597, 0.033543726815816605, 0.2286366359253762, 0.22391
[-2.231748076388766, -0.12030703777449117, 1.7977796652414035, 1.123984
[-0.9958247660785597, 0.033543726815816605, 0.2286366359253762, 0.22391
[-2.231748076388766, -0.12030703777449117, 1.7977796652414035, 1.123984
[-0.9958247660785597, 0.033543726815816605, 0.2286366359253762, 0.22391
[-2.231748076388766, -0.12030703777449117, 1.7977796652414035, 1.123984
[-0.9958247660785597, 0.033543726815816605, 0.2286366359253762, 0.22391
[-2.231748076388766, -0.12030703777449117, 1.7977796652414035, 1.123984
[-0.9958247660785597, 0.033543726815816605, 0.2286366359253762, 0.22391
[-2.231748076388766, -0.12030703777449117, 1.7977796652414035, 1.123984
[-0.9958247660785597, 0.033543726815816605, 0.2286366359253762, 0.22391
[-2.231748076388766, -0.12030703777449117, 1.7977796652414035, 1.123984
[-0.9958247660785597, 0.033543726815816605, 0.2286366359253762, 0.22391
[-2.231748076388766, -0.12030703777449117, 1.7977796652414035, 1.123984
[-0.9958247660785597, 0.033543726815816605, 0.2286366359253762, 0.22391
[-2.231748076388766, -0.12030703777449117, 1.7977796652414035, 1.123984
[-0.9958247660785597, 0.033543726815816605, 0.2286366359253762, 0.22391
[-2.231748076388766, -0.12030703777449117, 1.7977796652414035, 1.123984
[-0.9958247660785597, 0.033543726815816605, 0.2286366359253762, 0.22391
[-2.231748076388766, -0.12030703777449117, 1.7977796652414035, 1.123984
[-0.9958247660785597, 0.033543726815816605, 0.2286366359253762, 0.22391
[-2.231748076388766, -0.12030703777449117, 1.7977796652414035, 1.123984
[-0.9958247660785597, 0.033543726815816605, 0.2286366359253762, 0.22391
[-2.231748076388766, -0.12030703777449117, 1.7977796652414035, 1.123984
[-0.9958247660785597, 0.033543726815816605, 0.2286366359253762, 0.22391
[-2.231748076388766, -0.12030703777449117, 1.7977796652414035, 1.123984
[-0.9958247660785597, 0.033543726815816605, 0.2286366359253762, 0.22391
[-2.231748076388766, -0.12030703777449117, 1.7977796652414035, 1.123984
[-0.9958247660785597, 0.033543726815816605, 0.2286366359253762, 0.22391
[-2.231748076388766, -0.12030703777449117, 1.7977796652414035, 1.123984
[-0.9958247660785597, 0.033543726815816605, 0.2286366359253762, 0.22391
[-2.231748076388766, -0.12030703777449117, 1.7977796652414035, 1.123984
[-0.9958247660785597, 0.033543726815816605, 0.2286366359253762, 0.22391
[-2.231748076388766, -0.12030703777449117, 1.7977796652414035, 1.123984
[-0.9958247660785597, 0.033543726815816605, 0.2286366359253762, 0.22391
[-2.231748076388766, -0.12030703777449117, 1.7977796652414035, 1.123984
[-0.9958247660785597, 0.033543726815816605, 0.2286366359253762, 0.22391
[-2.231748076388766, -0.12030703777449117, 1.7977796652414035, 1.123984
[-0.9958247660785597, 0.033543726815816605, 0.2286366359253762, 0.22391
[-2.231748076388766, -0.12030703777449117, 1.7977796652414035, 1.123984
[-0.9958247660785597, 0.033543726815816605, 0.2286366359253762, 0.22391
[-2.231748076388766, -0.12030703777449117, 1.7977796652414035, 1.123984
[-0.9958247660785597, 0.033543726815816605, 0.2286366359253762, 0.22391
[-2.231748076388766, -0.12030703777449117, 1.7977796652414035, 1.123984
[-0.9958247660785597, 0.033543726815816605, 0.2286366359253762, 0.22391
[-2.231748076388766, -0.12030703777449117, 1.7977796652414035, 1.123984
[-0.9958247660785597, 0.033543726815816605, 0.2286366359253762, 0.22391
[-2.231748076388766, -0.12030703777449117, 1.7977796652414035, 1.123984
[-0.9958247660785597, 0.033543726815816605, 0.2286366359253762, 0.22391
[-2.231748076388766, -0.12030703777449117, 1.7977796652414035, 1.123984
[-0.9958247660785597, 0.033543726815816605, 0.2286366359253762, 0.22391
[-2.231748076388766, -0.12030703777449117, 1.7977796652414035, 1.123984
[-0.9958247660785597, 0.033543726815816605, 0.2286366359253762, 0.22391
[-2.231748076388766, -0.12030703777449117, 1.7977796652414035, 1.123984
[-0.9958247660785597, 0.033543726815816605, 0.2286366359253762, 0.22391
[-2.231748076388766, -0.12030703777449117, 1.7977796652414035, 1.123984
[-0.9958247660785597, 0.033543726815816605, 0.2286366359253762, 0.22391
[-2.231748076388766, -0.12030703777449117, 1.7977796652414035, 1.123984
[-0.9958247660785597, 0.033543726815816605, 0.2286366359253762, 0.22391
[-2.231748076388766, -0.12030703777449117, 1.7977796652414035, 1.123984
[-0.9958247660785597, 0.033543726815816605, 0.2286366359253762, 0.22391
[-2.231748076388766, -0.12030703777449117, 1.7977796652414035, 1.123984
[-0.9958247660785597, 0.033543726815816605, 0.2286366359253762, 0.22391
[-2.231748076388766, -0.12030703777449117, 1.7977796652414035, 1.123984
[-0.9958247660785597, 0.033543726815816605, 0.2286366359253762, 0.22391
[-2.231748076388766, -0.12030703777449117, 1.7977796652414035, 1.123984
[-0.9958247660785597, 0.033543726815816605, 0.2286366359253762, 0.22391
[-2.231748076388766, -0.12030703777449117, 1.7977796652414035, 1.123984
[-0.9958247660785597, 0.033543726815816605, 0.2286366359253762, 0.22391
[-2.231748076388766, -0.12030703777449117, 1.7977796652414035, 1.123984
[-0.9958247660785597, 0.033543726815816605, 0.2286366359253762, 0.22391
[-2.231748076388766, -0.12030703777449117, 1.7977796652414035, 1.123984
[-0.9958247660785597, 0.033543726815816605, 0.2286366359253762, 0.22391
[-2.231748076388766, -0.12030703777449117, 1.7977796652414035, 1.123984
[-0.9958247660785597, 0.033543726815816605, 0.2286366359253762, 0.22391
[-2.231748076388766, -0.12030703777449117, 1.7977796652414035, 1.123984
[-0.9958247660785597, 0.033543726815816605, 0.2286366359253762, 0.22391
[-2.231748076388766, -0.12030703777449117, 1.7977796652414035, 1.123984
[-0.9958247660785597, 0.033543726815816605, 0.2286366359253762, 0.22391
[-2.231748076388766, -0.12030703777449117, 1.7977796652414035, 1.123984
[-0.9958247660785597, 0.033543726815816605, 0.2286366359253762, 0.22391
[-0.9958247660785597, 0.033543726815816605, 0.2286366359253762, 0.22391
[-2.231748076388766, -0.12030703777449117, 1.7977796652414035, 1.123984
[-0.9958247660785597, 0.033543726815816605, 0.2286366359253762, 0.22391
[-2.231748076388766, -0.12030703777449117, 1.7977796652414035, 1.123984
[-0.9958247660785597, 0.033543726815816605, 0.2286366359253762, 0.22391
[-2.231748076388766, -0.12030703777449117, 1.7977796652414035, 1.123984
[-0.9958247660785597, 0.033543726815816605, 0.2286366359253762, 0.22391
[-2.231748076388766, -0.12030703777449117, 1.7977796652414035, 1.123984
[-0.9958247660785597, 0.033543726815816605, 0.2286366359253762, 0.22391
[-2.231748076388766, -0.12030703777449117, 1.7977796652414035, 1.123984
[-0.9958247660785597, 0.033543726815816605, 0.2286366359253762, 0.22391
[-2.231748076388766, -0.12030703777449117, 1.7977796652414035, 1.123984
[-0.9958247660785597, 0.033543726815816605, 0.2286366359253762, 0.22391
[-2.231748076388766, -0.12030703777449117, 1.7977796652414035, 1.123984
[-0.9958247660785597, 0.033543726815816605, 0.2286366359253762, 0.22391
[-2.231748076388766, -0.12030703777449117, 1.7977796652414035, 1.123984
[-0.9958247660785597, 0.033543726815816605, 0.2286366359253762, 0.22391
[-2.231748076388766, -0.12030703777449117, 1.7977796652414035, 1.123984
[-0.9958247660785597, 0.033543726815816605, 0.2286366359253762, 0.22391
[-2.231748076388766, -0.12030703777449117, 1.7977796652414035, 1.123984
Stacktrace:
 [1] enq_work(::Task) at .\task.jl:411
 [2] schedule at .\task.jl:426 [inlined]
 [3] uv_writecb_task(::Ptr{Nothing}, ::Int32) at .\stream.jl:985
 [4] poptaskref(::Base.InvasiveLinkedListSynchronized{Task}) at .\task.
 [5] wait() at .\task.jl:591
 [6] uv_write(::Base.TTY, ::Ptr{UInt8}, ::UInt64) at .\stream.jl:883
 [7] unsafe_write(::Base.TTY, ::Ptr{UInt8}, ::UInt64) at .\stream.jl:93
 [8] #with_output_color#674(::Bool, ::typeof(Base.with_output_color), :
 [9] #with_output_color at .\none:0 [inlined]
 [10] #printstyled#675 at .\util.jl:398 [inlined]
 [11] (::getfield(Base, Symbol("#kw##printstyled")))(::NamedTuple{(:bol
 [12] display_error(::Base.TTY, ::InterruptException, ::Array{Base.Stac
 [13] (::getfield(Atom, Symbol("##172#174")){Module})() at C:\Users\che
 [14] with_logstate(::getfield(Atom, Symbol("##172#174")){Module}, ::Ba
 [15] with_logger at .\logging.jl:491 [inlined]
 [16] evalrepl(::Module, ::String) at C:\Users\cheny\.juliapro\JuliaPro
 [17] top-level scope at C:\Users\cheny\.juliapro\JuliaPro_v1.2.0-1\pac
 [18] eval(::Module, ::Any) at .\boot.jl:330
 [19] eval_user_input(::Any, ::REPL.REPLBackend) at C:\Users\julia\AppD
 [20] macro expansion at C:\Users\julia\AppData\Local\Julia-1.2.0\share
 [21] (::getfield(REPL, Symbol("##26#27")){REPL.REPLBackend})() at .\ta

WARNING: Workqueue inconsistency detected: popfirst!(Workqueue).state !

julia>

julia>

julia>
julia>

julia> @benchmark g(t1,u,v,w)
ERROR: InterruptException:
Stacktrace:
 [1] poptaskref(::Base.InvasiveLinkedListSynchronized{Task}) at .\task.
 [2] wait() at .\task.jl:591
 [3] wait(::Base.GenericCondition{ReentrantLock}) at .\condition.jl:104
 [4] take_buffered(::Channel{Any}) at .\channels.jl:350
 [5] take!(::Channel{Any}) at .\channels.jl:344
 [6] eval_with_backend(::Any, ::REPL.REPLBackendRef) at C:\Users\julia\
 [7] (::getfield(REPL, Symbol("#do_respond#38")){Bool,getfield(Atom, Sy
 [8] #invokelatest#1 at .\essentials.jl:790 [inlined]
 [9] invokelatest at .\essentials.jl:789 [inlined]
 [10] run_interface(::REPL.Terminals.TextTerminal, ::REPL.LineEdit.Moda
 [11] run_frontend(::REPL.LineEditREPL, ::REPL.REPLBackendRef) at C:\Us
 [12] run_repl(::REPL.AbstractREPL, ::Any) at C:\Users\julia\AppData\Lo
 [13] (::getfield(Base, Symbol("##737#739")){Bool,Bool,Bool,Bool})(::Mo
 [14] #invokelatest#1 at .\essentials.jl:790 [inlined]
 [15] invokelatest at .\essentials.jl:789 [inlined]
 [16] run_main_repl(::Bool, ::Bool, ::Bool, ::Bool, ::Bool) at .\client
 [17] exec_options(::Base.JLOptions) at .\client.jl:312
 [18] _start() at .\client.jl:464

julia>

julia> @benchmark g(t1,u,v,w)
ERROR: InterruptException:
Starting Julia...
               _
   _       _ _(_)_     |  Documentation: https://docs.julialang.org
  (_)     | (_) (_)    |
   _ _   _| |_  __ _   |  Type "?" for help, "]?" for Pkg help.
  | | | | | | |/ _` |  |
  | | |_| | | | (_| |  |  Version 1.2.0 (2019-08-20)
 _/ |\__'_|_|_|\__'_|  |  Official https://julialang.org/ release
|__/                   |

julia>

julia> @benchmark g(t1,u,v,w)
BenchmarkTools.Trial:
  memory estimate:  368 bytes
  allocs estimate:  4
  --------------
  minimum time:     333.036 ns (0.00% GC)
  median time:      337.049 ns (0.00% GC)
  mean time:        376.914 ns (8.10% GC)
  samples:          10000
  evals/sample:     224

julia> @benchmakr g_test(t1,u,v,w)
ERROR: LoadError: UndefVarError: @benchmakr not defined
in expression starting at none:1

julia> @benchmark g_test(t1,u,v,w)
BenchmarkTools.Trial:
  memory estimate:  48 bytes
  allocs estimate:  2
  --------------
  minimum time:     270.276 ns (0.00% GC)
  median time:      273.065 ns (0.00% GC)
  mean time:        294.231 ns (5.45% GC)
  maximum time:     114.791 μs (99.69% GC)
  --------------
  samples:          10000
  evals/sample:     323

julia> g(t1,u,v,w) == g_test(t1,u,v,w)
true

julia> @benchmakr g3_test(u,v,w,a,b,c)
ERROR: LoadError: UndefVarError: @benchmakr not defined
in expression starting at none:1

julia> @benchmark g3_test(u,v,w,a,b,c)
BenchmarkTools.Trial:
  memory estimate:  0 bytes
  allocs estimate:  0
  --------------
  minimum time:     48.533 ns (0.00% GC)
  median time:      48.635 ns (0.00% GC)
  mean time:        48.925 ns (0.00% GC)
  maximum time:     127.705 ns (0.00% GC)
  --------------
  samples:          10000
  evals/sample:     989

julia> ge_test(u,v,w,a,b,c) == g_test(t1,u,v,w)
Stacktrace:
 [1] top-level scope at none:0

julia> g3_test(u,v,w,a,b,c) == g_test(t1,u,v,w)
true

julia>
julia> g3_test(u,v,w,a,b,c) == g_test(t1,u,v,w)
true

julia> @benchmakr g3_test(u,v,w,a,b,c)
ERROR: LoadError: UndefVarError: @benchmakr not defined
in expression starting at none:1

julia> @benchmark g3_test(u,v,w,a,b,c)
BenchmarkTools.Trial:
  memory estimate:  0 bytes
  allocs estimate:  0
  --------------
  minimum time:     73.072 ns (0.00% GC)
  median time:      73.279 ns (0.00% GC)
  mean time:        73.763 ns (0.00% GC)
  maximum time:     167.215 ns (0.00% GC)
  --------------
  samples:          10000
  evals/sample:     973

julia> @benchmark g_test(u,v,w,a,b,c)
ERROR: MethodError: no method matching g_test(::Array{Float64,1}, ::Arr
Closest candidates are:
  g_test(::Any, ::Any, ::Any, ::Any) at C:\Users\cheny\OneDrive\Documen
Stacktrace:
 [1] ##core#396() at C:\Users\cheny\.juliapro\JuliaPro_v1.2.0-1\package
 [2] ##sample#397(::BenchmarkTools.Parameters) at C:\Users\cheny\.julia
 [3] #_run#23(::Bool, ::String, ::Base.Iterators.Pairs{Symbol,Integer,NBenchmarkTools.Parameters) at C:\Users\cheny\.juliapro\JuliaPro_v1.2.0- [4] (::getfield(BenchmarkTools, Symbol("#kw##_run")))(::NamedTuple{(:varameters) at .\none:0 [5] (::getfield(Base, Symbol("#inner#2")){Base.Iterators.Pairs{Symbol,("##benchmark#395")},BenchmarkTools.Parameters}})() at .\essentials.jl: [6] #invokelatest#1 at .\essentials.jl:794 [inlined]
 [7] #invokelatest at .\none:0 [inlined]
 [8] #run_result#37 at C:\Users\cheny\.juliapro\JuliaPro_v1.2.0-1\packa
 [9] #run_result at .\none:0 [inlined]
 [10] #run#39(::Base.Iterators.Pairs{Symbol,Integer,NTuple{5,Symbol},Nameters) at C:\Users\cheny\.juliapro\JuliaPro_v1.2.0-1\packages\Benchmar [11] warmup(::BenchmarkTools.Benchmark{Symbol("##benchmark#395")}) at
 [12] top-level scope at C:\Users\cheny\.juliapro\JuliaPro_v1.2.0-1\pac

julia>
julia> @benchmark g_test(u,v,w,a,b,c)
ERROR: MethodError: no method matching g_test(::Array{Float64,1}, ::Arr
Closest candidates are:
  g_test(::Any, ::Any, ::Any, ::Any) at C:\Users\cheny\OneDrive\Documen
Stacktrace:
 [1] ##core#402() at C:\Users\cheny\.juliapro\JuliaPro_v1.2.0-1\package
 [2] ##sample#403(::BenchmarkTools.Parameters) at C:\Users\cheny\.julia
 [3] #_run#24(::Bool, ::String, ::Base.Iterators.Pairs{Symbol,Integer,NBenchmarkTools.Parameters) at C:\Users\cheny\.juliapro\JuliaPro_v1.2.0-
 [4] (::getfield(BenchmarkTools, Symbol("#kw##_run")))(::NamedTuple{(:varameters) at .\none:0
 [5] (::getfield(Base, Symbol("#inner#2")){Base.Iterators.Pairs{Symbol,("##benchmark#401")},BenchmarkTools.Parameters}})() at .\essentials.jl:
 [6] #invokelatest#1 at .\essentials.jl:794 [inlined]
 [7] #invokelatest at .\none:0 [inlined]
 [8] #run_result#37 at C:\Users\cheny\.juliapro\JuliaPro_v1.2.0-1\packa
 [9] #run_result at .\none:0 [inlined]
 [10] #run#39(::Base.Iterators.Pairs{Symbol,Integer,NTuple{5,Symbol},Nameters) at C:\Users\cheny\.juliapro\JuliaPro_v1.2.0-1\packages\Benchmar
 [11] warmup(::BenchmarkTools.Benchmark{Symbol("##benchmark#401")}) at
 [12] top-level scope at C:\Users\cheny\.juliapro\JuliaPro_v1.2.0-1\pac

julia> u
100-element Array{Float64,1}:
  0.4279442831008162
 -0.3484084928382934
 -0.23235039450606776
  2.331310750583634
  0.3042414094568823
 -0.5221523482286538
 -1.71372544475307
  1.750441647069674
  0.9556289748922123
  1.499264549486185
  0.3293402477663062
  0.19693706972783334
  0.7630120321743283
 -0.2981876988785103
  0.07140630235431904
  1.4931246559299403
  0.2215267349059016
  0.5205642939226924
  0.097764224542484
  0.17970717857173213
  1.7772069450162082
  0.7811148398700809
  0.5798972052655683
  ⋮
 -0.3860366181875215
 -1.186259517917498
 -0.4644643566468191
  1.0397639417836075
  0.4869667737229883
 -1.9509499376422381
 -0.8023094939245796
 -0.9661526019843363
  1.7959040735934657
 -0.48986673081474585
  0.41723278069204967
  0.14581194544745996
  1.8065843969070752
 -0.06513492752576439
  0.35997617126513226
 -1.067015531397805
 -1.1119135505013302
  0.8796867978162332
 -0.6049460788185995
  0.3429862964044939
  1.7242648356668602
 -0.009875124848819205
 -1.3698009965214257

julia> v
100-element Array{Float64,1}:
 -1.1811673873138406
  1.8781799353672926
  0.8033731158234605
 -0.7340301781328519
 -0.23992695849357432
  0.5684333726835398
  2.061848816866348
 -0.6765756943420274
 -0.29031564588374903
 -1.4752705049180013
 -1.2865479182086854
  0.22581947691696927
 -0.2673036694766346
 -0.06444796338980507
 -0.2551758661127433
  0.6551703259841869
  1.115283488669066
 -0.5004229724475769
 -0.3900120245182345
 -0.283075535275734
 -0.5538553269782487
  0.3327702828635315
 -1.3090850499832258
  ⋮
  0.6021316309815185
  1.2135798250254095
  1.2022130091929413
 -0.5886424529503212
 -0.09873073506975212
 -0.540037904669332
 -0.0018666953687498555
 -0.17361619123391625
 -0.8274074697727523
 -0.43070306281836396
  0.12761523202018818
  0.020534641569765026
 -1.1758713908111116
 -1.8183124435045308
 -0.17539972680667784
 -0.21405626977912717
 -0.6626519658122697
 -0.47156258073970186
 -0.43092009431388173
  0.647231804612575
  1.7379802097163017
 -0.9012043934752553
 -1.8508375006792614

julia> w
100-element Array{Float64,1}:
 -0.8269833310105881
 -0.5326213622006436
  1.2151670240082408
 -1.7140348615339465
 -0.3201925598544353
  0.08733394783677473
  0.8435717779681978
 -0.13919036082845027
  0.020994889094388253
 -1.2623850453129437
 -0.8122568786874929
  1.2689173254829318
 -1.0905504211708195
  1.2496984643593796
  0.853712023576331
 -0.47259942931367444
 -0.5999030886491156
 -1.198825477874545
  1.1286780969835704
 -0.2089174094780133
  0.3527638110298118
  1.4628782827659028
  0.5884927366934402
  ⋮
 -2.565053364019276
 -0.3269313581766368
  0.4214714044612754
  0.13142143744860937
 -0.41510029680243016
 -0.25143768860498417
 -1.309555419793359
  1.7810297853400654
  0.9926827769352409
  0.2624090991417495
 -0.7917224482698322
 -0.872712791736938
  0.22810365752611517
 -0.4422571636394927
 -0.9970076278107396
 -0.470907496234055
 -0.9841360230950404
  0.7969015157680369
 -1.123716815439321
 -1.3055950726970018
 -0.570353613729909
  2.019130634338357
  0.5120134965669295

julia> t1
st_new
  n: Int64 100
  a: Array{Float64}((100,)) [1.138576483152648, -2.423781772050685, -0.249651227321972, 0.345201620500965, 1.8821856957013001, -0.126344689528
  b: Array{Float64}((100,)) [0.5214665963652576, 0.4143406627819242, 1.08, -1.7216272389355907, -0.4694478957000084, -1.336928464867913, 0.031
  c: Array{Float64}((100,)) [0.6171098867873903, -2.8381224348326093, -
2.6465923616677878, 0.8146495162009734, 3.2191141605692133, -0.15822881
  d: Array{Float64}((100,)) [0.6171098867873903, -2.8381224348326093, -
2.6465923616677878, 0.8146495162009734, 3.2191141605692133, -0.15822881


julia> g_test(t1,u,v,w)
100-element Array{Float64,1}:
  1.0244289968634854
  5.703039893690595
 -0.7391318377883308
  0.5123344627891862
  1.1676964232572455
  0.6850305146994852
  0.1545415129307653
 -1.8498787505285468
 -0.7061707807001749
  0.006511708879273278
 -0.05754370116619265
  1.0427451603091673
 -2.625815032856809
  0.021896546587269652
 -0.23069792211403903
 -1.4571282224655802
  0.16461787698076916
 -2.3475016108130675
  1.5396484131952684
 -2.637522374625444
 -0.055866728359233196
  0.4616423048858735
 -0.027931933422458605
  ⋮
  0.38756886501434296
  1.1068587348221892
 -2.1198677762362768
 -8.526070451196542
  0.3365006469463094
  0.020539370586556797
  0.34026671747440423
 -0.6269784947053273
  0.026760512191029612
 -0.3831265420580837
  0.43396701114196456
  0.5770592471297509
 -1.420645404565557
  4.310096504143567
 -2.1084398715739967
 -0.1012171679806737
  1.7552452729285128
  0.014946383203912582
  0.9836352078989996
  0.08518311158696563
  3.6258071510139085
 -2.485069125290854
 -1.2233208320654314

julia> @benchmakr g_test(t1,u,v,w)
ERROR: LoadError: UndefVarError: @benchmakr not defined
in expression starting at none:1

julia> @benchmark g_test(t1,u,v,w)
BenchmarkTools.Trial:
  memory estimate:  48 bytes
  allocs estimate:  2
  --------------
  minimum time:     307.083 ns (0.00% GC)
  median time:      314.173 ns (0.00% GC)
  mean time:        340.074 ns (6.21% GC)
  maximum time:     152.668 μs (99.71% GC)
  --------------
  samples:          10000
  evals/sample:     254

julia> @benchmakr g3_test(u,v,w,a,b,c)
ERROR: LoadError: UndefVarError: @benchmakr not defined
in expression starting at none:1

julia> @benchmark g3_test(u,v,w,a,b,c)
BenchmarkTools.Trial:
  memory estimate:  0 bytes
  allocs estimate:  0
  --------------
  minimum time:     73.259 ns (0.00% GC)
  median time:      73.872 ns (0.00% GC)
  mean time:        74.494 ns (0.00% GC)
  maximum time:     249.078 ns (0.00% GC)
  --------------
  samples:          10000
  evals/sample:     976
julia> @benchmakr g_test(t1,u,v,w)
ERROR: LoadError: UndefVarError: @benchmakr not defined
in expression starting at none:1

julia> @benchmark g_test(t1,u,v,w)
BenchmarkTools.Trial:
  memory estimate:  48 bytes
  allocs estimate:  2
  --------------
  minimum time:     304.476 ns (0.00% GC)
  median time:      309.350 ns (0.00% GC)
  mean time:        336.435 ns (6.61% GC)
  maximum time:     160.972 μs (99.73% GC)
  --------------
  samples:          10000
  evals/sample:     246

julia> @benchmark @unpack a,b,c,d = t1
BenchmarkTools.Trial:
  memory estimate:  0 bytes
  allocs estimate:  0
  --------------
  minimum time:     50.203 ns (0.00% GC)
  median time:      51.117 ns (0.00% GC)
  mean time:        51.544 ns (0.00% GC)
  maximum time:     139.047 ns (0.00% GC)
  --------------
  samples:          10000
  evals/sample:     986

julia> @benchmakr g1(u,v,w)
ERROR: LoadError: UndefVarError: @benchmakr not defined
in expression starting at none:1

julia> @benchmark g1(u,v,w)
BenchmarkTools.Trial:
  memory estimate:  2.67 KiB
  allocs estimate:  5
  --------------
  minimum time:     431.151 ns (0.00% GC)
  median time:      450.246 ns (0.00% GC)
  mean time:        524.858 ns (11.81% GC)
  maximum time:     189.600 μs (99.61% GC)
  --------------
  samples:          10000
  evals/sample:     199



julia>
julia>

julia> u = randn(N);

julia> du = similar(u);

julia> myMAT_original!(du,u)
10201-element Array{Float64,1}:
   3.3733518888637315
  -7.31903764887849
  -3.659764201621549
  33.551453309380484
  10.18725560995473
   2.8012401844143593
  -4.9422212408504365
  24.158821329859197
 -16.046198746696632
   0.30244702234928755
   8.658107263022908
   5.451826750053167
   2.59806434886513
  -5.635726669224816
  -3.8466983406012414
   7.835228741563191
  -5.035974672387622
  17.317837078856574
 -13.495372479003706
  14.231463909267779
  11.293013356533876
  -0.3407299110368109
  16.663093991090953
   ⋮
   7.748101909953818
  27.411880887006888
   4.809439604767222
  -0.7051526086212513
  10.229491759311362
  -1.2572509742978673
   1.1025533244719514
  -6.373124082317742
  39.603881538244224
  14.578226691416408
 -15.554805344720544
 -20.526736374074975
   8.017779072283094
 -12.940362527968643
   7.693560802919566
 -21.035670438277492
  -6.5970727475587365
 -16.856349322447723
   6.563438799610414
  -1.2397685295978065
  -8.668500558955257
 -15.172846004741096
   0.760144891441359

julia> myMAT_new!(du,u)
ERROR: MethodError: no method matching myMAT_new!(::Array{Float64,1}, :
Closest candidates are:
  myMAT_new!(::AbstractArray{T,1} where T, ::AbstractArray{T,1} where T
Stacktrace:
 [1] top-level scope at none:0

julia> myMAT_new!(du,u,container,var_test,intermediate)
10201-element Array{Float64,1}:
   3.3733518888637315
  -7.31903764887849
  -3.659764201621549
  33.551453309380484
  10.18725560995473
   2.8012401844143593
  -4.9422212408504365
  24.158821329859197
 -16.046198746696632
   0.30244702234928755
   8.658107263022908
   5.451826750053167
   2.59806434886513
  -5.635726669224816
  -3.8466983406012414
   7.835228741563191
  -5.035974672387622
  17.317837078856574
 -13.495372479003706
  14.231463909267779
  11.293013356533876
  -0.3407299110368109
  16.663093991090953
   ⋮
   7.748101909953818
  27.411880887006888
   4.809439604767222
  -0.7051526086212513
  10.229491759311362
  -1.2572509742978673
   1.1025533244719514
  -6.373124082317742
  39.603881538244224
  14.578226691416408
 -15.554805344720544
 -20.526736374074975
   8.017779072283094
 -12.940362527968643
   7.693560802919566
 -21.035670438277492
  -6.5970727475587365
 -16.856349322447723
   6.563438799610414
  -1.2397685295978065
  -8.668500558955257
 -15.172846004741096
   0.760144891441359

julia> myMAT_new!(du,u)
ERROR: MethodError: no method matching myMAT_new!(::Array{Float64,1}, :
Closest candidates are:
  myMAT_new!(::AbstractArray{T,1} where T, ::AbstractArray{T,1} where T
Stacktrace:
 [1] top-level scope at none:0

julia> myMAT_original!(du,u)
10201-element Array{Float64,1}:
   3.3733518888637315
  -7.31903764887849
  -3.659764201621549
  33.551453309380484
  10.18725560995473
   2.8012401844143593
  -4.9422212408504365
  24.158821329859197
 -16.046198746696632
   0.30244702234928755
   8.658107263022908
   5.451826750053167
   2.59806434886513
  -5.635726669224816
  -3.8466983406012414
   7.835228741563191
  -5.035974672387622
  17.317837078856574
 -13.495372479003706
  14.231463909267779
  11.293013356533876
  -0.3407299110368109
  16.663093991090953
   ⋮
   7.748101909953818
  27.411880887006888
   4.809439604767222
  -0.7051526086212513
  10.229491759311362
  -1.2572509742978673
   1.1025533244719514
  -6.373124082317742
  39.603881538244224
  14.578226691416408
 -15.554805344720544
 -20.526736374074975
   8.017779072283094
 -12.940362527968643
   7.693560802919566
 -21.035670438277492
  -6.5970727475587365
 -16.856349322447723
   6.563438799610414
  -1.2397685295978065
  -8.668500558955257
 -15.172846004741096
   0.760144891441359

julia> myMAT_beta!(du,u,container,var_test,intermediate)
10201-element Array{Float64,1}:
   3.3733518888637315
  -7.31903764887849
  -3.659764201621549
  33.551453309380484
  10.18725560995473
   2.8012401844143593
  -4.9422212408504365
  24.158821329859197
 -16.046198746696632
   0.30244702234928755
   8.658107263022908
   5.451826750053167
   2.59806434886513
  -5.635726669224816
  -3.8466983406012414
   7.835228741563191
  -5.035974672387622
  17.317837078856574
 -13.495372479003706
  14.231463909267779
  11.293013356533876
  -0.3407299110368109
  16.663093991090953
   ⋮
   7.748101909953818
  27.411880887006888
   4.809439604767222
  -0.7051526086212513
  10.229491759311362
  -1.2572509742978673
   1.1025533244719514
  -6.373124082317742
  39.603881538244224
  14.578226691416408
 -15.554805344720544
 -20.526736374074975
   8.017779072283094
 -12.940362527968643
   7.693560802919566
 -21.035670438277492
  -6.5970727475587365
 -16.856349322447723
   6.563438799610414
  -1.2397685295978065
  -8.668500558955257
   0.760144891441359

julia> @benchmakr myMAT_original!(du,u)
ERROR: LoadError: UndefVarError: @benchmakr not defined
in expression starting at none:1

julia> @benchmark myMAT_original!(du,u)
BenchmarkTools.Trial:
  memory estimate:  3.96 MiB
  allocs estimate:  848
  --------------
  minimum time:     365.300 μs (0.00% GC)
  median time:      412.201 μs (0.00% GC)
  mean time:        746.090 μs (20.21% GC)
  maximum time:     45.456 ms (97.41% GC)
  --------------
  samples:          6687
  evals/sample:     1

julia> @benchmakr myMAT_new!(du,u,container,var_test,intermediate)
ERROR: LoadError: UndefVarError: @benchmakr not defined
in expression starting at none:1

julia> @benchmark myMAT_new!(du,u,container,var_test,intermediate)
BenchmarkTools.Trial:
  memory estimate:  722.70 KiB
  allocs estimate:  45
  --------------
  minimum time:     109.601 μs (0.00% GC)
  median time:      120.001 μs (0.00% GC)
  mean time:        191.912 μs (14.74% GC)
  maximum time:     2.724 ms (87.37% GC)
  --------------
  samples:          10000
  evals/sample:     1

julia> @benchmark myMAT_beta!(du,u,container,var_test,intermediate)
BenchmarkTools.Trial:
  memory estimate:  562.75 KiB
  allocs estimate:  36
  --------------
  minimum time:     102.201 μs (0.00% GC)
  median time:      110.499 μs (0.00% GC)
  mean time:        134.434 μs (11.45% GC)
  maximum time:     2.564 ms (94.85% GC)
  --------------
  samples:          10000
  evals/sample:     1

julia>
julia>

julia> myMAT_new!(du,u,container,var_test,intermediate)
10201-element Array{Float64,1}:
   3.3733518888637315
  -7.31903764887849
  -3.659764201621549
  33.551453309380484
  10.18725560995473
   2.8012401844143593
  -4.9422212408504365
  24.158821329859197
 -16.046198746696632
   0.30244702234928755
   8.658107263022908
   5.451826750053167
   2.59806434886513
  -5.635726669224816
  -3.8466983406012414
   7.835228741563191
  -5.035974672387622
  17.317837078856574
 -13.495372479003706
  14.231463909267779
  11.293013356533876
  -0.3407299110368109
  16.663093991090953
   ⋮
   7.748101909953818
  27.411880887006888
   4.809439604767222
  -0.7051526086212513
  10.229491759311362
  -1.2572509742978673
   1.1025533244719514
  -6.373124082317742
  39.603881538244224
  14.578226691416408
 -15.554805344720544
 -20.526736374074975
   8.017779072283094
 -12.940362527968643
   7.693560802919566
 -21.035670438277492
  -6.5970727475587365
 -16.856349322447723
   6.563438799610414
  -1.2397685295978065
  -8.668500558955257
 -15.172846004741096
   0.760144891441359

julia> myMAT_beta!(du,u,container,var_test,intermediate)
10201-element Array{Float64,1}:
   3.3733518888637315
  -7.31903764887849
  -3.659764201621549
  33.551453309380484
  10.18725560995473
   2.8012401844143593
  -4.9422212408504365
  24.158821329859197
 -16.046198746696632
   0.30244702234928755
   8.658107263022908
   5.451826750053167
   2.59806434886513
  -5.635726669224816
  -3.8466983406012414
   7.835228741563191
  -5.035974672387622
  17.317837078856574
 -13.495372479003706
  14.231463909267779
  11.293013356533876
  -0.3407299110368109
  16.663093991090953
   ⋮
   7.748101909953818
  27.411880887006888
   4.809439604767222
  -0.7051526086212513
  10.229491759311362
  -1.2572509742978673
   1.1025533244719514
  -6.373124082317742
  39.603881538244224
  14.578226691416408
 -15.554805344720544
 -20.526736374074975
   8.017779072283094
 -12.940362527968643
   7.693560802919566
 -21.035670438277492
  -6.5970727475587365
   6.563438799610414
  -1.2397685295978065
  -8.668500558955257
 -15.172846004741096
   0.760144891441359

julia> @benchmakr myMAT_beta!(du,u,container,var_test,intermediate)
ERROR: LoadError: UndefVarError: @benchmakr not defined
in expression starting at none:1

julia> @benchmark myMAT_beta!(du,u,container,var_test,intermediate)
BenchmarkTools.Trial:
  memory estimate:  563.19 KiB
  allocs estimate:  64
  --------------
  minimum time:     143.200 μs (0.00% GC)
  median time:      152.399 μs (0.00% GC)
  mean time:        175.820 μs (8.02% GC)
  maximum time:     2.520 ms (90.72% GC)
  --------------
  samples:          10000
  evals/sample:     1

julia> @benchmark myMAT_new!(du,u,container,var_test,intermediate)
BenchmarkTools.Trial:
  memory estimate:  722.70 KiB
  allocs estimate:  45
  --------------
  minimum time:     108.501 μs (0.00% GC)
  median time:      118.600 μs (0.00% GC)
  mean time:        150.620 μs (13.40% GC)
  maximum time:     2.540 ms (90.98% GC)
  samples:          10000
  evals/sample:     1

julia> @benchmark myMAT_beta!(du,u,container,var_test,intermediate)
BenchmarkTools.Trial:
  memory estimate:  563.19 KiB
  allocs estimate:  64
  --------------
  minimum time:     144.099 μs (0.00% GC)
  median time:      153.500 μs (0.00% GC)
  mean time:        175.125 μs (7.90% GC)
  maximum time:     2.596 ms (88.27% GC)
  --------------
  samples:          10000
  evals/sample:     1

julia>
julia>

julia> @benchmark myMAT_beta!(du,u,container,var_test,intermediate)
BenchmarkTools.Trial:
  memory estimate:  562.75 KiB
  allocs estimate:  36
  --------------
  minimum time:     99.600 μs (0.00% GC)
  median time:      111.100 μs (0.00% GC)
  mean time:        134.977 μs (11.14% GC)
  maximum time:     5.841 ms (0.00% GC)
  --------------
  samples:          10000
  evals/sample:     1

julia> @benchmakr myMAT_original!(du,u)
ERROR: LoadError: UndefVarError: @benchmakr not defined
in expression starting at none:1

julia> @benchmark myMAT_original!(du,u)
BenchmarkTools.Trial:
  memory estimate:  3.96 MiB
  allocs estimate:  848
  --------------
  minimum time:     369.500 μs (0.00% GC)
  median time:      400.600 μs (0.00% GC)
  mean time:        524.320 μs (18.56% GC)
  maximum time:     3.412 ms (60.98% GC)
  --------------
  samples:          9506
  evals/sample:     1

julia>
julia>

julia> myMAT_original!(du,u) == myMAT_new!(du,u,container,var_test,inte
true

julia> myMAT_original!(du,u) == myMAT_beta!(du,u,container,var_test,int
true

julia> @benchmark du1 = BySy_beta(u,Nx,Ny,N,hx,hy,y_BySy)
BenchmarkTools.Trial:
  memory estimate:  0 bytes
  allocs estimate:  0
  --------------
  median time:      207.069 ns (0.00% GC)
  mean time:        208.549 ns (0.00% GC)
  maximum time:     452.241 ns (0.00% GC)
  --------------
  samples:          10000
  evals/sample:     580

julia> @benchmark du1 .= BySy_beta(u,Nx,Ny,N,hx,hy,y_BySy)
ERROR: UndefVarError: du1 not defined
Stacktrace:
 [1] ##core#478() at C:\Users\cheny\.juliapro\JuliaPro_v1.2.0-1\package
 [2] ##sample#479(::BenchmarkTools.Parameters) at C:\Users\cheny\.julia
 [3] #_run#48(::Bool, ::String, ::Base.Iterators.Pairs{Symbol,Integer,NBenchmarkTools.Parameters) at C:\Users\cheny\.juliapro\JuliaPro_v1.2.0- [4] (::getfield(Base, Symbol("#inner#2")){Base.Iterators.Pairs{Symbol,("##benchmark#477")},BenchmarkTools.Parameters}})() at .\none:0 [5] #invokelatest#1 at .\essentials.jl:794 [inlined]
 [6] #invokelatest at .\none:0 [inlined]
 [7] #run_result#37 at C:\Users\cheny\.juliapro\JuliaPro_v1.2.0-1\packa
 [8] #run_result at .\none:0 [inlined]
 [9] #run#39(::Base.Iterators.Pairs{Symbol,Integer,NTuple{5,Symbol},Nameters) at C:\Users\cheny\.juliapro\JuliaPro_v1.2.0-1\packages\Benchmark [10] warmup(::BenchmarkTools.Benchmark{Symbol("##benchmark#477")}) at
 [11] top-level scope at C:\Users\cheny\.juliapro\JuliaPro_v1.2.0-1\pac

julia> @benchmark {du1 .= BySy_beta(u,Nx,Ny,N,hx,hy,y_BySy)}
ERROR: syntax: { } vector syntax is discontinued
Stacktrace:
 [1] top-level scope at none:0
 [2] eval at .\boot.jl:330 [inlined]
 [4] top-level scope at C:\Users\cheny\.juliapro\JuliaPro_v1.2.0-1\pack

julia> @benchmark du1 = BySy_beta(u,Nx,Ny,N,hx,hy,y_BySy)}
ERROR: syntax: extra token "}" after end of expression

BenchmarkTools.Trial:
  memory estimate:  0 bytes
  allocs estimate:  0
  --------------
  minimum time:     205.739 ns (0.00% GC)
  median time:      207.998 ns (0.00% GC)
  mean time:        209.503 ns (0.00% GC)
  maximum time:     474.609 ns (0.00% GC)
  --------------
  samples:          10000
  evals/sample:     575

julia> @benchmark du1 = BySy_beta(u,Nx,Ny,N,hx,hy,y_BySy)
BenchmarkTools.Trial:
  memory estimate:  0 bytes
  allocs estimate:  0
  --------------
  minimum time:     205.913 ns (0.00% GC)
  median time:      208.350 ns (0.00% GC)
  mean time:        210.204 ns (0.00% GC)
  maximum time:     660.350 ns (0.00% GC)
  --------------
  samples:          10000
  evals/sample:     575

julia> @benchmark du6 = alpha2*Hyinv_beta(du5,Nx,Ny,N,hx,hy,y_Hyinv)
ERROR: UndefVarError: du5 not defined
Stacktrace:
 [1] ##core#494() at C:\Users\cheny\.juliapro\JuliaPro_v1.2.0-1\package
 [2] ##sample#495(::BenchmarkTools.Parameters) at C:\Users\cheny\.julia
 [3] #_run#51(::Bool, ::String, ::Base.Iterators.Pairs{Symbol,Integer,NBenchmarkTools.Parameters) at C:\Users\cheny\.juliapro\JuliaPro_v1.2.0- [4] (::getfield(Base, Symbol("#inner#2")){Base.Iterators.Pairs{Symbol,("##benchmark#493")},BenchmarkTools.Parameters}})() at .\none:0 [5] #invokelatest#1 at .\essentials.jl:794 [inlined] [6] #invokelatest at .\none:0 [inlined]
 [7] #run_result#37 at C:\Users\cheny\.juliapro\JuliaPro_v1.2.0-1\packa
 [8] #run_result at .\none:0 [inlined]
 [9] #run#39(::Base.Iterators.Pairs{Symbol,Integer,NTuple{5,Symbol},Nameters) at C:\Users\cheny\.juliapro\JuliaPro_v1.2.0-1\packages\Benchmark [10] warmup(::BenchmarkTools.Benchmark{Symbol("##benchmark#493")}) at  [11] top-level scope at C:\Users\cheny\.juliapro\JuliaPro_v1.2.0-1\pac

julia>
julia> du5 = VOLtoFACE_beta(du1,2,Nx,Ny,N,yv2fs)
ERROR: UndefVarError: du1 not defined
Stacktrace:
 [1] top-level scope at none:0

julia>
julia>

julia> du1 = BySy_beta(u,Nx,Ny,N,hx,hy,y_BySy)
10201-element Array{Float64,1}:
 215.12440106663058
   0.0
   0.0
   0.0
   0.0
   0.0
   0.0
   0.0
   0.0
   0.0
   0.0
   0.0
   0.0
   0.0
   0.0
   0.0
   0.0
   0.0
   0.0
   0.0
   0.0
   0.0
   0.0
   ⋮
   0.0
   0.0
   0.0
   0.0
   0.0
   0.0
   0.0
   0.0
   0.0
   0.0
   0.0
   0.0
   0.0
   0.0
   0.0
   0.0
   0.0
   0.0
   0.0
   0.0
   0.0
   0.0
 192.32015995116535

julia> du5 = VOLtoFACE_beta(du1,2,Nx,Ny,N,yv2fs)
10201-element Array{Float64,1}:
   0.0
   0.0
   0.0
   0.0
   0.0
   0.0
   0.0
   0.0
   0.0
   0.0
   0.0
   0.0
   0.0
   0.0
   0.0
   0.0
   0.0
   0.0
   0.0
   0.0
   0.0
   0.0
   0.0
   ⋮
   0.0
   0.0
   0.0
   0.0
   0.0
   0.0
   0.0
   0.0
   0.0
   0.0
   0.0
   0.0
   0.0
   0.0
   0.0
   0.0
   0.0
   0.0
   0.0
   0.0
   0.0
   0.0
 192.32015995116535

julia> @benchmark du6 = alpha2*Hyinv_beta(du5,Nx,Ny,N,hx,hy,y_Hyinv)
BenchmarkTools.Trial:
  memory estimate:  79.83 KiB
  allocs estimate:  2
  --------------
  minimum time:     7.500 μs (0.00% GC)
  median time:      9.233 μs (0.00% GC)
  mean time:        11.001 μs (13.08% GC)
  maximum time:     783.467 μs (98.42% GC)
  --------------
  samples:          10000
  evals/sample:     3

julia> y_Hyinv
10201-element Array{Float64,1}:
     0.0
     0.0
     0.0
     0.0
     0.0
     0.0
     0.0
     0.0
     0.0
     0.0
     0.0
     0.0
     0.0
     0.0
     0.0
     0.0
     0.0
     0.0
     0.0
     0.0
     0.0
     0.0
     0.0
     ⋮
     0.0
     0.0
     0.0
     0.0
     0.0
     0.0
     0.0
     0.0
     0.0
     0.0
     0.0
     0.0
     0.0
     0.0
     0.0
     0.0
     0.0
     0.0
     0.0
     0.0
     0.0
 38464.03199023307

julia> @benchmark du6 = alpha2*Hyinv_beta(du5,Nx,Ny,N,hx,hy,y_Hyinv)
BenchmarkTools.Trial:
  memory estimate:  79.83 KiB
  allocs estimate:  2
  --------------
  minimum time:     7.233 μs (0.00% GC)
  median time:      9.100 μs (0.00% GC)
  mean time:        10.828 μs (13.25% GC)
  maximum time:     769.966 μs (98.36% GC)
  --------------
  samples:          10000
  evals/sample:     3

julia> @benchmark Hyinv_beta(du,Nx,Ny,N,hx,hy,y_Hyinv)
BenchmarkTools.Trial:
  memory estimate:  0 bytes
  allocs estimate:  0
  --------------
  minimum time:     2.511 μs (0.00% GC)
  median time:      2.578 μs (0.00% GC)
  mean time:        2.596 μs (0.00% GC)
  maximum time:     9.256 μs (0.00% GC)
  --------------
  samples:          10000
  evals/sample:     9

julia> alpha2
-1

julia>
julia>

julia> alpha2
-1

julia> @benchmark du6 = *Hyinv_beta(du5,Nx,Ny,N,hx,hy,y_Hyinv)
ERROR: syntax: "*" is not a unary operator

julia> @benchmark du6 = Hyinv_beta(du5,Nx,Ny,N,hx,hy,y_Hyinv)
BenchmarkTools.Trial:
  memory estimate:  0 bytes
  allocs estimate:  0
  --------------
  minimum time:     2.600 μs (0.00% GC)
  median time:      2.656 μs (0.00% GC)
  mean time:        2.684 μs (0.00% GC)
  maximum time:     22.600 μs (0.00% GC)
  --------------
  samples:          10000
  evals/sample:     9

julia> @benchmark du6 = alpha*Hyinv_beta(du5,Nx,Ny,N,hx,hy,y_Hyinv)
ERROR: UndefVarError: alpha not defined
Stacktrace:
 [1] ##core#514() at C:\Users\cheny\.juliapro\JuliaPro_v1.2.0-1\package
 [2] ##sample#515(::BenchmarkTools.Parameters) at C:\Users\cheny\.julia
 [3] #_run#56(::Bool, ::String, ::Base.Iterators.Pairs{Symbol,Integer,NBenchmarkTools.Parameters) at C:\Users\cheny\.juliapro\JuliaPro_v1.2.0-
 [4] (::getfield(Base, Symbol("#inner#2")){Base.Iterators.Pairs{Symbol,("##benchmark#513")},BenchmarkTools.Parameters}})() at .\none:0
 [5] #invokelatest#1 at .\essentials.jl:794 [inlined]
 [6] #invokelatest at .\none:0 [inlined]
 [7] #run_result#37 at C:\Users\cheny\.juliapro\JuliaPro_v1.2.0-1\packa
 [9] #run#39(::Base.Iterators.Pairs{Symbol,Integer,NTuple{5,Symbol},Nameters) at C:\Users\cheny\.juliapro\JuliaPro_v1.2.0-1\packages\Benchmark [10] warmup(::BenchmarkTools.Benchmark{Symbol("##benchmark#513")}) at
 [11] top-level scope at C:\Users\cheny\.juliapro\JuliaPro_v1.2.0-1\pac

julia> @benchmark du6 = alpha2*Hyinv_beta(du5,Nx,Ny,N,hx,hy,y_Hyinv)
BenchmarkTools.Trial:
  memory estimate:  79.83 KiB
  allocs estimate:  2
  --------------
  minimum time:     7.367 μs (0.00% GC)
  median time:      8.900 μs (0.00% GC)
  mean time:        10.631 μs (12.66% GC)
  --------------
  samples:          10000
  evals/sample:     3

julia> @benchmark du6 = alpha2.*Hyinv_beta(du5,Nx,Ny,N,hx,hy,y_Hyinv)
BenchmarkTools.Trial:
  memory estimate:  79.88 KiB
  allocs estimate:  4
  --------------
  minimum time:     6.899 μs (0.00% GC)
  median time:      9.600 μs (0.00% GC)
  mean time:        11.063 μs (12.36% GC)
  maximum time:     496.600 μs (95.77% GC)
  --------------
  samples:          10000
  evals/sample:     1

julia> @benchmark du6 .= alpha2.*Hyinv_beta(du5,Nx,Ny,N,hx,hy,y_Hyinv)
ERROR: UndefVarError: du6 not defined
Stacktrace:
 [1] ##core#526() at C:\Users\cheny\.juliapro\JuliaPro_v1.2.0-1\package
 [2] ##sample#527(::BenchmarkTools.Parameters) at C:\Users\cheny\.julia
 [3] #_run#59(::Bool, ::String, ::Base.Iterators.Pairs{Symbol,Integer,NBenchmarkTools.Parameters) at C:\Users\cheny\.juliapro\JuliaPro_v1.2.0- [4] (::getfield(Base, Symbol("#inner#2")){Base.Iterators.Pairs{Symbol,("##benchmark#525")},BenchmarkTools.Parameters}})() at .\none:0 [5] #invokelatest#1 at .\essentials.jl:794 [inlined] [6] #invokelatest at .\none:0 [inlined]
 [7] #run_result#37 at C:\Users\cheny\.juliapro\JuliaPro_v1.2.0-1\packa
 [8] #run_result at .\none:0 [inlined]
 [9] #run#39(::Base.Iterators.Pairs{Symbol,Integer,NTuple{5,Symbol},Nameters) at C:\Users\cheny\.juliapro\JuliaPro_v1.2.0-1\packages\Benchmark [10] warmup(::BenchmarkTools.Benchmark{Symbol("##benchmark#525")}) at  [11] top-level scope at C:\Users\cheny\.juliapro\JuliaPro_v1.2.0-1\pac

julia> function
julia> @benchmark du6 = -Hyinv_beta(du5,Nx,Ny,N,hx,hy,y_Hyinv)
BenchmarkTools.Trial:
  memory estimate:  79.83 KiB
  allocs estimate:  2
  --------------
  minimum time:     7.066 μs (0.00% GC)
  median time:      8.733 μs (0.00% GC)
  mean time:        10.610 μs (12.82% GC)
  maximum time:     712.667 μs (98.20% GC)
  --------------
  samples:          10000
  evals/sample:     3

julia>
julia>

10201-element Array{Float64,1}:
 215.12440106663058
   0.0
   0.0
   0.0
   0.0
   0.0
   0.0
   0.0
   0.0
   0.0
   0.0
   0.0
   0.0
   0.0
   0.0
   0.0
   0.0
   0.0
   0.0
   0.0
   0.0
   0.0
   ⋮
   0.0
   0.0
   0.0
   0.0
   0.0
   0.0
   0.0
   0.0
   0.0
   0.0
   0.0
   0.0
   0.0
   0.0
   0.0
   0.0
   0.0
   0.0
   0.0
   0.0
   0.0
   0.0
   0.0

julia>
julia>

julia> @benchmark ^C
julia> @benchmakr du3 = alpha1*Hyinv_beta(du2,Nx,Ny,N,hx,hy,y_Hyinv)
ERROR: LoadError: UndefVarError: @benchmakr not defined
in expression starting at none:1

julia> @benchmark du3 = alpha1*Hyinv_beta(du2,Nx,Ny,N,hx,hy,y_Hyinv)
BenchmarkTools.Trial:
  memory estimate:  79.83 KiB
  allocs estimate:  2
  --------------
  minimum time:     7.067 μs (0.00% GC)
  median time:      8.567 μs (0.00% GC)
  mean time:        9.960 μs (12.76% GC)
  maximum time:     190.433 μs (84.51% GC)
  --------------
  samples:          10000

julia>
true

julia> mark
mark (generic function with 4 methods)

julia> myMAT_original!(du,u) == myMAT_beta(du,u,container,var_test,inte
ERROR: UndefVarError: myMAT_beta not defined
Stacktrace:
 [1] top-level scope at none:0

julia> myMAT_original!(du,u) == myMAT_beta!(du,u,container,var_test,int
true

julia> @benchmakr myMAT_beta!(du,u,container,var_test,intermediate)
ERROR: LoadError: UndefVarError: @benchmakr not defined
in expression starting at none:1

julia> @benchmark myMAT_beta!(du,u,container,var_test,intermediate)
BenchmarkTools.Trial:
  memory estimate:  482.97 KiB
  allocs estimate:  36
  --------------
  minimum time:     98.100 μs (0.00% GC)
  median time:      105.100 μs (0.00% GC)
  mean time:        120.452 μs (10.16% GC)
  maximum time:     2.264 ms (94.79% GC)
  --------------
  samples:          10000
  evals/sample:     1

julia>
julia>

julia> @benchmark myMAT_beta!(du,u,container,var_test,intermediate)
BenchmarkTools.Trial:
  memory estimate:  84.06 KiB
  allocs estimate:  36
  --------------
  minimum time:     87.900 μs (0.00% GC)
  median time:      90.201 μs (0.00% GC)
  mean time:        95.639 μs (2.38% GC)
  maximum time:     15.509 ms (0.00% GC)
  --------------
  samples:          10000
  evals/sample:     1

julia>
julia>

julia>

julia> @benchmark myMAT_new!(du,u,container,var_test,intermediate)
  memory estimate:  722.70 KiB
  allocs estimate:  45
  --------------
  minimum time:     110.501 μs (0.00% GC)
  median time:      118.200 μs (0.00% GC)
  mean time:        141.292 μs (13.13% GC)
  maximum time:     2.475 ms (93.53% GC)
  --------------
  samples:          10000
  evals/sample:     1

julia> @benchmark myMAT_original!(du,u,container,var_test,intermediate)
ERROR: MethodError: no method matching myMAT_original!(::Array{Float64,
Closest candidates are:
  myMAT_original!(::AbstractArray{T,1} where T, ::AbstractArray{T,1} wh
Stacktrace:
 [1] ##core#556() at C:\Users\cheny\.juliapro\JuliaPro_v1.2.0-1\package
 [2] ##sample#557(::BenchmarkTools.Parameters) at C:\Users\cheny\.julia
 [3] #_run#65(::Bool, ::String, ::Base.Iterators.Pairs{Symbol,Integer,NBenchmarkTools.Parameters) at C:\Users\cheny\.juliapro\JuliaPro_v1.2.0- [4] (::getfield(BenchmarkTools, Symbol("#kw##_run")))(::NamedTuple{(:varameters) at .\none:0 [5] (::getfield(Base, Symbol("#inner#2")){Base.Iterators.Pairs{Symbol,("##benchmark#555")},BenchmarkTools.Parameters}})() at .\essentials.jl: [6] #invokelatest#1 at .\essentials.jl:794 [inlined] [7] #invokelatest at .\none:0 [inlined]
 [8] #run_result#37 at C:\Users\cheny\.juliapro\JuliaPro_v1.2.0-1\packa
 [9] #run_result at .\none:0 [inlined]
 [10] #run#39(::Base.Iterators.Pairs{Symbol,Integer,NTuple{5,Symbol},Nameters) at C:\Users\cheny\.juliapro\JuliaPro_v1.2.0-1\packages\Benchmar [11] warmup(::BenchmarkTools.Benchmark{Symbol("##benchmark#555")}) at  [12] top-level scope at C:\Users\cheny\.juliapro\JuliaPro_v1.2.0-1\pac

julia> @benchmark myMAT_original!(du,u)
BenchmarkTools.Trial:
  memory estimate:  3.96 MiB
  allocs estimate:  848
  --------------
  minimum time:     375.799 μs (0.00% GC)
  median time:      401.300 μs (0.00% GC)
  mean time:        516.592 μs (19.16% GC)
  maximum time:     3.786 ms (63.77% GC)
  --------------
  samples:          9647
  evals/sample:     1

julia>
julia>

julia>
julia>

julia> inv
inv (generic function with 30 methods)

julia> inverse
ERROR: UndefVarError: inverse not defined

julia> function inverse(u,v)
           v = -u
           return v
           end
inverse (generic function with 1 method)

julia> function inverse_beta(u,v)
           v .= -u
           return v
           end
inverse_beta (generic function with 1 method)

julia> u
10201-element Array{Float64,1}:
  0.5640935578780031
 -0.6984146156462888
 -0.1834511148865525
  2.9233760269575537
  0.8726147803873782
  0.2631062799796976
 -0.3407371525320649
  1.935663956240097
 -1.235971713625832
  0.013612747610252489
  0.8558842969059653
  0.4181525512592188
  0.25191333263525145
 -0.4610768592215779
 -0.2293185993024098
  0.6672538963138851
 -0.5321213192669398
  1.3484645351036695
 -0.9787133899425087
  1.1930525151593745
  0.9931572962334905
  0.040103142317839374
  1.410679538766717
  ⋮
  0.807054492626119
  2.213825311868056
  0.49081789252484637
  0.0030187905469021455
  0.7451999870948748
 -0.13144922941252807
  0.20442072370985587
 -0.44783704751607734
  3.2232004866373476
  1.4139794018551877
 -1.2340440987570094
 -1.7143527595974892
  0.7117111013013298
 -1.1064965156605904
  0.7848903233185575
 -1.7675079028755794
 -0.6184795899923496
 -1.3571441168306344
  0.678759643905436
 -0.16433356763824838
 -0.7696669068040827
 -1.2525370764624024
 -0.1313594000074067

julia> v
100-element Array{Float64,1}:
 -1.1811673873138406
  1.8781799353672926
  0.8033731158234605
 -0.7340301781328519
 -0.23992695849357432
  0.5684333726835398
  2.061848816866348
 -0.6765756943420274
 -0.29031564588374903
 -1.4752705049180013
 -1.2865479182086854
  0.22581947691696927
 -0.2673036694766346
 -0.06444796338980507
 -0.2551758661127433
  0.6551703259841869
  1.115283488669066
 -0.5004229724475769
 -0.3900120245182345
 -0.283075535275734
 -0.5538553269782487
  0.3327702828635315
 -1.3090850499832258
  ⋮
  0.6021316309815185
  1.2135798250254095
  1.2022130091929413
 -0.5886424529503212
 -0.09873073506975212
 -0.540037904669332
 -0.0018666953687498555
 -0.17361619123391625
 -0.8274074697727523
 -0.43070306281836396
  0.12761523202018818
  0.020534641569765026
 -1.1758713908111116
 -1.8183124435045308
 -0.17539972680667784
 -0.21405626977912717
 -0.6626519658122697
 -0.47156258073970186
 -0.43092009431388173
  0.647231804612575
  1.7379802097163017
 -0.9012043934752553
 -1.8508375006792614

julia> v = similar(u)
10201-element Array{Float64,1}:
  4.879609865e-315
  6.6866805e-317
  3.24423e-319
  1.390671182289616e-309
  3.181697100895784e107
 -1.526129225540306e176
  2.73575862233e-312
  1.023842278e-315
  3.2379e-319
  3.2136486731518836e-57
  3.6263378679063824e228
  8.371779236692524e-144
  2.716811185777332e198
  1.6194856196216147e286
  1.1609712004239569e-28
  1.0415386157275853e-42
  4.272556046608435e180
  1.3058347851997677e-142
  1.1607053958585946e-28
  8.371715255963937e-144
  7.983990502017841e159
  1.3954788601922408e-142
  2.8985016672429555e131
  ⋮
  0.0
  0.0
  0.0
  0.0
  0.0
  0.0
  0.0
  0.0
  0.0
  0.0
  0.0
  0.0
  0.0
  0.0
  0.0
  0.0
  0.0
  0.0
  0.0
  0.0
  0.0
  0.0
  0.0

julia> inverse(u,v)
10201-element Array{Float64,1}:
 -0.5640935578780031
  0.6984146156462888
  0.1834511148865525
 -2.9233760269575537
 -0.8726147803873782
 -0.2631062799796976
  0.3407371525320649
 -1.935663956240097
  1.235971713625832
 -0.013612747610252489
 -0.8558842969059653
 -0.4181525512592188
 -0.25191333263525145
  0.4610768592215779
  0.2293185993024098
 -0.6672538963138851
  0.5321213192669398
 -1.3484645351036695
  0.9787133899425087
 -1.1930525151593745
 -0.9931572962334905
 -0.040103142317839374
 -1.410679538766717
  ⋮
 -0.807054492626119
 -2.213825311868056
 -0.49081789252484637
 -0.0030187905469021455
 -0.7451999870948748
  0.13144922941252807
 -0.20442072370985587
  0.44783704751607734
 -3.2232004866373476
 -1.4139794018551877
  1.2340440987570094
  1.7143527595974892
 -0.7117111013013298
  1.1064965156605904
 -0.7848903233185575
  1.7675079028755794
  0.6184795899923496
  1.3571441168306344
 -0.678759643905436
  0.16433356763824838
  0.7696669068040827
  1.2525370764624024
  0.1313594000074067

julia> inverse_new(u,v)
ERROR: UndefVarError: inverse_new not defined
Stacktrace:
 [1] top-level scope at none:0

julia> inverse_beta(u,v)
10201-element Array{Float64,1}:
 -0.5640935578780031
  0.6984146156462888
  0.1834511148865525
 -2.9233760269575537
 -0.8726147803873782
 -0.2631062799796976
  0.3407371525320649
 -1.935663956240097
  1.235971713625832
 -0.013612747610252489
 -0.8558842969059653
 -0.4181525512592188
 -0.25191333263525145
  0.4610768592215779
  0.2293185993024098
 -0.6672538963138851
  0.5321213192669398
 -1.3484645351036695
  0.9787133899425087
 -1.1930525151593745
 -0.9931572962334905
 -0.040103142317839374
 -1.410679538766717
  ⋮
 -0.807054492626119
 -2.213825311868056
 -0.49081789252484637
 -0.0030187905469021455
 -0.7451999870948748
  0.13144922941252807
 -0.20442072370985587
  0.44783704751607734
 -3.2232004866373476
 -1.4139794018551877
  1.2340440987570094
  1.7143527595974892
 -0.7117111013013298
  1.1064965156605904
 -0.7848903233185575
  1.7675079028755794
  0.6184795899923496
  1.3571441168306344
 -0.678759643905436
  0.16433356763824838
  0.7696669068040827
  1.2525370764624024
  0.1313594000074067

julia> inverse(u,v) == inverse_beta(u,v)
true

julia> @benchmark inverse(u,v)
BenchmarkTools.Trial:
  memory estimate:  79.83 KiB
  allocs estimate:  2
  --------------
  minimum time:     4.300 μs (0.00% GC)
  median time:      5.684 μs (0.00% GC)
  mean time:        7.309 μs (18.21% GC)
  maximum time:     398.000 μs (97.76% GC)
  --------------
  samples:          10000
  evals/sample:     6

julia> @benchmark inverse_beta(u,v)
BenchmarkTools.Trial:
  memory estimate:  79.83 KiB
  allocs estimate:  2
  --------------
  minimum time:     7.150 μs (0.00% GC)
  median time:      8.275 μs (0.00% GC)
  mean time:        10.178 μs (15.53% GC)
  maximum time:     597.850 μs (98.12% GC)
  --------------
  samples:          10000
  evals/sample:     4

julia> function inverse_beta(u,v)
           v .= -.u
           return v
           end
ERROR: syntax: numeric constant "-." cannot be implicitly multiplied be

julia> function inverse_beta(u,v)
           v .= -1.u
           return v
           end
ERROR: syntax: numeric constant "-1." cannot be implicitly multiplied b

julia> function inverse_beta(u,v)
           v .= -1.*u
           return v
           end
ERROR: syntax: invalid syntax "-1.*"; add space(s) to clarify

julia> function inverse_beta(u,v)
           v .= -.*u
           return v
           end
ERROR: LoadError: ArgumentError: invalid base 10 digit '.' in "-."
Stacktrace:
 [1] tryparse_internal(::Type{Int128}, ::String, ::Int64, ::Int64, ::In
 [2] #parse#350(::Nothing, ::typeof(parse), ::Type{Int128}, ::String) a
 [3] parse(::Type{Int128}, ::String) at .\parse.jl:240
 [4] @int128_str(::LineNumberNode, ::Module, ::Any) at .\int.jl:560
in expression starting at <macrocall>:0

julia> -1
-1

ERROR: LoadError: ArgumentError: invalid base 10 digit '.' in "-."
Stacktrace:
 [1] tryparse_internal(::Type{Int128}, ::String, ::Int64, ::Int64, ::In
 [2] #parse#350(::Nothing, ::typeof(parse), ::Type{Int128}, ::String) a
 [3] parse(::Type{Int128}, ::String) at .\parse.jl:240
 [4] @int128_str(::LineNumberNode, ::Module, ::Any) at .\int.jl:560
in expression starting at <macrocall>:0

julia> - .* v
ERROR: syntax: ".*" is not a unary operator

julia> function inverse_beta(u,v)
           v .= -1.*u
           return v
           end

julia> function inverse_beta(u,v)
           v .= -1 .* u
           return v
           end
inverse_beta (generic function with 1 method)

julia> @benchmark inverse(u,v)
BenchmarkTools.Trial:
  memory estimate:  79.83 KiB
  allocs estimate:  2
  --------------
  minimum time:     4.350 μs (0.00% GC)
  median time:      5.683 μs (0.00% GC)
  mean time:        7.291 μs (18.06% GC)
  --------------
  samples:          10000

julia> @benchmark inverse_beta(u,v)
BenchmarkTools.Trial:
  memory estimate:  0 bytes
  allocs estimate:  0
  --------------
  minimum time:     1.520 μs (0.00% GC)
  median time:      1.590 μs (0.00% GC)
  mean time:        1.646 μs (0.00% GC)
  maximum time:     17.800 μs (0.00% GC)
  --------------
  samples:          10000
  evals/sample:     10

julia>
julia>

julia> @benchmark myMAT_beta!(du,u,container,var_test,intermediate)
BenchmarkTools.Trial:
  memory estimate:  4.23 KiB
  allocs estimate:  34
  --------------
  minimum time:     81.800 μs (0.00% GC)
  median time:      82.801 μs (0.00% GC)
  mean time:        84.160 μs (0.36% GC)
  maximum time:     1.756 ms (93.07% GC)
  --------------
  evals/sample:     1

julia>
julia>

julia> @benchmark myMAT_beta!(du,u,container,var_test,intermediate)
BenchmarkTools.Trial:
  memory estimate:  4.23 KiB
  allocs estimate:  34
  --------------
  minimum time:     81.900 μs (0.00% GC)
  median time:      84.301 μs (0.00% GC)
  maximum time:     1.523 ms (92.67% GC)
  --------------
  samples:          10000
  evals/sample:     1

julia>
julia>

julia>

julia> @benchmark myMAT_new!(du,u,container,var_test,intermediate)
BenchmarkTools.Trial:
  memory estimate:  722.70 KiB
  allocs estimate:  45
  --------------
  minimum time:     108.700 μs (0.00% GC)
  median time:      117.701 μs (0.00% GC)
  mean time:        141.768 μs (13.42% GC)
  maximum time:     2.654 ms (94.94% GC)
  --------------
  samples:          10000
  evals/sample:     1

julia> @benchmark myMAT_original!(du,u)
BenchmarkTools.Trial:
  memory estimate:  3.96 MiB
  allocs estimate:  848
  --------------
  minimum time:     375.201 μs (0.00% GC)
  median time:      398.900 μs (0.00% GC)
  mean time:        510.003 μs (19.35% GC)
  maximum time:     3.032 ms (74.87% GC)
  --------------
  samples:          9772
  evals/sample:     1

julia> @benchmark myMAT_beta!(du,u,container,var_test,intermediate)
BenchmarkTools.Trial:
  memory estimate:  4.30 KiB
  allocs estimate:  38
  --------------
  minimum time:     87.500 μs (0.00% GC)
  median time:      90.000 μs (0.00% GC)
  mean time:        92.049 μs (0.32% GC)
  maximum time:     1.642 ms (92.13% GC)
  --------------
  samples:          10000
  evals/sample:     1

julia>

julia> @benchmark myMAT_beta!(du,u,container,var_test,intermediate)
  memory estimate:  4.23 KiB
  allocs estimate:  34
  --------------
  minimum time:     82.400 μs (0.00% GC)
  median time:      84.500 μs (0.00% GC)
  mean time:        85.095 μs (0.33% GC)
  maximum time:     1.535 ms (92.74% GC)
  --------------
  samples:          10000
  evals/sample:     1

julia>

julia> sizeof(u)
81608

help?> sizeof
search: sizeof

  sizeof(T::DataType)
  sizeof(obj)

  Size, in bytes, of the canonical binary representation of the given D

  Examples
  ≡≡≡≡≡≡≡≡≡≡

  julia> sizeof(Float32)
  4

  julia> sizeof(ComplexF64)
  16

  julia> sizeof(1.0)
  8

  julia> sizeof([1.0:10.0;])
  80

  If DataType T does not have a specific size, an error is thrown.

  julia> sizeof(AbstractArray)
  ERROR: Abstract type AbstractArray does not have a definite size.
  Stacktrace:

  Size, in bytes, of the string str. Equal to the number of code units

  ≡≡≡≡≡≡≡≡≡≡

  julia> sizeof("")
  0

  julia> sizeof("∀")












Starting Julia...
               _
   _       _ _(_)_     |  Documentation: https://docs.julialang.org
  (_)     | (_) (_)    |
   _ _   _| |_  __ _   |  Type "?" for help, "]?" for Pkg help.
  | | | | | | |/ _` |  |
  | | |_| | | | (_| |  |  Version 1.2.0 (2019-08-20)
 _/ |\__'_|_|_|\__'_|  |  Official https://julialang.org/ release
|__/                   |





julia> myMAT_original!(du,u)
   2.782918792481625
 -13.810569472761575
  -1.0477821690934228
 -12.769391087325333
  20.73381574419515
  20.281584650475363
   1.2173356559229458
   ⋮
   9.104666424518193
  29.938249835443383
  -0.3428580501639154
   4.4674819138716835
   2.975948801375
   1.3140128818126893

julia>julia> m
ERROR: UndefVarError: m not defined

julia> myMAT_original!(du,u) == myMAT_new!(du,u,container,var_test,inte
true

julia> myMAT_original!(du,u) == myMAT_beta!(du,u,container,var_test,int
true

julia> @benchmark myMAT_original!(du,u)
BenchmarkTools.Trial:
  memory estimate:  376.11 MiB
  allocs estimate:  6248
  --------------
  minimum time:     231.378 ms (36.48% GC)
  median time:      238.551 ms (38.59% GC)
  mean time:        240.914 ms (38.61% GC)
  maximum time:     258.981 ms (43.54% GC)
  --------------
  samples:          21
  evals/sample:     1

julia> @benchmark myMAT_new!(du,u,container,var_test,intermediate)
BenchmarkTools.Trial:
  memory estimate:  68.84 MiB
  allocs estimate:  45
  --------------
  median time:      59.072 ms (35.56% GC)
  mean time:        62.808 ms (38.92% GC)
  --------------
  samples:          80
  evals/sample:     1

julia> @benchmark myMAT_beta!(du,u,container,var_test,intermediate)
  memory estimate:  32.73 KiB
  allocs estimate:  34
  minimum time:     18.449 ms (0.00% GC)
  median time:      18.784 ms (0.00% GC)
  mean time:        19.007 ms (0.00% GC)
  maximum time:     37.755 ms (0.00% GC)
  --------------
  samples:          263
  evals/sample:     1

julia> f1(a,b,c) == f1_test(a,b,c)
true

julia> f2(a,b,c) == f2_test(a,b,c)
true

julia> g(t1,u,v,w) == g_test(t1,u,v,w)
ERROR: UndefVarError: g not defined
Stacktrace:
 [1] top-level scope at none:0

julia> g(t1,u,v,w) == g_test(t1,u,v,w)
true

julia> g(t1,u,v,w) == g_test(t1,u,v,w)
true

julia>
julia>

julia> g(t1,u,v,w) == g_test(t1,u,v,w)
true

julia> g(t1,u,v,w) == g_test(t1,u,v,w)
true

julia>
julia>

julia> g(t1,u,v,w) == g_test(t1,u,v,w)
true

julia> g(t1,u,v,w)
100-element Array{Float64,1}:
  0.23700990453832005
  0.8715501368441154
 -1.3930461205368783
 -1.881116317708361
  1.13676447489489
 -0.445859827915437
 -0.9845623000503975
  0.9237955979080955
  0.4607002089318263
 -3.894341044562836
  3.790312317744547
 -2.111352409456226
 -0.16899487196737523
 -3.8924065429766035
 -0.08384244360634834
  0.10367884803208838
  ⋮
 -2.774567062008099
 -0.23362556622691358
  2.2319580832183803
  0.8613516016060124
  0.15966006996857632
 -1.571146022676362
  0.34440515449597436
 -0.18798439049162846
 -0.3164235264108256
 -2.3653550117900615
  0.09013286937730161
  0.305158766076419
  0.19225331094708006
  0.7114271639435406
  4.055996623371839

julia> g_test(t1,u,v,w)
100-element Array{Float64,1}:
 0.01150291738247886
 3.0952435841003862
 1.8302682774859604
 4.800910907421922
 0.86749468743786
 2.478161106117206
 0.24761153827325
 0.3008156491432194
 7.174393541247007
 2.937221653845103
 3.6053615592891224
 0.03193028920724643
 1.8965222896854619
 1.8780385548284526
 2.547185612409806
 ⋮
 2.77286673647703
 0.20452968301704494
 4.669208267109671
 0.2666870240977288
 2.0872415776324993
 1.14990965297793
 0.9440584563842694
 0.25886903874016826
 1.9160025466359902
 1.2804596442894411
 0.6448329896747657
 2.5973075897615043
 0.7092182510401287
 0.5339037642702432
 1.396305780969792

julia> g_test(t1,u,v,w) == g(t1,u,v,w)
true

julia>
julia> g
g (generic function with 1 method)

julia> g(t1,u,v,w) == g_test(t1,u,v,w)
true

julia> g(t1,u,v,w)
100-element Array{Float64,1}:
 -3.0297909386000947
 -0.6994587370697098
 -0.49288681688599617
  0.07595641056454992
 -0.9441721477926638
  0.0016128336210835086
  0.9083770293173137
  0.04288260054266323
  0.30201189829550035
 -0.3902818130019726
  0.011537272567270582
  0.4542995782362026
 -0.7844630798337653
  0.06418065763892912
  0.46659639837602257
  2.3089385646759544
  ⋮
  3.752321989376735
  0.9105104582932921
  1.784625992351932
 -0.43103091259306303
 -6.802680621734896
 -2.8853529441516796
 -0.6981182005991198
 -0.41926237818358963
 -0.3201320073312169
  1.54507505320743
  0.1636081903629912
 -0.09350420565641604
  1.0772207319740517
  1.8107754511442717
  0.012136823025871624

julia> g_test(t1,u,v,w)
100-element Array{Float64,1}:
  2.871393379361063
  0.5731335424155297
  0.10182822752873914
  0.00638931750108101
  3.184408341640506
  0.0009876581602301596
  0.3855390427366573
  0.49210180559105077
  0.09125418623821917
  0.48267963252947516
  0.009776031767961334
  0.03977981169062763
 12.549379273964783
  0.02144652069929267
  0.6991323769784178
  0.36600647159172683
  ⋮
  8.126753300957752
  1.0695303433836274
  8.390998025116147
  2.953668174195883
  5.805548710209629
  4.471460396787669
  0.961092363768475
  0.0987616432205965
  0.07918553594586206
  0.8198161090704773
  1.1353824363615372
  0.12986266443329397
  0.8334912887192731
  1.06023540134886
  0.3048365735458974

julia> g(t1,u,v,w) - g_test(t1,u,v,w)
100-element Array{Float64,1}:
 0.0
 0.0
 0.0
 0.0
 0.0
 0.0
 0.0
 0.0
 0.0
 0.0
 0.0
 0.0
 0.0
 0.0
 0.0
 0.0
 ⋮
 0.0
 0.0
 0.0
 0.0
 0.0
 0.0
 0.0
 0.0
 0.0
 0.0
 0.0
 0.0
 0.0
 0.0
 0.0

julia> g_test(t1,u,v,w) == g(t1,u,v,w)
true

julia> g_test(t1,u,v,w)
100-element Array{Float64,1}:
  2.871393379361063
  0.5731335424155297
  0.10182822752873914
  0.00638931750108101
  3.184408341640506
  0.0009876581602301596
  0.3855390427366573
  0.49210180559105077
  0.09125418623821917
  0.48267963252947516
  0.009776031767961334
  0.03977981169062763
 12.549379273964783
  0.02144652069929267
  0.6991323769784178
  0.36600647159172683
  ⋮
  8.126753300957752
  1.0695303433836274
  8.390998025116147
  2.953668174195883
  5.805548710209629
  4.471460396787669
  0.961092363768475
  0.0987616432205965
  0.07918553594586206
  0.8198161090704773
  1.1353824363615372
  0.12986266443329397
  0.8334912887192731
  1.06023540134886
  0.3048365735458974

100-element Array{Float64,1}:
 -3.0297909386000947
 -0.6994587370697098
 -0.49288681688599617
  0.07595641056454992
 -0.9441721477926638
  0.0016128336210835086
  0.9083770293173137
  0.04288260054266323
  0.30201189829550035
 -0.3902818130019726
  0.011537272567270582
  0.4542995782362026
 -0.7844630798337653
  0.06418065763892912
  0.46659639837602257
  2.3089385646759544
  ⋮
  3.752321989376735
  0.9105104582932921
  1.784625992351932
 -0.43103091259306303
 -6.802680621734896
 -2.8853529441516796
 -0.6981182005991198
 -0.41926237818358963
 -0.3201320073312169
  1.54507505320743
  0.1636081903629912
 -0.09350420565641604
  1.0772207319740517
  1.8107754511442717
  0.012136823025871624

julia>
julia> g_test(t1,u,v,w)
100-element Array{Float64,1}:
  2.871393379361063
  0.5731335424155297
  0.10182822752873914
  0.00638931750108101
  3.184408341640506
  0.0009876581602301596
  0.3855390427366573
  0.49210180559105077
  0.09125418623821917
  0.48267963252947516
  0.009776031767961334
  0.03977981169062763
 12.549379273964783
  0.02144652069929267
  0.6991323769784178
  0.36600647159172683
  ⋮
  8.126753300957752
  1.0695303433836274
  8.390998025116147
  2.953668174195883
  5.805548710209629
  4.471460396787669
  0.961092363768475
  0.0987616432205965
  0.07918553594586206
  0.8198161090704773
  1.1353824363615372
  0.12986266443329397
  0.8334912887192731
  1.06023540134886
  0.3048365735458974

julia> g(t1,u,v,w)
100-element Array{Float64,1}:
 -3.0297909386000947
 -0.49288681688599617
  0.07595641056454992
 -0.9441721477926638
  0.0016128336210835086
  0.9083770293173137
  0.04288260054266323
  0.30201189829550035
 -0.3902818130019726
  0.011537272567270582
  0.4542995782362026
 -0.7844630798337653
  0.06418065763892912
  0.46659639837602257
  2.3089385646759544
  ⋮
  3.752321989376735
  0.9105104582932921
  1.784625992351932
 -0.43103091259306303
 -6.802680621734896
 -2.8853529441516796
 -0.6981182005991198
 -0.41926237818358963
 -0.3201320073312169
  1.54507505320743
  0.1636081903629912
 -0.09350420565641604
  1.0772207319740517
  1.8107754511442717
  0.012136823025871624

julia> g_test(t1,u,v,w) == g(t1,u,v,w)
true

julia>
julia>

julia> @benchmark f1(a,b,c)
BenchmarkTools.Trial:
  memory estimate:  896 bytes
  allocs estimate:  1
  --------------
  minimum time:     75.051 ns (0.00% GC)
  median time:      83.369 ns (0.00% GC)
  mean time:        105.549 ns (17.88% GC)
  maximum time:     985.729 ns (89.91% GC)
  --------------
  samples:          10000
  evals/sample:     974

julia> @benchmark f2(a,b,c)
BenchmarkTools.Trial:
  memory estimate:  896 bytes
  allocs estimate:  1
  --------------
  minimum time:     73.567 ns (0.00% GC)
  median time:      82.888 ns (0.00% GC)
  mean time:        104.369 ns (17.79% GC)
  maximum time:     876.844 ns (84.09% GC)
  --------------
  samples:          10000
  evals/sample:     976

julia> @benchmark f1_test(a,b,c)
BenchmarkTools.Trial:
  memory estimate:  0 bytes
  allocs estimate:  0
  --------------
  minimum time:     34.406 ns (0.00% GC)
  median time:      34.608 ns (0.00% GC)
  mean time:        35.152 ns (0.00% GC)
  maximum time:     246.983 ns (0.00% GC)
  --------------
  samples:          10000
  evals/sample:     994

julia> @benchmark f2_test(a,b,c)
BenchmarkTools.Trial:
  memory estimate:  0 bytes
  allocs estimate:  0
  --------------
  minimum time:     34.506 ns (0.00% GC)
  median time:      34.608 ns (0.00% GC)
  mean time:        35.223 ns (0.00% GC)
  maximum time:     214.990 ns (0.00% GC)
  --------------
  samples:          10000
  evals/sample:     994

julia> @benchmark f1(a,b,c)
BenchmarkTools.Trial:
  memory estimate:  896 bytes
  allocs estimate:  1
  --------------
  minimum time:     77.367 ns (0.00% GC)
  median time:      84.258 ns (0.00% GC)
  mean time:        106.962 ns (17.97% GC)
  maximum time:     1.336 μs (81.03% GC)
  --------------
  samples:          10000
  evals/sample:     972

julia> function f1_v2(a,b)
        return c = a+b
        end
f1_v2 (generic function with 1 method)

julia> @benchmark f1_v2(a,b)
BenchmarkTools.Trial:
  memory estimate:  896 bytes
  allocs estimate:  1
  --------------
  minimum time:     76.392 ns (0.00% GC)
  median time:      85.876 ns (0.00% GC)
  mean time:        109.556 ns (18.01% GC)
  maximum time:     1.322 μs (91.40% GC)
  --------------
  samples:          10000
  evals/sample:     970

julia> @benchmark g1(t1,a,b,c)
ERROR: UndefVarError: g1 not defined
Stacktrace:
 [1] ##core#430() at C:\Users\cheny\.juliapro\JuliaPro_v1.2.0-1\package
 [2] ##sample#431(::BenchmarkTools.Parameters) at C:\Users\cheny\.julia
 [3] #_run#36(::Bool, ::String, ::Base.Iterators.Pairs{Symbol,Integer,NBenchmarkTools.Parameters) at C:\Users\cheny\.juliapro\JuliaPro_v1.2.0-
 [4] (::getfield(Base, Symbol("#inner#2")){Base.Iterators.Pairs{Symbol,("##benchmark#429")},BenchmarkTools.Parameters}})() at .\none:0
 [7] #run_result#37 at C:\Users\cheny\.juliapro\JuliaPro_v1.2.0-1\packa
 [8] #run_result at .\none:0 [inlined]
 [9] #run#39(::Base.Iterators.Pairs{Symbol,Integer,NTuple{5,Symbol},Nameters) at C:\Users\cheny\.juliapro\JuliaPro_v1.2.0-1\packages\Benchmark [10] warmup(::BenchmarkTools.Benchmark{Symbol("##benchmark#429")}) at  [11] top-level scope at C:\Users\cheny\.juliapro\JuliaPro_v1.2.0-1\pac

julia> @benchmark g(t1,a,b,c)
BenchmarkTools.Trial:
  memory estimate:  1.80 KiB
  allocs estimate:  4
  --------------
  minimum time:     429.146 ns (0.00% GC)
  median time:      439.196 ns (0.00% GC)
  mean time:        502.054 ns (10.08% GC)
  maximum time:     5.343 μs (89.90% GC)
  --------------
  samples:          10000
  evals/sample:     199

julia> @benchmark g_test(t1,a,b,c)
BenchmarkTools.Trial:
  memory estimate:  48 bytes
  allocs estimate:  2
  --------------
  minimum time:     353.774 ns (0.00% GC)
  median time:      360.849 ns (0.00% GC)
  mean time:        376.293 ns (1.28% GC)
  maximum time:     29.731 μs (0.00% GC)
  --------------
  samples:          10000
  evals/sample:     212

julia>
julia>

julia> @benchmark g(t1,u,v,w)
BenchmarkTools.Trial:
  memory estimate:  1.80 KiB
  allocs estimate:  4
  --------------
  minimum time:     429.146 ns (0.00% GC)
  median time:      440.201 ns (0.00% GC)
  mean time:        504.426 ns (10.29% GC)
  maximum time:     5.094 μs (81.36% GC)
  --------------
  samples:          10000
  evals/sample:     199

julia> @benchmark g_v2(t1,u,v,w)
ERROR: MethodError: no method matching g_v2(::st_new, ::Array{Float64,1
Closest candidates are:
  g_v2(::Any, ::Any, ::Any) at C:\Users\cheny\OneDrive\Documents\versio
Stacktrace:
 [1] ##core#446() at C:\Users\cheny\.juliapro\JuliaPro_v1.2.0-1\package
 [3] #_run#40(::Bool, ::String, ::Base.Iterators.Pairs{Symbol,Integer,NBenchmarkTools.Parameters) at C:\Users\cheny\.juliapro\JuliaPro_v1.2.0- [4] (::getfield(BenchmarkTools, Symbol("#kw##_run")))(::NamedTuple{(:varameters) at .\none:0 [5] (::getfield(Base, Symbol("#inner#2")){Base.Iterators.Pairs{Symbol,("##benchmark#445")},BenchmarkTools.Parameters}})() at .\essentials.jl: [6] #invokelatest#1 at .\essentials.jl:794 [inlined]
 [7] #invokelatest at .\none:0 [inlined]
 [8] #run_result#37 at C:\Users\cheny\.juliapro\JuliaPro_v1.2.0-1\packa
 [9] #run_result at .\none:0 [inlined]
 [10] #run#39(::Base.Iterators.Pairs{Symbol,Integer,NTuple{5,Symbol},Nameters) at C:\Users\cheny\.juliapro\JuliaPro_v1.2.0-1\packages\Benchmar [11] warmup(::BenchmarkTools.Benchmark{Symbol("##benchmark#445")}) at
 [12] top-level scope at C:\Users\cheny\.juliapro\JuliaPro_v1.2.0-1\pac

julia> @benchmark g_v2(u,v,w)
ERROR: UndefVarError: f1_beta not defined
Stacktrace:
 [1] g_v2(::Array{Float64,1}, ::Array{Float64,1}, ::Array{Float64,1}) a
 [2] ##core#450() at C:\Users\cheny\.juliapro\JuliaPro_v1.2.0-1\package
 [3] ##sample#451(::BenchmarkTools.Parameters) at C:\Users\cheny\.julia
 [4] #_run#41(::Bool, ::String, ::Base.Iterators.Pairs{Symbol,Integer,NBenchmarkTools.Parameters) at C:\Users\cheny\.juliapro\JuliaPro_v1.2.0- [5] (::getfield(Base, Symbol("#inner#2")){Base.Iterators.Pairs{Symbol,("##benchmark#449")},BenchmarkTools.Parameters}})() at .\none:0 [6] #invokelatest#1 at .\essentials.jl:794 [inlined]
 [8] #run_result#37 at C:\Users\cheny\.juliapro\JuliaPro_v1.2.0-1\packa
 [9] #run_result at .\none:0 [inlined]
 [10] #run#39(::Base.Iterators.Pairs{Symbol,Integer,NTuple{5,Symbol},Nameters) at C:\Users\cheny\.juliapro\JuliaPro_v1.2.0-1\packages\Benchmar [11] warmup(::BenchmarkTools.Benchmark{Symbol("##benchmark#449")}) at  [12] top-level scope at C:\Users\cheny\.juliapro\JuliaPro_v1.2.0-1\pac

julia>
julia> @benchmark g_v2(u,v,w)
BenchmarkTools.Trial:
  memory estimate:  1.80 KiB
  allocs estimate:  4
  --------------
  minimum time:     436.364 ns (0.00% GC)
  median time:      450.510 ns (0.00% GC)
  mean time:        515.879 ns (10.31% GC)
  maximum time:     5.166 μs (81.13% GC)
  --------------
  samples:          10000
  evals/sample:     198

julia> @benchmark g(t1,u,v,w)
BenchmarkTools.Trial:
  memory estimate:  1.80 KiB
  allocs estimate:  4
  --------------
  minimum time:     433.663 ns (0.00% GC)
  median time:      445.724 ns (0.00% GC)
  mean time:        509.083 ns (10.21% GC)
  maximum time:     4.983 μs (88.83% GC)
  --------------
  samples:          10000
  evals/sample:     199

julia>
julia>

julia> @benchmark g(t1,u,v,w)
BenchmarkTools.Trial:
  memory estimate:  1.80 KiB
  allocs estimate:  4
  --------------
  minimum time:     435.854 ns (0.00% GC)
  median time:      450.000 ns (0.00% GC)
  mean time:        529.231 ns (10.40% GC)
  maximum time:     96.362 μs (0.00% GC)
  samples:          10000
  evals/sample:     198

julia> @benchmark g_v2(u,v,w)
BenchmarkTools.Trial:
  memory estimate:  1.80 KiB
  allocs estimate:  4
  --------------
  minimum time:     434.343 ns (0.00% GC)
  median time:      448.480 ns (0.00% GC)
  mean time:        513.575 ns (10.47% GC)
  maximum time:     5.221 μs (77.34% GC)
  --------------
  samples:          10000
  evals/sample:     198

julia> @benchmark unpack a,b,c,d = t1
ERROR: syntax: invalid keyword argument name "(a, b, c, d)"
Stacktrace:
 [1] top-level scope at none:0

julia> @benchmark @unpack a,b,c,d = t1
BenchmarkTools.Trial:
  memory estimate:  0 bytes
  --------------
  minimum time:     51.066 ns (0.00% GC)
  median time:      51.674 ns (0.00% GC)
  mean time:        52.455 ns (0.00% GC)
  maximum time:     322.740 ns (0.00% GC)
  --------------
  samples:          10000
  evals/sample:     985

julia>
julia>

julia> @benchmark g(t1,u,v,w)
ERROR: type st_new has no field a1
Stacktrace:
 [3] macro expansion at C:\Users\cheny\.juliapro\JuliaPro_v1.2.0-1\pack
 [4] g(::st_new, ::Array{Float64,1}, ::Array{Float64,1}, ::Array{Float6
 [5] ##core#477() at C:\Users\cheny\.juliapro\JuliaPro_v1.2.0-1\package
 [7] #_run#47(::Bool, ::String, ::Base.Iterators.Pairs{Symbol,Integer,NBenchmarkTools.Parameters) at C:\Users\cheny\.juliapro\JuliaPro_v1.2.0- [8] (::getfield(Base, Symbol("#inner#2")){Base.Iterators.Pairs{Symbol,("##benchmark#476")},BenchmarkTools.Parameters}})() at .\none:0 [9] #invokelatest#1 at .\essentials.jl:794 [inlined] [10] #invokelatest at .\none:0 [inlined] [11] #run_result#37 at C:\Users\cheny\.juliapro\JuliaPro_v1.2.0-1\pack [12] #run_result at .\none:0 [inlined]
 [13] #run#39(::Base.Iterators.Pairs{Symbol,Integer,NTuple{5,Symbol},Nameters) at C:\Users\cheny\.juliapro\JuliaPro_v1.2.0-1\packages\Benchmar [15] top-level scope at C:\Users\cheny\.juliapro\JuliaPro_v1.2.0-1\pacjulia> julia>

julia> @benchmark g(t1,u,v,w)
BenchmarkTools.Trial:
  memory estimate:  1.80 KiB
  allocs estimate:  4
  --------------
  minimum time:     433.328 ns (0.00% GC)
  median time:      444.444 ns (0.00% GC)
  mean time:        508.227 ns (10.28% GC)
  maximum time:     5.290 μs (78.04% GC)
  --------------
  samples:          10000
  evals/sample:     198

julia>
julia>
julia> function myMAT_beta!(du::AbstractVector, u::AbstractVector, y_D2y,alpha1,alpha2,alpha3,alpha4,beta,du_ops,du1,du2,du3,du4,du5,du6,du7,d           #@unpack N, y_D2x, y_D2y, y_Dx, y_Dy, y_Hxinv, y_Hyinv, yv2f

Stacktrace:
 [1] top-level scope at none:0

julia> ^C
julia> function myMAT_beta!(du::AbstractVector, u::AbstractVector, y_D2y,alpha1,alpha2,alpha3,alpha4,beta,du_ops,du1,du2,du3,du4,du5,du6,du7,d           #@unpack N, y_D2x, y_D2y, y_Dx, y_Dy, y_Hxinv, y_Hyinv, yv2f

ERROR: syntax: incomplete: premature end of input
 [1] top-level scope at none:0

julia>
julia> function myMAT_beta!(du::AbstractVector, u::AbstractVector, y_D2y,alpha1,alpha2,alpha3,alpha4,beta,du_ops,du1,du2,du3,du4,du5,du6,du7,dERROR: syntax: incomplete: premature end of input
Stacktrace:
 [1] top-level scope at none:0
julia> myMAT_beta!(du::AbstractVector, u::AbstractVector, y_D2x, y_D2y,alpha2,alpha3,alpha4,beta,du_ops,du1,du2,du3,du4,du5,du6,du7,du8,du9,duERROR: syntax: extra token after end of expression

julia> myMAT_beta!(du, u, y_D2x, y_D2y, y_Dx, y_Dy, y_Hxinv, y_Hyinv, y,du1,du2,du3,du4,du5,du6,du7,du8,du9,du10,du11,du12,du13,du14,du15,du16ERROR: UndefVarError: du_ops not definedStacktrace:
 [1] top-level scope at none:0

julia>
julia>

julia> myMAT_beta!(du, u, y_D2x, y_D2y, y_Dx, y_Dy, y_Hxinv, y_Hyinv, y,du1,du2,du3,du4,du5,du6,du7,du8,du9,du10,du11,du12,du13,du14,du15,du16ERROR: UndefVarError: du_ops not defined
Stacktrace:
 [1] top-level scope at none:0

julia> du_ops
ERROR: UndefVarError: du_ops not defined

julia>
julia> myMAT_beta!(du, u, y_D2x, y_D2y, y_Dx, y_Dy, y_Hxinv, y_Hyinv, y,du1,du2,du3,du4,du5,du6,du7,du8,du9,du10,du11,du12,du13,du14,du15,du16

Please submit a bug report with steps to reproduce this fault, and any
Exception: EXCEPTION_ACCESS_VIOLATION at 0x1193022 -- + at .\float.jl:3
D2x_beta at C:\Users\cheny\OneDrive\Documents\version-control\Poisson_J
in expression starting at none:0
- at .\float.jl:397 [inlined]
D2x_beta at C:\Users\cheny\OneDrive\Documents\version-control\Poisson_J
myMAT_beta! at C:\Users\cheny\OneDrive\Documents\version-control\Poisso
unknown function (ip: 0000000001192D7B)
jl_apply_generic at /home/Administrator/buildbot/worker/package_win64/b
do_call at /home/Administrator/buildbot/worker/package_win64/build/src/
eval_value at /home/Administrator/buildbot/worker/package_win64/build/s
eval_stmt_value at /home/Administrator/buildbot/worker/package_win64/bu
eval_body at /home/Administrator/buildbot/worker/package_win64/build/sr
jl_interpret_toplevel_thunk_callback at /home/Administrator/buildbot/wo
unknown function (ip: FFFFFFFFFFFFFFFE)
Starting Julia...
               _
   _       _ _(_)_     |  Documentation: https://docs.julialang.org
  (_)     | (_) (_)    |
   _ _   _| |_  __ _   |  Type "?" for help, "]?" for Pkg help.
  | | | | | | |/ _` |  |
  | | |_| | | | (_| |  |  Version 1.2.0 (2019-08-20)
 _/ |\__'_|_|_|\__'_|  |  Official https://julialang.org/ release
|__/                   |

julia> myMAT_beta!(du, u, y_D2x, y_D2y, y_Dx, y_Dy, y_Hxinv, y_Hyinv, y,du1,du2,du3,du4,du5,du6,du7,du8,du9,du10,du11,du12,du13,du14,du15,du16
ERROR: UndefVarError: myMAT_beta! not defined
Stacktrace:
 [1] top-level scope at none:0

julia> myMAT_beta!(du, u, y_D2x, y_D2y, y_Dx, y_Dy, y_Hxinv, y_Hyinv, y,du1,du2,du3,du4,du5,du6,du7,du8,du9,du10,du11,du12,du13,du14,du15,du16
ERROR: UndefVarError: du not defined
Stacktrace:
 [1] top-level scope at none:0

julia> u  = randn(N);
ERROR: UndefVarError: N not defined
Stacktrace:
 [1] top-level scope at none:0

julia> u  = randn(N);

julia> du = similar(u)
1002001-element Array{Float64,1}:
 0.0
 0.0
 0.0
 0.0
 0.0
 0.0
 0.0
 0.0
 0.0
 0.0
 0.0
 0.0
 0.0
 0.0
 0.0
 0.0
 ⋮
 0.0
 0.0
 0.0
 0.0
 0.0
 0.0
 0.0
 0.0
 0.0
 0.0
 0.0
 0.0
 0.0
 0.0
 0.0

julia> u  = randn(N);

julia> du = similar(u)
1002001-element Array{Float64,1}:
 0.0
 0.0
 0.0
 0.0
 0.0
 0.0
 0.0
 0.0
 0.0
 0.0
 0.0
 0.0
 0.0
 0.0
 0.0
 0.0
 ⋮
 0.0
 0.0
 0.0
 0.0
 0.0
 0.0
 0.0
 0.0
 0.0
 0.0
 0.0
 0.0
 0.0
 0.0
 0.0

1002001-element Array{Float64,1}:
  1.2844800721791614
 -0.9398857200802494
  0.18680960017099235
 -0.24114075293860324
  1.7599071327419982
 -0.03609495858896343
  0.20190890224468858
 -0.04655612450092793
 -0.7493669987457916
  0.1474331733500327
  0.9540824049308781
 -1.7730250300204407
  0.5910210905661241
 -0.026172192274001523
  0.7061253218456945
  ⋮
  0.45312469333262384
 -1.1211137216098632
 -0.422619969027065
  0.4830858492550861
  0.9928646268826576
 -0.7325752580819885
  1.0924131166652786
  1.2743556330676011
 -0.2533456123024429
 -0.586657792814028
 -1.1184264786658742
  1.0748573814976599
 -0.936579920231485
 -1.4574437345496336

julia>
julia>

julia> myMAT_beta!(du, u, y_D2x, y_D2y, y_Dx, y_Dy, y_Hxinv, y_Hyinv, y,du1,du2,du3,du4,du5,du6,du7,du8,du9,du10,du11,du12,du13,du14,du15,du16ERROR: UndefVarError: y_D2x not definedStacktrace:
 [1] top-level scope at none:0

julia>
julia>

julia> myMAT_beta!(du, u, y_D2x, y_D2y, y_Dx, y_Dy, y_Hxinv, y_Hyinv, y,du1,du2,du3,du4,du5,du6,du7,du8,du9,du10,du11,du12,du13,du14,du15,du16ERROR: UndefVarError: y_D2x not defined
Stacktrace:
 [1] top-level scope at none:0

julia> y_D2x
ERROR: UndefVarError: y_D2x not defined

julia>
julia>

julia> myMAT_beta!(du, u, y_D2x, y_D2y, y_Dx, y_Dy, y_Hxinv, y_Hyinv, y,du1,du2,du3,du4,du5,du6,du7,du8,du9,du10,du11,du12,du13,du14,du15,du16
1002001-element Array{Float64,1}:
   7.383943387108378
 -10.317393773511279
   4.914996200336855
  -3.119478673567059
  22.33346882736424
  -2.2206927456404073
   1.2322377863486451
  -0.4736304558454091
  -0.5899741619949748
  -9.496227580963417
   1.4338311972935232
  13.757219321371469
 -23.010564697265274
   6.2459074983013645
  -1.5487026447195025
   6.913071937091794
   ⋮
   4.417372092751192
 -14.352316514525404
   9.877812712901
  -6.180447756669089
   5.322858447366259
  10.451848357333626
 -11.291013041194306
  13.888184012618165
  16.772519146106138
  -3.551197104070346
  -5.3377976518972545
 -13.647324581455626
 -10.179792775274729
  -9.262663550898127
julia> @benchmark myMAT_beta!(du, u, y_D2x, y_D2y, y_Dx, y_Dy, y_Hxinv,beta,du_ops,du1,du2,du3,du4,du5,du6,du7,du8,du9,du10,du11,du12,du13,du1BenchmarkTools.Trial:  memory estimate:  32.13 KiB
  allocs estimate:  8
  --------------
  minimum time:     18.579 ms (0.00% GC)
  median time:      19.040 ms (0.00% GC)
  mean time:        19.603 ms (0.00% GC)
  maximum time:     39.374 ms (0.00% GC)
  --------------
  samples:          255
  evals/sample:     1

julia> u = randn(N);

julia> du = randn(N);

julia> @benchmark myMAT_beta!(du, u, y_D2x, y_D2y, y_Dx, y_Dy, y_Hxinv,beta,du_ops,du1,du2,du3,du4,du5,du6,du7,du8,du9,du10,du11,du12,du13,du1BenchmarkTools.Trial:
  memory estimate:  32.13 KiB
  allocs estimate:  8
  --------------
  median time:      18.972 ms (0.00% GC)
  mean time:        19.200 ms (0.00% GC)
  maximum time:     25.150 ms (0.00% GC)
  --------------
  samples:          261
  evals/sample:     1

julia>
julia>

julia> @benchmark myMAT_beta!(du,u,containers,var,intermediate)
ERROR: type DataType has no field N
Stacktrace:
 [1] getproperty at .\Base.jl:15 [inlined]
 [2] unpack at C:\Users\cheny\.juliapro\JuliaPro_v1.2.0-1\packages\Para
Starting Julia...
               _
   _       _ _(_)_     |  Documentation: https://docs.julialang.org
  (_)     | (_) (_)    |
   _ _   _| |_  __ _   |  Type "?" for help, "]?" for Pkg help.
Starting Julia...
               _
   _       _ _(_)_     |  Documentation: https://docs.julialang.org
  (_)     | (_) (_)    |
   _ _   _| |_  __ _   |  Type "?" for help, "]?" for Pkg help.
  | | | | | | |/ _` |  |
  | | |_| | | | (_| |  |  Version 1.2.0 (2019-08-20)
 _/ |\__'_|_|_|\__'_|  |  Official https://julialang.org/ release
|__/                   |

julia> b,exact = Generate_b(var)
ERROR: UndefVarError: dy not defined
Stacktrace:
 [1] Generate_b(::variables) at C:\Users\cheny\OneDrive\Documents\versi
 [2] top-level scope at none:0

julia> b,exact = Generate_b(var)
ERROR: UndefVarError: BxSx_tran not defined
Stacktrace:
 [1] Generate_b(::variables) at C:\Users\cheny\OneDrive\Documents\versi
 [2] top-level scope at none:0

julia> b,exact = Generate_b(var)
([-0.0015707963267948967, 0.03612828709384065, 0.07225621761607327, 0.10.2528780420902593, -0.21675724275383718, -0.18063430411094766, -0.1445
  [3      ]  =  0.00628314
  [4      ]  =  0.00942464
  [5      ]  =  0.012566
  [6      ]  =  0.0157073
  [7      ]  =  0.0188484
  [8      ]  =  0.0219894
  [9      ]  =  0.0251301
  [10     ]  =  0.0282706
  [11     ]  =  0.0314108
  [12     ]  =  0.0345506
  [13     ]  =  0.0376902
  [14     ]  =  0.0408294
             ⋮
  [1001988]  =  -0.0408294
  [1001989]  =  -0.0376902
  [1001990]  =  -0.0345506
  [1001991]  =  -0.0314108
  [1001992]  =  -0.0282706
  [1001993]  =  -0.0251301
  [1001994]  =  -0.0219894
  [1001995]  =  -0.0188484
  [1001996]  =  -0.0157073
  [1001997]  =  -0.012566
  [1001998]  =  -0.00942464
  [1001999]  =  -0.00628314
  [1002000]  =  -0.00314159
  [1002001]  =  -2.44929e-16)

1002001-element Array{Float64,1}:
Starting Julia...
               _
   _       _ _(_)_     |  Documentation: https://docs.julialang.org
   _ _   _| |_  __ _   |  Type "?" for help, "]?" for Pkg help.
  | | | | | | |/ _` |  |
  | | |_| | | | (_| |  |  Version 1.2.0 (2019-08-20)
 _/ |\__'_|_|_|\__'_|  |  Official https://julialang.org/ release
|__/                   |

julia> cg_iteration(var_cg, d, g, w, myMAT_beta!, gTg)
ERROR: UndefVarError: cg_iteration not defined
Stacktrace:
 [1] top-level scope at none:0

julia> cg_iteration!(var_cg, d, g, w, myMAT_beta!, gTg)
ERROR: UndefVarError: d not defined
Stacktrace:
 [1] top-level scope at none:0

julia> cg!(var_cg,b,myMAT_beta!,tol=1e-16)
Stacktrace:
 [1] kwfunc(::Any) at .\boot.jl:332
 [2] top-level scope at none:0

julia> cg!(var_cg,b,myMAT_beta!)
ERROR: UndefVarError: b not defined
Stacktrace:
 [1] top-level scope at none:0

ERROR: UndefVarError: y_Ax! not defined
Stacktrace:
 [1] cg!(::var_cgs, ::Array{Float64,1}, ::Function, ::Float64) at C:\Us
 [2] cg!(::var_cgs, ::Array{Float64,1}, ::Function) at C:\Users\cheny\O
 [3] top-level scope at none:0

julia>
julia>

ERROR: function cg! does not accept keyword arguments
Stacktrace:
 [1] kwfunc(::Any) at .\boot.jl:332
 [2] top-level scope at none:0

julia> cg!(var_cg,b,myMAT_beta!)
ERROR: MethodError: no method matching myMAT_beta!(::Array{Float64,1},
Closest candidates are:
  myMAT_beta!(::AbstractArray{T,1} where T, ::AbstractArray{T,1} where
 [1] cg!(::var_cgs, ::Array{Float64,1}, ::typeof(myMAT_beta!), ::Float6
 [2] cg!(::var_cgs, ::Array{Float64,1}, ::Function) at C:\Users\cheny\O
 [3] top-level scope at none:0

julia>
julia>

julia> cg!(var_cg,b,myMAT_beta!)
ERROR: UndefVarError: dot not defined
Stacktrace:
 [1] cg!(::var_cgs, ::Array{Float64,1}, ::typeof(myMAT_beta!), ::Float6
 [2] cg!(::var_cgs, ::Array{Float64,1}, ::Function) at C:\Users\cheny\O
 [3] top-level scope at none:0

julia>
julia>

julia> cg!(var_cg,b,myMAT_beta!)
ERROR: UndefVarError: x not defined
 [1] cg!(::var_cgs, ::Array{Float64,1}, ::typeof(myMAT_beta!), ::Float6
 [2] cg!(::var_cgs, ::Array{Float64,1}, ::Function) at C:\Users\cheny\O
 [3] top-level scope at none:0

julia>
julia>

julia> cg!(var_cg,b,myMAT_beta!)
ERROR: UndefVarError: y_Ax! not defined
Stacktrace:
 [1] cg!(::var_cgs, ::Array{Float64,1}, ::typeof(myMAT_beta!), ::Float6
 [2] cg!(::var_cgs, ::Array{Float64,1}, ::Function) at C:\Users\cheny\O
 [3] top-level scope at none:0
julia>
julia>

julia> cg!(var_cg,b,myMAT_beta!,tol=1e-16)
ERROR: function cg! does not accept keyword arguments
Stacktrace:
 [1] kwfunc(::Any) at .\boot.jl:332
 [2] top-level scope at none:0

julia> cg!(var_cg,b,myMAT_beta!)
ERROR: type Array has no field u
Stacktrace:
 [1] getproperty(::Any, ::Symbol) at .\Base.jl:20
 [2] unpack at C:\Users\cheny\.juliapro\JuliaPro_v1.2.0-1\packages\Para
 [3] macro expansion at C:\Users\cheny\.juliapro\JuliaPro_v1.2.0-1\pack
Starting Julia...
               _
   _       _ _(_)_     |  Documentation: https://docs.julialang.org
  (_)     | (_) (_)    |
   _ _   _| |_  __ _   |  Type "?" for help, "]?" for Pkg help.
  | | | | | | |/ _` |  |
  | | |_| | | | (_| |  |  Version 1.2.0 (2019-08-20)
 _/ |\__'_|_|_|\__'_|  |  Official https://julialang.org/ release
|__/                   |
julia> cg!(u,du,b,myMAT_beta!)
ERROR: MethodError: no method matching cg_iteration!(::Array{Float64,1}
Closest candidates are:
  cg_iteration!(::Any, ::Any, ::Any, ::Any, ::Any, ::Any, ::Any) at C:\
Stacktrace:
 [1] cg!(::Array{Float64,1}, ::Array{Float64,1}, ::Array{Float64,1}, ::
 [2] cg!(::Array{Float64,1}, ::Array{Float64,1}, ::Array{Float64,1}, ::
 [3] top-level scope at none:0

julia> cg!(u,du,b,myMAT_beta!)
ERROR: InterruptException:
Stacktrace:
 [1] cg!(::Array{Float64,1}, ::Array{Float64,1}, ::Array{Float64,1}, ::
 [2] cg!(::Array{Float64,1}, ::Array{Float64,1}, ::Array{Float64,1}, ::
 [3] top-level scope at none:0

julia>

julia> cg!(u,du,b,myMAT_beta!)
(2.2497071451110845e12, 122, 0.0)

julia> @benchmark cg!(u,du,b,myMAT_beta!)
BenchmarkTools.Trial:
  allocs estimate:  4277
  --------------
  minimum time:     905.600 μs (0.00% GC)
  median time:      913.900 μs (0.00% GC)
  mean time:        939.364 μs (1.46% GC)
  maximum time:     2.968 ms (67.70% GC)
  --------------
  samples:          5314
  evals/sample:     1

julia>
julia>

julia> @benchmark cg!(u,du,b,myMAT_beta!)
ERROR: UndefVarError: d not defined
Stacktrace:
 [1] cg!(::Array{Float64,1}, ::Array{Float64,1}, ::Array{Float64,1}, ::
 [2] cg!(::Array{Float64,1}, ::Array{Float64,1}, ::Array{Float64,1}, ::
 [3] ##core#393() at C:\Users\cheny\.juliapro\JuliaPro_v1.2.0-1\package
 [4] ##sample#394(::BenchmarkTools.Parameters) at C:\Users\cheny\.julia
 [5] #_run#43(::Bool, ::String, ::Base.Iterators.Pairs{Symbol,Integer,NBenchmarkTools.Parameters) at C:\Users\cheny\.juliapro\JuliaPro_v1.2.0- [6] (::getfield(Base, Symbol("#inner#2")){Base.Iterators.Pairs{Symbol,("##benchmark#392")},BenchmarkTools.Parameters}})() at .\none:0 [7] #invokelatest#1 at .\essentials.jl:794 [inlined]
 [8] #invokelatest at .\none:0 [inlined]
 [9] #run_result#37 at C:\Users\cheny\.juliapro\JuliaPro_v1.2.0-1\packa
 [10] #run_result at .\none:0 [inlined]
 [11] #run#39(::Base.Iterators.Pairs{Symbol,Integer,NTuple{5,Symbol},Na [12] warmup(::BenchmarkTools.Benchmark{Symbol("##benchmark#392")}) at  [13] top-level scope at C:\Users\cheny\.juliapro\JuliaPro_v1.2.0-1\pac


julia>
julia>

julia> @benchmark cg!(u,du,b,myMAT_beta!)
Stacktrace:
 [1] cg!(::Array{Float64,1}, ::Array{Float64,1}, ::Array{Float64,1}, ::
 [2] cg!(::Array{Float64,1}, ::Array{Float64,1}, ::Array{Float64,1}, ::
 [3] ##core#398() at C:\Users\cheny\.juliapro\JuliaPro_v1.2.0-1\package
 [4] ##sample#399(::BenchmarkTools.Parameters) at C:\Users\cheny\.julia
 [5] #_run#47(::Bool, ::String, ::Base.Iterators.Pairs{Symbol,Integer,NBenchmarkTools.Parameters) at C:\Users\cheny\.juliapro\JuliaPro_v1.2.0- [6] (::getfield(Base, Symbol("#inner#2")){Base.Iterators.Pairs{Symbol,("##benchmark#397")},BenchmarkTools.Parameters}})() at .\none:0 [7] #invokelatest#1 at .\essentials.jl:794 [inlined] [8] #invokelatest at .\none:0 [inlined]
 [9] #run_result#37 at C:\Users\cheny\.juliapro\JuliaPro_v1.2.0-1\packa
 [10] #run_result at .\none:0 [inlined]
ameters) at C:\Users\cheny\.juliapro\JuliaPro_v1.2.0-1\packages\Benchma [12] warmup(::BenchmarkTools.Benchmark{Symbol("##benchmark#397")}) at  [13] top-level scope at C:\Users\cheny\.juliapro\JuliaPro_v1.2.0-1\pac
julia> cg!(u,du,b,myMAT_beta!)
Stacktrace:
 [1] cg!(::Array{Float64,1}, ::Array{Float64,1}, ::Array{Float64,1}, ::
 [2] cg!(::Array{Float64,1}, ::Array{Float64,1}, ::Array{Float64,1}, ::
 [3] top-level scope at none:0

julia>
julia>

(NaN, 122, 0.0009999275207519531)

julia> cg!(u,du,b,myMAT_beta!)
(NaN, 122, 0.0009999275207519531)

(NaN, 122, 0.0)

julia>
julia> cg!(u,du,b,myMAT_beta!)
(NaN, 122, 0.0009999275207519531)

julia> cg!(u,du,b,myMAT_beta!)
(NaN, 122, 0.0009999275207519531)

julia>
julia>

julia> cg!(u,du,b,myMAT_beta!)

julia>
julia>

julia> cg!(u,du,b,myMAT_beta!)
(NaN, 122, 0.0010001659393310547)

julia> cg!(u,du,b,myMAT_beta!)
(NaN, 122, 0.0009999275207519531)

julia>

julia> cg!(u,du,b,myMAT_beta!)
(NaN, 122, 0.0010001659393310547)

julia> cg!(var_cg,b,myMAT_beta!)
ERROR: UndefVarError: x not defined
Stacktrace:
 [1] cg!(::var_cgs, ::Array{Float64,1}, ::typeof(myMAT_beta!), ::Float6
 [2] cg!(::var_cgs, ::Array{Float64,1}, ::Function) at C:\Users\cheny\O
 [3] top-level scope at none:0

julia>
julia> cg!(var_cg,b,myMAT_beta!)
ERROR: MethodError: no method matching myMAT_beta!(::Array{Float64,1},
Closest candidates are:
  myMAT_beta!(::AbstractArray{T,1} where T, ::AbstractArray{T,1} where
Stacktrace:
 [1] cg_iteration!(::Array{Float64,1}, ::Array{Float64,1}, ::var_cgs, :
 [2] cg!(::var_cgs, ::Array{Float64,1}, ::typeof(myMAT_beta!), ::Float6
 [3] cg!(::var_cgs, ::Array{Float64,1}, ::Function) at C:\Users\cheny\O
 [4] top-level scope at none:0
julia>
julia>

julia> cg!(var_cg,b,myMAT_beta!)
(NaN, 122, 0.06100010871887207)
julia> cg!(var_cg,b,myMAT_beta!)
(NaN, 122, 0.0009999275207519531)

julia> cg!(var_cg,b,myMAT_beta!)
(NaN, 122, 0.0019998550415039062)

julia>
julia>

julia> cg!(var_cg,b,myMAT_beta!)
(3.0410617156272555e-13, 32, 0.0)

julia> cg!(var_cg,b,myMAT_beta!)
(3.0410617156272555e-13, 32, 0.0)

julia> @benchmark cg!(var_cg,b,myMAT_beta!)
BenchmarkTools.Trial:
  memory estimate:  62.47 KiB
  allocs estimate:  1752
  --------------
  minimum time:     359.100 μs (0.00% GC)
  median time:      367.200 μs (0.00% GC)
  mean time:        378.460 μs (1.40% GC)
  maximum time:     2.919 ms (85.47% GC)
  --------------
  samples:          10000
  evals/sample:     1

julia>
julia>

julia> cg!(var_cg,b,myMAT_beta!)
(3.0410617156272555e-13, 32, 0.0)

julia>
julia>

julia> cg!(var_cg,b,myMAT_beta!)
(3.0410617156272555e-13, 32, 0.0)

121-element Array{Float64,1}:
 -8.415202022662568e-9
 -2.939504552113374e-9
 -1.4404235574445628e-9
 -8.216001633275677e-9
 -3.750349710919427e-9
 -2.213479825780961e-9
 -1.0956637907586492e-8
  7.381389058623902e-9
 -2.735444859632957e-9
 -8.621938547983238e-9
  8.20493355565076e-8
 -4.1089867021714596e-8
 -1.911747538128551e-8
  5.688860584658908e-8
  6.808890121660661e-8
  ⋮
 -5.688860272215031e-8
  1.9117476252995147e-8
  4.108986834699428e-8
 -8.204933574449456e-8
  8.621937615417637e-9
  2.7354551964896726e-9
 -7.381380274748233e-9
  1.0956662932306505e-8
  2.213497071128003e-9
  3.7503794419434485e-9
  8.216018878992795e-9
  1.4404485812531948e-9
  2.939513336772318e-9
 -4.72840742371156e-9
  8.415201090177886e-9

julia>
julia>

julia> cg!(var_cg,b,myMAT_beta!)
ERROR: MethodError: objects of type Float64 are not callable
Stacktrace:
 [1] cg!(::var_cgs, ::Array{Float64,1}, ::Function, ::Float64, ::Float6
 [2] cg!(::var_cgs, ::Array{Float64,1}, ::Function, ::Float64) at C:\Us
 [3] cg!(::var_cgs, ::Array{Float64,1}, ::Function) at C:\Users\cheny\O
 [4] top-level scope at none:0

julia> cg!(du,u,b,myMAT_beta!)
(3.0410617156272555e-13, 32, 0.0010001659393310547)

julia> u
121-element Array{Float64,1}:
 -8.415202022662568e-9
  4.7284177594710685e-9
 -2.939504552113374e-9
 -1.4404235574445628e-9
 -8.216001633275677e-9
 -3.750349710919427e-9
 -2.213479825780961e-9
 -1.0956637907586492e-8
  7.381389058623902e-9
 -2.735444859632957e-9
 -8.621938547983238e-9
  8.20493355565076e-8
 -4.1089867021714596e-8
 -1.911747538128551e-8
  5.688860584658908e-8
  6.808890121660661e-8
  ⋮
 -5.688860272215031e-8
  1.9117476252995147e-8
  4.108986834699428e-8
 -8.204933574449456e-8
  8.621937615417637e-9
  2.7354551964896726e-9
 -7.381380274748233e-9
  1.0956662932306505e-8
  2.213497071128003e-9
  3.7503794419434485e-9
  8.216018878992795e-9
  1.4404485812531948e-9
 -4.72840742371156e-9
  8.415201090177886e-9

julia> exact
121-element SparseVector{Float64,Int64} with 120 stored entries:
  [2  ]  =  0.309017
  [3  ]  =  0.587785
  [4  ]  =  0.809017
  [5  ]  =  0.951057
  [6  ]  =  1.0
  [7  ]  =  0.951057
  [8  ]  =  0.809017
  [9  ]  =  0.587785
  [10 ]  =  0.309017
  [11 ]  =  1.22465e-16
  [12 ]  =  0.309017
  [13 ]  =  0.587785
  [14 ]  =  0.809017
         ⋮
  [108]  =  -0.809017
  [109]  =  -0.587785
  [110]  =  -0.309017
  [111]  =  1.22465e-16
  [112]  =  -0.309017
  [113]  =  -0.587785
  [114]  =  -0.809017
  [115]  =  -0.951057
  [116]  =  -1.0
  [117]  =  -0.951057
  [118]  =  -0.809017
  [119]  =  -0.587785
  [120]  =  -0.309017
  [121]  =  -2.44929e-16

julia>
julia>

julia> cg!(du,u,b,myMAT_beta!)
(8.319630760127623e-13, 295, 0.051000118255615234)

10201-element Array{Float64,1}:
 -8.987086678827499e-10
 -2.5932830828326963e-8
 -1.0383901581496162e-8
  3.4966771108120342e-9
  2.6576361438940426e-8
  2.4069575215719423e-8
 -6.7199089207540715e-9
 -1.44039293174809e-8
 -1.7513599730303802e-8
  1.045108328196256e-8
  2.1118753916560008e-8
  3.043428912571407e-8
  1.4221343800196233e-8
  ⋮
 -1.9152147897353853e-8
 -3.8032768252525866e-8
  1.0730705334561238e-8
 -5.5323917308177985e-9
  3.6170899490377606e-8
 -1.0574591350821164e-8
 -1.3832517339435305e-8
  2.4134743848131382e-8
  7.95017499067354e-9
  1.75123331474162e-8
 -3.362751252351876e-8
 -1.7749233721402834e-8
  2.5577620651615265e-10

julia>
                                                                                                                               julia>julia>
julia>

julia> conjugate(myMAT_beta,b,u,container,var,intermediate)
ERROR: UndefVarError: myMAT_beta not defined
Stacktrace:

julia> conjugate(myMAT_beta!,b,u,container,var,intermediate)
ERROR: MethodError: no method matching myMAT_beta!(::Array{Float64,1}, ::Array{Float64,1})
Closest candidates are:
  myMAT_beta!(::AbstractArray{T,1} where T, ::AbstractArray{T,1} where T, ::Any, ::Any, ::Any) at C:\Users\cheny\OneDrive\DocumentsStacktrace: [1] conjugate(::typeof(myMAT_beta!), ::Array{Float64,1}, ::Array{Float64,1}, ::containers, ::variables, ::intermediates) at C:\Users\cheny\OneDrive\Documents\version-control\Poisson_Julia\sub_test\Poisson_CG_beta.jl:223 [2] top-level scope at none:0
julia>
julia>

julia> conjugate(myMAT_beta!,b,u,container,var,intermediate)
2.283172102478462e8

julia>
julia>

julia> conjugate(myMAT_beta!,b,u,container,var,intermediate)
2.283172102478462e8

julia> u
10201-element Array{Float64,1}:
 -8.987086678827499e-10
  2.666582684249909e-8
  1.830277807077694e-8
  1.0444837732582977e-9
  ⋮
  1.75123331474162e-8
 -3.362751252351876e-8
 -1.7749233721402834e-8
  2.5577620651615265e-10

julia> @benchmark conjugate(myMAT_beta!,b,u,container,var,intermediate)
  memory estimate:  567.47 KiB
  allocs estimate:  93
  --------------
  minimum time:     317.100 μs (0.00% GC)
  median time:      335.100 μs (0.00% GC)
  mean time:        418.813 μs (6.66% GC)
  maximum time:     3.126 ms (77.98% GC)
  --------------
  samples:          10000
  evals/sample:     1

julia>
julia>

julia> b
10201-element Array{Float64,1}:
 -0.015707963267948967
  0.36125473057507934
  0.7221529463458931
  1.0823384843452453
  ⋮
 -1.0823384843452521
 -0.722152946345892
 -0.3612547305750801
  0.015707963267947562

10201-element Array{Float64,1}:
 -8.987086678827499e-10
  2.666582684249909e-8
  1.830277807077694e-8
  1.0444837732582977e-9
  ⋮
  1.75123331474162e-8
 -3.362751252351876e-8
 -1.7749233721402834e-8
  2.5577620651615265e-10

julia>
julia> u
10201-element Array{Float64,1}:
  0.2695595486023571
 -0.28631054751532564
 -2.374398187819922
 -0.31285855884612984
  ⋮
 -0.5594421296889863
 -0.030016729541253742
 -0.39183371290776947
 -1.4634575662936937

julia> du
10201-element Array{Float64,1}:
   102.00911261078059
 -1127.610993755827
  -770.0866745741041
  -130.2999936990782
     ⋮
  -788.8074526907324
  1529.0512792759398
   686.0137814898585
   -70.16764774423079

julia> @benchmark conjugate(myMAT_beta!,b,u,container,var,intermediate)
BenchmarkTools.Trial:
  memory estimate:  567.47 KiB
  allocs estimate:  93
  --------------
  minimum time:     317.599 μs (0.00% GC)
  median time:      341.600 μs (0.00% GC)
  mean time:        429.184 μs (6.74% GC)
  maximum time:     19.984 ms (0.00% GC)
  --------------
  samples:          10000
  evals/sample:     1

julia> u
10201-element Array{Float64,1}:
  0.2695595486023571
 -0.28631054751532564
 -2.374398187819922
 -0.31285855884612984
  ⋮
 -0.5594421296889863
 -0.030016729541253742
 -0.39183371290776947
 -1.4634575662936937

julia> exact
10201-element SparseVector{Float64,Int64} with 10200 stored entries:
  [2    ]  =  0.0314108
           ⋮
  [10200]  =  -0.0314108
  [10201]  =  -2.44929e-16

julia> u
10201-element Array{Float64,1}:
  0.2695595486023571
 -0.28631054751532564
 -2.374398187819922
 -0.31285855884612984
  ⋮
 -0.5594421296889863
 -0.030016729541253742
 -0.39183371290776947
 -1.4634575662936937

julia>

julia> myMAT_beta!(du,u,container,var,intermediate)
10201-element Array{Float64,1}:
   2.656593551650335
  -2.125199241096977
 -27.660077474685377
  -2.9594626694572965
   ⋮
  -7.404531582121198
   0.48401874519669946
  -4.718531638837475
  -8.635472458466992

julia> myMAT_beta!(du,u,container,var,intermediate)
10201-element Array{Float64,1}:
   2.656593551650335
  -2.125199241096977
 -27.660077474685377
  -2.9594626694572965
   ⋮
  -7.404531582121198
   0.48401874519669946
  -4.718531638837475
  -8.635472458466992

julia> myMAT_beta!(du,u,container,var,intermediate)
10201-element Array{Float64,1}:
   2.656593551650335
  -2.125199241096977
 -27.660077474685377
  -2.9594626694572965
   ⋮
  -7.404531582121198
   0.48401874519669946
  -4.718531638837475
  -8.635472458466992

10201-element Array{Float64,1}:
   2.656593551650335
  -2.125199241096977
 -27.660077474685377
  -2.9594626694572965
   ⋮
  -7.404531582121198
   0.48401874519669946
  -4.718531638837475
  -8.635472458466992

julia>
julia>

julia> du
10201-element Array{Float64,1}:
   2.656593551650335
  -2.125199241096977
 -27.660077474685377
  -2.9594626694572965
   ⋮
  -7.404531582121198
   0.48401874519669946
  -4.718531638837475
  -8.635472458466992

julia> Ap
ERROR: UndefVarError: Ap not defined

julia> Ap = myMAT_beta(du,u,container,var,intermediate)
ERROR: UndefVarError: myMAT_beta not defined
Stacktrace:
 [1] top-level scope at none:0

julia> Ap = myMAT_beta!(du,u,container,var,intermediate)
10201-element Array{Float64,1}:
   2.656593551650335
  -2.125199241096977
 -27.660077474685377
  -2.9594626694572965
   ⋮
  -7.404531582121198
   0.48401874519669946
  -4.718531638837475
  -8.635472458466992

julia> AP
ERROR: UndefVarError: AP not defined

julia> Ap
10201-element Array{Float64,1}:
   2.656593551650335
  -2.125199241096977
 -27.660077474685377
  -2.9594626694572965
   ⋮
julia> du
10201-element Array{Float64,1}:
   2.656593551650335
  -2.125199241096977
 -27.660077474685377
  -2.9594626694572965
   ⋮
  -7.404531582121198
   0.48401874519669946
  -4.718531638837475
  -8.635472458466992

julia> Ap == du
true

julia> @benchmark conjugate(myMAT_beta!,b,u,container,var,intermediate)
BenchmarkTools.Trial:
  memory estimate:  567.47 KiB
  allocs estimate:  93
  --------------
  minimum time:     314.100 μs (0.00% GC)
  median time:      335.200 μs (0.00% GC)
  mean time:        425.037 μs (6.64% GC)
  maximum time:     20.560 ms (0.00% GC)
  --------------
  samples:          10000
  evals/sample:     1

10201-element Array{Float64,1}:
  0.2695595486023571
 -0.28631054751532564
 -2.374398187819922
 -0.31285855884612984
  1.0772492678082806
  1.146157293022348
  0.41330077212018457
  ⋮
  0.9477917804376574
 -0.7793201511562984
 -0.5594421296889863
 -0.030016729541253742
 -0.39183371290776947
 -1.4634575662936937

julia> myMAT_beta!(du,p,container,var,intermediate)
ERROR: UndefVarError: p not defined
Stacktrace:
 [1] top-level scope at none:0

julia> b
10201-element Array{Float64,1}:
 -0.015707963267948967
  0.36125473057507934
  0.7221529463458931
  1.0823384843452453
  1.441455884932858
  1.7991507425911188
  2.155070055680545
  ⋮
 -1.7991507425911224
 -1.4414558849328623
 -1.0823384843452521
 -0.722152946345892
 -0.3612547305750801
  0.015707963267947562

julia> p = r
10201-element Array{Float64,1}:
 -0.015707963267948967
  0.36125473057507934
  0.7221529463458931
  1.0823384843452453
  1.441455884932858
  1.7991507425911188
  2.155070055680545
  ⋮
 -1.7991507425911224
 -1.4414558849328623
 -1.0823384843452521
 -0.722152946345892
 -0.3612547305750801
  0.015707963267947562

julia> r
10201-element Array{Float64,1}:
 -0.015707963267948967
  0.36125473057507934
  0.7221529463458931
  1.0823384843452453
  1.441455884932858
  1.7991507425911188
  2.155070055680545
  2.508862574809775
  2.860179149476317
  3.20867307263594
  3.554000422860665
  3.8958204037476976
  4.233795680244329
  4.567592711556907
  4.896882080315328
  ⋮
 -4.896882080315333
 -4.567592711556912
 -4.233795680244328
 -3.895820403747699
 -3.5540004228606676
 -3.2086730726359445
 -2.8601791494763233
 -2.5088625748097733
 -2.1550700556805458
 -1.7991507425911224
 -1.4414558849328623
 -1.0823384843452521
 -0.722152946345892
 -0.3612547305750801
  0.015707963267947562

julia> p .+ p
10201-element Array{Float64,1}:
 -0.031415926535897934
  0.7225094611501587
  1.4443058926917862
  2.1646769686904905
  2.882911769865716
  3.5983014851822377
  4.31014011136109
  5.01772514961955
  5.720358298952634
  6.41734614527188
  7.10800084572133
  7.791640807495395
  8.467591360488658
  9.135185423113814
  9.793764160630657
  ⋮
 -9.793764160630666
 -9.135185423113825
 -8.467591360488656
 -7.791640807495398
 -7.108000845721335
 -6.417346145271889
 -5.720358298952647
 -5.0177251496195465
 -4.3101401113610915
 -3.598301485182245
 -2.8829117698657245
 -2.1646769686905043
 -1.444305892691784
 -0.7225094611501602
  0.031415926535895124

julia> r
10201-element Array{Float64,1}:
 -0.015707963267948967
  0.36125473057507934
  0.7221529463458931
  1.0823384843452453
  1.441455884932858
  1.7991507425911188
  2.155070055680545
  2.508862574809775
  2.860179149476317
  3.20867307263594
  3.554000422860665
  3.8958204037476976
  4.233795680244329
  4.567592711556907
  4.896882080315328
  ⋮
 -4.896882080315333
 -4.567592711556912
 -4.233795680244328
 -3.895820403747699
 -3.5540004228606676
 -3.2086730726359445
 -2.8601791494763233
 -2.5088625748097733
 -2.1550700556805458
 -1.7991507425911224
 -1.4414558849328623
 -1.0823384843452521
 -0.722152946345892
 -0.3612547305750801
  0.015707963267947562

julia> p
10201-element Array{Float64,1}:
 -0.015707963267948967
  0.36125473057507934
  0.7221529463458931
  1.0823384843452453
  1.441455884932858
  1.7991507425911188
  2.155070055680545
  2.508862574809775
  2.860179149476317
  3.20867307263594
  3.554000422860665
  3.8958204037476976
  4.233795680244329
  4.567592711556907
  4.896882080315328
  ⋮
 -4.896882080315333
 -4.567592711556912
 -4.233795680244328
 -3.895820403747699
 -3.5540004228606676
 -3.2086730726359445
 -2.8601791494763233
 -2.5088625748097733
 -2.1550700556805458
 -1.7991507425911224
 -1.4414558849328623
 -1.0823384843452521
 -0.722152946345892
 -0.3612547305750801
  0.015707963267947562

julia> p .+ 1
10201-element Array{Float64,1}:
  0.984292036732051
  1.3612547305750793
  1.722152946345893
  2.0823384843452453
  2.441455884932858
  2.799150742591119
  3.155070055680545
  3.508862574809775
  3.860179149476317
  4.20867307263594
  4.554000422860665
  4.895820403747697
  5.233795680244329
  5.567592711556907
  5.896882080315328
  ⋮
 -3.896882080315333
 -3.5675927115569124
 -3.233795680244328
 -2.895820403747699
 -2.5540004228606676
 -2.2086730726359445
 -1.8601791494763233
 -1.5088625748097733
 -1.1550700556805458
 -0.7991507425911224
 -0.44145588493286225
 -0.08233848434525215
  0.36125473057507934
  0.7221529463458931
  1.0823384843452453
  1.441455884932858
  1.7991507425911188
  2.155070055680545
  2.508862574809775
  2.860179149476317
  3.20867307263594
  3.554000422860665
  3.8958204037476976
  4.233795680244329
  4.567592711556907
  4.896882080315328
  ⋮
 -4.896882080315333
 -4.567592711556912
 -4.233795680244328
 -3.895820403747699
 -3.5540004228606676
 -3.2086730726359445
 -2.8601791494763233
 -2.5088625748097733
 -2.1550700556805458
 -1.7991507425911224
 -1.4414558849328623
 -1.0823384843452521
 -0.722152946345892
 -0.3612547305750801
  0.015707963267947562

julia> p == r
true

julia> p
10201-element Array{Float64,1}:
 -0.015707963267948967
  0.36125473057507934
  0.7221529463458931
  1.0823384843452453
  1.441455884932858
  1.7991507425911188
  2.155070055680545
  2.508862574809775
  2.860179149476317
  3.20867307263594
  3.554000422860665
  3.8958204037476976
  4.233795680244329
  4.567592711556907
  4.896882080315328
  5.221338817668216
  5.540642723987942
  5.854478684868993
  6.1625369821078575
  ⋮
 -5.854478684868992
 -5.540642723987942
 -5.221338817668219
 -4.896882080315333
 -4.567592711556912
 -4.233795680244328
 -3.895820403747699
 -3.5540004228606676
 -3.2086730726359445
 -2.8601791494763233
 -2.5088625748097733
 -2.1550700556805458
 -1.7991507425911224
 -1.4414558849328623
 -1.0823384843452521
 -0.722152946345892
 -0.3612547305750801
  0.015707963267947562

julia> r
10201-element Array{Float64,1}:
 -0.015707963267948967
  0.36125473057507934
  0.7221529463458931
  1.0823384843452453
  1.441455884932858
  1.7991507425911188
  2.155070055680545
  2.508862574809775
  2.860179149476317
  3.20867307263594
  3.554000422860665
  3.8958204037476976
  4.233795680244329
  4.567592711556907
  4.896882080315328
  5.221338817668216
  5.540642723987942
  5.854478684868993
  6.1625369821078575
  ⋮
 -5.854478684868992
 -5.540642723987942
 -5.221338817668219
 -4.896882080315333
 -4.567592711556912
 -4.233795680244328
 -3.895820403747699
 -3.5540004228606676
 -3.2086730726359445
 -2.8601791494763233
 -2.5088625748097733
 -2.1550700556805458
 -1.7991507425911224
 -1.4414558849328623
 -1.0823384843452521
 -0.722152946345892
 -0.3612547305750801
  0.015707963267947562

julia> p += 1
ERROR: MethodError: no method matching +(::Array{Float64,1}, ::Int64)
Closest candidates are:
  +(::Any, ::Any, ::Any, ::Any...) at operators.jl:529
  +(::Complex{Bool}, ::Real) at complex.jl:293
  +(::Missing, ::Number) at missing.jl:94
  ...
Stacktrace:
 [1] top-level scope at none:0

julia> p .+= 1
10201-element Array{Float64,1}:
  0.984292036732051
  1.3612547305750793
  1.722152946345893
  2.0823384843452453
  2.441455884932858
  2.799150742591119
  3.155070055680545
  3.508862574809775
  3.860179149476317
  4.20867307263594
  4.554000422860665
  4.895820403747697
  5.233795680244329
  5.567592711556907
  5.896882080315328
  6.221338817668216
  6.540642723987942
  6.854478684868993
  7.1625369821078575
  ⋮
 -4.854478684868992
 -4.540642723987942
 -4.221338817668219
 -3.896882080315333
 -3.5675927115569124
 -3.233795680244328
 -2.895820403747699
 -2.5540004228606676
 -2.2086730726359445
 -1.8601791494763233
 -1.5088625748097733
 -1.1550700556805458
 -0.7991507425911224
 -0.44145588493286225
 -0.08233848434525215
  0.277847053654108
  0.6387452694249198
  1.0157079632679475

julia> p
10201-element Array{Float64,1}:
  0.984292036732051
  1.3612547305750793
  1.722152946345893
  2.0823384843452453
  2.441455884932858
  2.799150742591119
  3.155070055680545
  3.508862574809775
  3.860179149476317
  4.20867307263594
  4.554000422860665
  4.895820403747697
  5.233795680244329
  5.567592711556907
  5.896882080315328
  6.221338817668216
  6.540642723987942
  6.854478684868993
  7.1625369821078575
  ⋮
 -4.854478684868992
 -4.540642723987942
 -4.221338817668219
 -3.896882080315333
 -3.5675927115569124
 -3.233795680244328
 -2.895820403747699
 -2.5540004228606676
 -2.2086730726359445
 -1.8601791494763233
 -1.5088625748097733
 -1.1550700556805458
 -0.7991507425911224
 -0.44145588493286225
 -0.08233848434525215
  0.277847053654108
  0.6387452694249198
  1.0157079632679475

10201-element Array{Float64,1}:
  0.984292036732051
  1.722152946345893
  2.0823384843452453
  2.441455884932858
  2.799150742591119
  3.155070055680545
  3.508862574809775
  3.860179149476317
  4.20867307263594
  4.554000422860665
  4.895820403747697
  5.233795680244329
  5.567592711556907
  5.896882080315328
  6.221338817668216
  6.540642723987942
  6.854478684868993
  7.1625369821078575
  ⋮
 -4.854478684868992
 -4.540642723987942
 -4.221338817668219
 -3.896882080315333
 -3.5675927115569124
 -3.233795680244328
 -2.895820403747699
 -2.5540004228606676
 -2.2086730726359445
 -1.8601791494763233
 -1.5088625748097733
 -1.1550700556805458
 -0.7991507425911224
 -0.44145588493286225
 -0.08233848434525215
  0.277847053654108
  0.6387452694249198
  1.0157079632679475

julia>
julia>

julia>
julia> ^C

julia>
